Archive member included to satisfy reference by file (symbol)

/home/steadxp/st/stm32cubeide_1.3.0/plugins/com.st.stm32cube.ide.mcu.externaltools.gnu-tools-for-stm32.7-2018-q2-update.linux64_1.0.0.201904181610/tools/bin/../lib/gcc/arm-none-eabi/7.3.1/../../../../arm-none-eabi/lib/thumb/v7e-m/fpv4-sp/hard/libm.a(lib_a-s_fabs.o)
                              CMakeFiles/Controller.recovid_revB.elf.dir/src/breathing.c.obj (fabs)
/home/steadxp/st/stm32cubeide_1.3.0/plugins/com.st.stm32cube.ide.mcu.externaltools.gnu-tools-for-stm32.7-2018-q2-update.linux64_1.0.0.201904181610/tools/bin/../lib/gcc/arm-none-eabi/7.3.1/../../../../arm-none-eabi/lib/thumb/v7e-m/fpv4-sp/hard/libm.a(lib_a-s_round.o)
                              CMakeFiles/Controller.recovid_revB.elf.dir/src/breathing.c.obj (round)
/home/steadxp/st/stm32cubeide_1.3.0/plugins/com.st.stm32cube.ide.mcu.externaltools.gnu-tools-for-stm32.7-2018-q2-update.linux64_1.0.0.201904181610/tools/bin/../lib/gcc/arm-none-eabi/7.3.1/../../../../arm-none-eabi/lib/thumb/v7e-m/fpv4-sp/hard/libm.a(lib_a-sf_round.o)
                              CMakeFiles/Controller.recovid_revB.elf.dir/src/protocol.c.obj (roundf)
/home/steadxp/st/stm32cubeide_1.3.0/plugins/com.st.stm32cube.ide.mcu.externaltools.gnu-tools-for-stm32.7-2018-q2-update.linux64_1.0.0.201904181610/tools/bin/../lib/gcc/arm-none-eabi/7.3.1/../../../../arm-none-eabi/lib/thumb/v7e-m/fpv4-sp/hard/libm.a(lib_a-w_pow.o)
                              CMakeFiles/Controller.recovid_revB.elf.dir/src/controller.c.obj (pow)
/home/steadxp/st/stm32cubeide_1.3.0/plugins/com.st.stm32cube.ide.mcu.externaltools.gnu-tools-for-stm32.7-2018-q2-update.linux64_1.0.0.201904181610/tools/bin/../lib/gcc/arm-none-eabi/7.3.1/../../../../arm-none-eabi/lib/thumb/v7e-m/fpv4-sp/hard/libm.a(lib_a-wf_sqrt.o)
                              CMakeFiles/Controller.recovid_revB.elf.dir/src/controller.c.obj (sqrtf)
/home/steadxp/st/stm32cubeide_1.3.0/plugins/com.st.stm32cube.ide.mcu.externaltools.gnu-tools-for-stm32.7-2018-q2-update.linux64_1.0.0.201904181610/tools/bin/../lib/gcc/arm-none-eabi/7.3.1/../../../../arm-none-eabi/lib/thumb/v7e-m/fpv4-sp/hard/libm.a(lib_a-e_pow.o)
                              /home/steadxp/st/stm32cubeide_1.3.0/plugins/com.st.stm32cube.ide.mcu.externaltools.gnu-tools-for-stm32.7-2018-q2-update.linux64_1.0.0.201904181610/tools/bin/../lib/gcc/arm-none-eabi/7.3.1/../../../../arm-none-eabi/lib/thumb/v7e-m/fpv4-sp/hard/libm.a(lib_a-w_pow.o) (__ieee754_pow)
/home/steadxp/st/stm32cubeide_1.3.0/plugins/com.st.stm32cube.ide.mcu.externaltools.gnu-tools-for-stm32.7-2018-q2-update.linux64_1.0.0.201904181610/tools/bin/../lib/gcc/arm-none-eabi/7.3.1/../../../../arm-none-eabi/lib/thumb/v7e-m/fpv4-sp/hard/libm.a(lib_a-e_sqrt.o)
                              /home/steadxp/st/stm32cubeide_1.3.0/plugins/com.st.stm32cube.ide.mcu.externaltools.gnu-tools-for-stm32.7-2018-q2-update.linux64_1.0.0.201904181610/tools/bin/../lib/gcc/arm-none-eabi/7.3.1/../../../../arm-none-eabi/lib/thumb/v7e-m/fpv4-sp/hard/libm.a(lib_a-e_pow.o) (__ieee754_sqrt)
/home/steadxp/st/stm32cubeide_1.3.0/plugins/com.st.stm32cube.ide.mcu.externaltools.gnu-tools-for-stm32.7-2018-q2-update.linux64_1.0.0.201904181610/tools/bin/../lib/gcc/arm-none-eabi/7.3.1/../../../../arm-none-eabi/lib/thumb/v7e-m/fpv4-sp/hard/libm.a(lib_a-ef_sqrt.o)
                              /home/steadxp/st/stm32cubeide_1.3.0/plugins/com.st.stm32cube.ide.mcu.externaltools.gnu-tools-for-stm32.7-2018-q2-update.linux64_1.0.0.201904181610/tools/bin/../lib/gcc/arm-none-eabi/7.3.1/../../../../arm-none-eabi/lib/thumb/v7e-m/fpv4-sp/hard/libm.a(lib_a-wf_sqrt.o) (__ieee754_sqrtf)
/home/steadxp/st/stm32cubeide_1.3.0/plugins/com.st.stm32cube.ide.mcu.externaltools.gnu-tools-for-stm32.7-2018-q2-update.linux64_1.0.0.201904181610/tools/bin/../lib/gcc/arm-none-eabi/7.3.1/../../../../arm-none-eabi/lib/thumb/v7e-m/fpv4-sp/hard/libm.a(lib_a-s_finite.o)
                              /home/steadxp/st/stm32cubeide_1.3.0/plugins/com.st.stm32cube.ide.mcu.externaltools.gnu-tools-for-stm32.7-2018-q2-update.linux64_1.0.0.201904181610/tools/bin/../lib/gcc/arm-none-eabi/7.3.1/../../../../arm-none-eabi/lib/thumb/v7e-m/fpv4-sp/hard/libm.a(lib_a-w_pow.o) (finite)
/home/steadxp/st/stm32cubeide_1.3.0/plugins/com.st.stm32cube.ide.mcu.externaltools.gnu-tools-for-stm32.7-2018-q2-update.linux64_1.0.0.201904181610/tools/bin/../lib/gcc/arm-none-eabi/7.3.1/../../../../arm-none-eabi/lib/thumb/v7e-m/fpv4-sp/hard/libm.a(lib_a-s_lib_ver.o)
                              /home/steadxp/st/stm32cubeide_1.3.0/plugins/com.st.stm32cube.ide.mcu.externaltools.gnu-tools-for-stm32.7-2018-q2-update.linux64_1.0.0.201904181610/tools/bin/../lib/gcc/arm-none-eabi/7.3.1/../../../../arm-none-eabi/lib/thumb/v7e-m/fpv4-sp/hard/libm.a(lib_a-w_pow.o) (__fdlib_version)
[...]
Memory Configuration

Name             Origin             Length             Attributes
CCMRAM           0x0000000010000000 0x0000000000004000 xrw
RAM              0x0000000020000000 0x0000000000010000 xrw
FLASH            0x0000000008000000 0x0000000000080000 xr
*default*        0x0000000000000000 0xffffffffffffffff

Linker script and memory map

LOAD /home/steadxp/st/stm32cubeide_1.3.0/plugins/com.st.stm32cube.ide.mcu.externaltools.gnu-tools-for-stm32.7-2018-q2-update.linux64_1.0.0.201904181610/tools/bin/../lib/gcc/arm-none-eabi/7.3.1/thumb/v7e-m/fpv4-sp/hard/crtfastmath.o
LOAD /home/steadxp/st/stm32cubeide_1.3.0/plugins/com.st.stm32cube.ide.mcu.externaltools.gnu-tools-for-stm32.7-2018-q2-update.linux64_1.0.0.201904181610/tools/bin/../lib/gcc/arm-none-eabi/7.3.1/thumb/v7e-m/fpv4-sp/hard/crti.o
LOAD /home/steadxp/st/stm32cubeide_1.3.0/plugins/com.st.stm32cube.ide.mcu.externaltools.gnu-tools-for-stm32.7-2018-q2-update.linux64_1.0.0.201904181610/tools/bin/../lib/gcc/arm-none-eabi/7.3.1/thumb/v7e-m/fpv4-sp/hard/crtbegin.o
LOAD /home/steadxp/st/stm32cubeide_1.3.0/plugins/com.st.stm32cube.ide.mcu.externaltools.gnu-tools-for-stm32.7-2018-q2-update.linux64_1.0.0.201904181610/tools/bin/../lib/gcc/arm-none-eabi/7.3.1/../../../../arm-none-eabi/lib/thumb/v7e-m/fpv4-sp/hard/crt0.o
LOAD CMakeFiles/Controller.recovid_revB.elf.dir/src/controller.c.obj
LOAD CMakeFiles/Controller.recovid_revB.elf.dir/src/monitoring.c.obj
LOAD CMakeFiles/Controller.recovid_revB.elf.dir/src/breathing.c.obj
LOAD CMakeFiles/Controller.recovid_revB.elf.dir/src/hmi.c.obj
LOAD CMakeFiles/Controller.recovid_revB.elf.dir/src/protocol.c.obj
LOAD CMakeFiles/Controller.recovid_revB.elf.dir/src/compute_motor.c.obj
LOAD platforms/recovid_revB/CMakeFiles/recovid_revB.dir/startup_stm32f303retx.s.obj
LOAD platforms/recovid_revB/CMakeFiles/recovid_revB.dir/system_stm32f3xx.c.obj
LOAD platforms/recovid_revB/CMakeFiles/recovid_revB.dir/syscalls.c.obj
LOAD platforms/recovid_revB/CMakeFiles/recovid_revB.dir/sysmem.c.obj
LOAD platforms/recovid_revB/CMakeFiles/recovid_revB.dir/recovid_revB.c.obj
LOAD platforms/recovid_revB/CMakeFiles/recovid_revB.dir/recovid_revB_hal_msp_tick.c.obj
LOAD platforms/recovid_revB/CMakeFiles/recovid_revB.dir/recovid_revB_hal_msp.c.obj
LOAD platforms/recovid_revB/CMakeFiles/recovid_revB.dir/recovid_revB_hal_it.c.obj
LOAD platforms/recovid_revB/CMakeFiles/recovid_revB.dir/time.c.obj
LOAD platforms/recovid_revB/CMakeFiles/recovid_revB.dir/uart.c.obj
LOAD platforms/recovid_revB/CMakeFiles/recovid_revB.dir/motor.c.obj
LOAD platforms/recovid_revB/CMakeFiles/recovid_revB.dir/motor_pep.c.obj
LOAD platforms/recovid_revB/CMakeFiles/recovid_revB.dir/sensors.c.obj
LOAD platforms/recovid_revB/CMakeFiles/recovid_revB.dir/indicators.c.obj
LOAD platforms/recovid_revB/CMakeFiles/recovid_revB.dir/pep_valve.c.obj
LOAD platforms/recovid_revB/CMakeFiles/recovid_revB.dir/gpio.c.obj
LOAD platforms/recovid_revB/CMakeFiles/recovid_revB.dir/bmp280.c.obj
LOAD platforms/recovid_revB/HAL/CMakeFiles/hal.dir/STM32F3xx_HAL_Driver/Src/stm32f3xx_hal_cortex.c.obj
LOAD platforms/recovid_revB/HAL/CMakeFiles/hal.dir/STM32F3xx_HAL_Driver/Src/stm32f3xx_hal_dma.c.obj
LOAD platforms/recovid_revB/HAL/CMakeFiles/hal.dir/STM32F3xx_HAL_Driver/Src/stm32f3xx_hal_exti.c.obj
LOAD platforms/recovid_revB/HAL/CMakeFiles/hal.dir/STM32F3xx_HAL_Driver/Src/stm32f3xx_hal_flash_ex.c.obj
LOAD platforms/recovid_revB/HAL/CMakeFiles/hal.dir/STM32F3xx_HAL_Driver/Src/stm32f3xx_hal_flash.c.obj
LOAD platforms/recovid_revB/HAL/CMakeFiles/hal.dir/STM32F3xx_HAL_Driver/Src/stm32f3xx_hal_gpio.c.obj
LOAD platforms/recovid_revB/HAL/CMakeFiles/hal.dir/STM32F3xx_HAL_Driver/Src/stm32f3xx_hal_i2c_ex.c.obj
LOAD platforms/recovid_revB/HAL/CMakeFiles/hal.dir/STM32F3xx_HAL_Driver/Src/stm32f3xx_hal_i2c.c.obj
LOAD platforms/recovid_revB/HAL/CMakeFiles/hal.dir/STM32F3xx_HAL_Driver/Src/stm32f3xx_hal_pwr_ex.c.obj
LOAD platforms/recovid_revB/HAL/CMakeFiles/hal.dir/STM32F3xx_HAL_Driver/Src/stm32f3xx_hal_pwr.c.obj
LOAD platforms/recovid_revB/HAL/CMakeFiles/hal.dir/STM32F3xx_HAL_Driver/Src/stm32f3xx_hal_rcc_ex.c.obj
LOAD platforms/recovid_revB/HAL/CMakeFiles/hal.dir/STM32F3xx_HAL_Driver/Src/stm32f3xx_hal_rcc.c.obj
LOAD platforms/recovid_revB/HAL/CMakeFiles/hal.dir/STM32F3xx_HAL_Driver/Src/stm32f3xx_hal_tim_ex.c.obj
LOAD platforms/recovid_revB/HAL/CMakeFiles/hal.dir/STM32F3xx_HAL_Driver/Src/stm32f3xx_hal_tim.c.obj
LOAD platforms/recovid_revB/HAL/CMakeFiles/hal.dir/STM32F3xx_HAL_Driver/Src/stm32f3xx_hal_uart_ex.c.obj
LOAD platforms/recovid_revB/HAL/CMakeFiles/hal.dir/STM32F3xx_HAL_Driver/Src/stm32f3xx_hal_uart.c.obj
LOAD platforms/recovid_revB/HAL/CMakeFiles/hal.dir/STM32F3xx_HAL_Driver/Src/stm32f3xx_hal.c.obj
LOAD platforms/recovid_revB/HAL/CMakeFiles/hal.dir/STM32F3xx_HAL_Driver/Src/stm32f3xx_ll_adc.c.obj
LOAD platforms/recovid_revB/HAL/CMakeFiles/hal.dir/STM32F3xx_HAL_Driver/Src/stm32f3xx_ll_comp.c.obj
LOAD platforms/recovid_revB/HAL/CMakeFiles/hal.dir/STM32F3xx_HAL_Driver/Src/stm32f3xx_ll_crc.c.obj
LOAD platforms/recovid_revB/HAL/CMakeFiles/hal.dir/STM32F3xx_HAL_Driver/Src/stm32f3xx_ll_dac.c.obj
LOAD platforms/recovid_revB/HAL/CMakeFiles/hal.dir/STM32F3xx_HAL_Driver/Src/stm32f3xx_ll_dma.c.obj
LOAD platforms/recovid_revB/HAL/CMakeFiles/hal.dir/STM32F3xx_HAL_Driver/Src/stm32f3xx_ll_exti.c.obj
LOAD platforms/recovid_revB/HAL/CMakeFiles/hal.dir/STM32F3xx_HAL_Driver/Src/stm32f3xx_ll_fmc.c.obj
LOAD platforms/recovid_revB/HAL/CMakeFiles/hal.dir/STM32F3xx_HAL_Driver/Src/stm32f3xx_ll_gpio.c.obj
LOAD platforms/recovid_revB/HAL/CMakeFiles/hal.dir/STM32F3xx_HAL_Driver/Src/stm32f3xx_ll_hrtim.c.obj
LOAD platforms/recovid_revB/HAL/CMakeFiles/hal.dir/STM32F3xx_HAL_Driver/Src/stm32f3xx_ll_i2c.c.obj
LOAD platforms/recovid_revB/HAL/CMakeFiles/hal.dir/STM32F3xx_HAL_Driver/Src/stm32f3xx_ll_opamp.c.obj
LOAD platforms/recovid_revB/HAL/CMakeFiles/hal.dir/STM32F3xx_HAL_Driver/Src/stm32f3xx_ll_pwr.c.obj
LOAD platforms/recovid_revB/HAL/CMakeFiles/hal.dir/STM32F3xx_HAL_Driver/Src/stm32f3xx_ll_rcc.c.obj
LOAD platforms/recovid_revB/HAL/CMakeFiles/hal.dir/STM32F3xx_HAL_Driver/Src/stm32f3xx_ll_rtc.c.obj
LOAD platforms/recovid_revB/HAL/CMakeFiles/hal.dir/STM32F3xx_HAL_Driver/Src/stm32f3xx_ll_spi.c.obj
LOAD platforms/recovid_revB/HAL/CMakeFiles/hal.dir/STM32F3xx_HAL_Driver/Src/stm32f3xx_ll_tim.c.obj
LOAD platforms/recovid_revB/HAL/CMakeFiles/hal.dir/STM32F3xx_HAL_Driver/Src/stm32f3xx_ll_usart.c.obj
LOAD platforms/recovid_revB/HAL/CMakeFiles/hal.dir/STM32F3xx_HAL_Driver/Src/stm32f3xx_ll_usb.c.obj
LOAD platforms/recovid_revB/HAL/CMakeFiles/hal.dir/STM32F3xx_HAL_Driver/Src/stm32f3xx_ll_utils.c.obj
LOAD platforms/recovid_revB/FreeRTOS/CMakeFiles/freertos.dir/Source/CMSIS_RTOS_V2/cmsis_os2.c.obj
LOAD platforms/recovid_revB/FreeRTOS/CMakeFiles/freertos.dir/Source/timers.c.obj
LOAD platforms/recovid_revB/FreeRTOS/CMakeFiles/freertos.dir/Source/queue.c.obj
LOAD platforms/recovid_revB/FreeRTOS/CMakeFiles/freertos.dir/Source/tasks.c.obj
LOAD platforms/recovid_revB/FreeRTOS/CMakeFiles/freertos.dir/Source/croutine.c.obj
LOAD platforms/recovid_revB/FreeRTOS/CMakeFiles/freertos.dir/Source/event_groups.c.obj
LOAD platforms/recovid_revB/FreeRTOS/CMakeFiles/freertos.dir/Source/list.c.obj
LOAD platforms/recovid_revB/FreeRTOS/CMakeFiles/freertos.dir/Source/portable/MemMang/heap_4.c.obj
LOAD platforms/recovid_revB/FreeRTOS/CMakeFiles/freertos.dir/Source/portable/GCC/ARM_CM4F/port.c.obj
LOAD /home/steadxp/st/stm32cubeide_1.3.0/plugins/com.st.stm32cube.ide.mcu.externaltools.gnu-tools-for-stm32.7-2018-q2-update.linux64_1.0.0.201904181610/tools/bin/../lib/gcc/arm-none-eabi/7.3.1/../../../../arm-none-eabi/lib/thumb/v7e-m/fpv4-sp/hard/libm.a
START GROUP
LOAD /home/steadxp/st/stm32cubeide_1.3.0/plugins/com.st.stm32cube.ide.mcu.externaltools.gnu-tools-for-stm32.7-2018-q2-update.linux64_1.0.0.201904181610/tools/bin/../lib/gcc/arm-none-eabi/7.3.1/thumb/v7e-m/fpv4-sp/hard/libgcc.a
LOAD /home/steadxp/st/stm32cubeide_1.3.0/plugins/com.st.stm32cube.ide.mcu.externaltools.gnu-tools-for-stm32.7-2018-q2-update.linux64_1.0.0.201904181610/tools/bin/../lib/gcc/arm-none-eabi/7.3.1/../../../../arm-none-eabi/lib/thumb/v7e-m/fpv4-sp/hard/libg_nano.a
LOAD /home/steadxp/st/stm32cubeide_1.3.0/plugins/com.st.stm32cube.ide.mcu.externaltools.gnu-tools-for-stm32.7-2018-q2-update.linux64_1.0.0.201904181610/tools/bin/../lib/gcc/arm-none-eabi/7.3.1/../../../../arm-none-eabi/lib/thumb/v7e-m/fpv4-sp/hard/libc_nano.a
END GROUP
START GROUP
LOAD /home/steadxp/st/stm32cubeide_1.3.0/plugins/com.st.stm32cube.ide.mcu.externaltools.gnu-tools-for-stm32.7-2018-q2-update.linux64_1.0.0.201904181610/tools/bin/../lib/gcc/arm-none-eabi/7.3.1/thumb/v7e-m/fpv4-sp/hard/libgcc.a
LOAD /home/steadxp/st/stm32cubeide_1.3.0/plugins/com.st.stm32cube.ide.mcu.externaltools.gnu-tools-for-stm32.7-2018-q2-update.linux64_1.0.0.201904181610/tools/bin/../lib/gcc/arm-none-eabi/7.3.1/../../../../arm-none-eabi/lib/thumb/v7e-m/fpv4-sp/hard/libc_nano.a
END GROUP
LOAD /home/steadxp/st/stm32cubeide_1.3.0/plugins/com.st.stm32cube.ide.mcu.externaltools.gnu-tools-for-stm32.7-2018-q2-update.linux64_1.0.0.201904181610/tools/bin/../lib/gcc/arm-none-eabi/7.3.1/thumb/v7e-m/fpv4-sp/hard/crtend.o
LOAD /home/steadxp/st/stm32cubeide_1.3.0/plugins/com.st.stm32cube.ide.mcu.externaltools.gnu-tools-for-stm32.7-2018-q2-update.linux64_1.0.0.201904181610/tools/bin/../lib/gcc/arm-none-eabi/7.3.1/thumb/v7e-m/fpv4-sp/hard/crtn.o
                0x0000000020010000                _estack = (ORIGIN (RAM) + LENGTH (RAM))
                0x0000000000000200                _Min_Heap_Size = 0x200
                0x0000000000000400                _Min_Stack_Size = 0x400

.isr_vector     0x0000000008000000      0x194
                0x0000000008000000                . = ALIGN (0x4)
 *(.isr_vector)
 .isr_vector    0x0000000008000000      0x194 platforms/recovid_revB/CMakeFiles/recovid_revB.dir/startup_stm32f303retx.s.obj
                0x0000000008000000                g_pfnVectors
                0x0000000008000194                . = ALIGN (0x4)

.text           0x00000000080001a0     0xbdac
                0x00000000080001a0                . = ALIGN (0x4)
 *(.text)
 .text          0x00000000080001a0       0x40 /home/steadxp/st/stm32cubeide_1.3.0/plugins/com.st.stm32cube.ide.mcu.externaltools.gnu-tools-for-stm32.7-2018-q2-update.linux64_1.0.0.201904181610/tools/bin/../lib/gcc/arm-none-eabi/7.3.1/thumb/v7e-m/fpv4-sp/hard/crtbegin.o
 .text          0x00000000080001e0      0x378 /home/steadxp/st/stm32cubeide_1.3.0/plugins/com.st.stm32cube.ide.mcu.externaltools.gnu-tools-for-stm32.7-2018-q2-update.linux64_1.0.0.201904181610/tools/bin/../lib/gcc/arm-none-eabi/7.3.1/thumb/v7e-m/fpv4-sp/hard/libgcc.a(_arm_addsubdf3.o)
                0x00000000080001e0                __aeabi_drsub
                0x00000000080001e8                __aeabi_dsub
                0x00000000080001e8                __subdf3
                0x00000000080001ec                __adddf3
                0x00000000080001ec                __aeabi_dadd
                0x0000000008000464                __aeabi_ui2d
                0x0000000008000464                __floatunsidf
                0x0000000008000484                __floatsidf
                0x0000000008000484                __aeabi_i2d
                0x00000000080004a8                __extendsfdf2
                0x00000000080004a8                __aeabi_f2d
                0x00000000080004ec                __aeabi_ul2d
                0x00000000080004ec                __floatundidf
                0x00000000080004fc                __floatdidf
                0x00000000080004fc                __aeabi_l2d
 .text          0x0000000008000558      0x424 /home/steadxp/st/stm32cubeide_1.3.0/plugins/com.st.stm32cube.ide.mcu.externaltools.gnu-tools-for-stm32.7-2018-q2-update.linux64_1.0.0.201904181610/tools/bin/../lib/gcc/arm-none-eabi/7.3.1/thumb/v7e-m/fpv4-sp/hard/libgcc.a(_arm_muldivdf3.o)
                0x0000000008000558                __aeabi_dmul
                0x0000000008000558                __muldf3
                0x00000000080007ac                __aeabi_ddiv
                0x00000000080007ac                __divdf3
 .text          0x000000000800097c       0x50 /home/steadxp/st/stm32cubeide_1.3.0/plugins/com.st.stm32cube.ide.mcu.externaltools.gnu-tools-for-stm32.7-2018-q2-update.linux64_1.0.0.201904181610/tools/bin/../lib/gcc/arm-none-eabi/7.3.1/thumb/v7e-m/fpv4-sp/hard/libgcc.a(_arm_fixdfsi.o)
                0x000000000800097c                __fixdfsi
                0x000000000800097c                __aeabi_d2iz
 .text          0x00000000080009cc       0x40 /home/steadxp/st/stm32cubeide_1.3.0/plugins/com.st.stm32cube.ide.mcu.externaltools.gnu-tools-for-stm32.7-2018-q2-update.linux64_1.0.0.201904181610/tools/bin/../lib/gcc/arm-none-eabi/7.3.1/thumb/v7e-m/fpv4-sp/hard/libgcc.a(_arm_fixunsdfsi.o)
                0x00000000080009cc                __fixunsdfsi
                0x00000000080009cc                __aeabi_d2uiz
 .text          0x0000000008000a0c       0xa0 /home/steadxp/st/stm32cubeide_1.3.0/plugins/com.st.stm32cube.ide.mcu.externaltools.gnu-tools-for-stm32.7-2018-q2-update.linux64_1.0.0.201904181610/tools/bin/../lib/gcc/arm-none-eabi/7.3.1/thumb/v7e-m/fpv4-sp/hard/libgcc.a(_arm_truncdfsf2.o)
                0x0000000008000a0c                __aeabi_d2f
                0x0000000008000a0c                __truncdfsf2
 .text          0x0000000008000aac      0x21c /home/steadxp/st/stm32cubeide_1.3.0/plugins/com.st.stm32cube.ide.mcu.externaltools.gnu-tools-for-stm32.7-2018-q2-update.linux64_1.0.0.201904181610/tools/bin/../lib/gcc/arm-none-eabi/7.3.1/thumb/v7e-m/fpv4-sp/hard/libgcc.a(_arm_addsubsf3.o)
                0x0000000008000aac                __aeabi_frsub
                0x0000000008000ab4                __subsf3
                0x0000000008000ab4                __aeabi_fsub
                0x0000000008000ab8                __aeabi_fadd
                0x0000000008000ab8                __addsf3
                0x0000000008000c18                __aeabi_ui2f
                0x0000000008000c18                __floatunsisf
                0x0000000008000c20                __aeabi_i2f
                0x0000000008000c20                __floatsisf
                0x0000000008000c3c                __floatundisf
                0x0000000008000c3c                __aeabi_ul2f
                0x0000000008000c4c                __floatdisf
                0x0000000008000c4c                __aeabi_l2f
 .text          0x0000000008000cc8       0xa0 /home/steadxp/st/stm32cubeide_1.3.0/plugins/com.st.stm32cube.ide.mcu.externaltools.gnu-tools-for-stm32.7-2018-q2-update.linux64_1.0.0.201904181610/tools/bin/../lib/gcc/arm-none-eabi/7.3.1/thumb/v7e-m/fpv4-sp/hard/libgcc.a(_aeabi_ldivmod.o)
                0x0000000008000cc8                __aeabi_ldivmod
 .text          0x0000000008000d68       0x30 /home/steadxp/st/stm32cubeide_1.3.0/plugins/com.st.stm32cube.ide.mcu.externaltools.gnu-tools-for-stm32.7-2018-q2-update.linux64_1.0.0.201904181610/tools/bin/../lib/gcc/arm-none-eabi/7.3.1/thumb/v7e-m/fpv4-sp/hard/libgcc.a(_aeabi_uldivmod.o)
                0x0000000008000d68                __aeabi_uldivmod
 .text          0x0000000008000d98      0x2cc /home/steadxp/st/stm32cubeide_1.3.0/plugins/com.st.stm32cube.ide.mcu.externaltools.gnu-tools-for-stm32.7-2018-q2-update.linux64_1.0.0.201904181610/tools/bin/../lib/gcc/arm-none-eabi/7.3.1/thumb/v7e-m/fpv4-sp/hard/libgcc.a(_udivmoddi4.o)
                0x0000000008000d98                __udivmoddi4
 .text          0x0000000008001064        0x4 /home/steadxp/st/stm32cubeide_1.3.0/plugins/com.st.stm32cube.ide.mcu.externaltools.gnu-tools-for-stm32.7-2018-q2-update.linux64_1.0.0.201904181610/tools/bin/../lib/gcc/arm-none-eabi/7.3.1/thumb/v7e-m/fpv4-sp/hard/libgcc.a(_dvmd_tls.o)
                0x0000000008001064                __aeabi_ldiv0
                0x0000000008001064                __aeabi_idiv0
 .text          0x0000000008001068       0x10 /home/steadxp/st/stm32cubeide_1.3.0/plugins/com.st.stm32cube.ide.mcu.externaltools.gnu-tools-for-stm32.7-2018-q2-update.linux64_1.0.0.201904181610/tools/bin/../lib/gcc/arm-none-eabi/7.3.1/../../../../arm-none-eabi/lib/thumb/v7e-m/fpv4-sp/hard/libg_nano.a(lib_a-strlen.o)
                0x0000000008001068                strlen
 *fill*         0x0000000008001078        0x8 
 .text          0x0000000008001080       0xa0 /home/steadxp/st/stm32cubeide_1.3.0/plugins/com.st.stm32cube.ide.mcu.externaltools.gnu-tools-for-stm32.7-2018-q2-update.linux64_1.0.0.201904181610/tools/bin/../lib/gcc/arm-none-eabi/7.3.1/../../../../arm-none-eabi/lib/thumb/v7e-m/fpv4-sp/hard/libg_nano.a(lib_a-memchr.o)
                0x0000000008001080                memchr
 *(.text*)
 .text.startup  0x0000000008001120       0x10 /home/steadxp/st/stm32cubeide_1.3.0/plugins/com.st.stm32cube.ide.mcu.externaltools.gnu-tools-for-stm32.7-2018-q2-update.linux64_1.0.0.201904181610/tools/bin/../lib/gcc/arm-none-eabi/7.3.1/thumb/v7e-m/fpv4-sp/hard/crtfastmath.o
 .text.controller_main
                0x0000000008001130       0xe8 CMakeFiles/Controller.recovid_revB.elf.dir/src/controller.c.obj
                0x0000000008001130                controller_main
 .text.check    0x0000000008001218       0x1c CMakeFiles/Controller.recovid_revB.elf.dir/src/controller.c.obj
                0x0000000008001218                check
 .text.controller_run
                0x0000000008001234      0x3c8 CMakeFiles/Controller.recovid_revB.elf.dir/src/controller.c.obj
                0x0000000008001234                controller_run
 .text.set_setting_EoI_ratio_x10
                0x00000000080015fc       0x80 CMakeFiles/Controller.recovid_revB.elf.dir/src/controller.c.obj
                0x00000000080015fc                set_setting_EoI_ratio_x10
 .text.set_setting_PEP_cmH2O
                0x000000000800167c       0x1c CMakeFiles/Controller.recovid_revB.elf.dir/src/controller.c.obj
                0x000000000800167c                set_setting_PEP_cmH2O
 .text.set_setting_Pmax_cmH2O
                0x0000000008001698       0x1c CMakeFiles/Controller.recovid_revB.elf.dir/src/controller.c.obj
                0x0000000008001698                set_setting_Pmax_cmH2O
 .text.set_setting_Pmin_cmH2O
                0x00000000080016b4       0x1c CMakeFiles/Controller.recovid_revB.elf.dir/src/controller.c.obj
                0x00000000080016b4                set_setting_Pmin_cmH2O
 .text.set_setting_VTmin_mL
                0x00000000080016d0       0x1c CMakeFiles/Controller.recovid_revB.elf.dir/src/controller.c.obj
                0x00000000080016d0                set_setting_VTmin_mL
 .text.set_setting_VTmax_mL
                0x00000000080016ec       0x1c CMakeFiles/Controller.recovid_revB.elf.dir/src/controller.c.obj
                0x00000000080016ec                set_setting_VTmax_mL
 .text.set_setting_FRmin_pm
                0x0000000008001708       0x1c CMakeFiles/Controller.recovid_revB.elf.dir/src/controller.c.obj
                0x0000000008001708                set_setting_FRmin_pm
 .text.set_setting_VMmin_Lpm
                0x0000000008001724       0x1c CMakeFiles/Controller.recovid_revB.elf.dir/src/controller.c.obj
                0x0000000008001724                set_setting_VMmin_Lpm
 .text.get_setting_FR_pm
                0x0000000008001740       0x14 CMakeFiles/Controller.recovid_revB.elf.dir/src/controller.c.obj
                0x0000000008001740                get_setting_FR_pm
 .text.get_setting_VT_mL
                0x0000000008001754       0x14 CMakeFiles/Controller.recovid_revB.elf.dir/src/controller.c.obj
                0x0000000008001754                get_setting_VT_mL
 .text.get_setting_Vmax_Lpm
                0x0000000008001768       0x14 CMakeFiles/Controller.recovid_revB.elf.dir/src/controller.c.obj
                0x0000000008001768                get_setting_Vmax_Lpm
 .text.get_setting_EoI_ratio
                0x000000000800177c       0x20 CMakeFiles/Controller.recovid_revB.elf.dir/src/controller.c.obj
                0x000000000800177c                get_setting_EoI_ratio
 .text.set_setting_FR_pm
                0x000000000800179c       0x68 CMakeFiles/Controller.recovid_revB.elf.dir/src/controller.c.obj
                0x000000000800179c                set_setting_FR_pm
 .text.get_setting_Tinspi_ms
                0x0000000008001804       0x6c CMakeFiles/Controller.recovid_revB.elf.dir/src/controller.c.obj
 .text.set_setting_VT_mL
                0x0000000008001870       0x68 CMakeFiles/Controller.recovid_revB.elf.dir/src/controller.c.obj
                0x0000000008001870                set_setting_VT_mL
 .text.set_setting_Vmax_Lpm
                0x00000000080018d8       0x68 CMakeFiles/Controller.recovid_revB.elf.dir/src/controller.c.obj
                0x00000000080018d8                set_setting_Vmax_Lpm
 .text.get_setting_PEP_cmH2O
                0x0000000008001940       0x14 CMakeFiles/Controller.recovid_revB.elf.dir/src/controller.c.obj
                0x0000000008001940                get_setting_PEP_cmH2O
 .text.get_setting_Pmax_cmH2O
                0x0000000008001954       0x14 CMakeFiles/Controller.recovid_revB.elf.dir/src/controller.c.obj
                0x0000000008001954                get_setting_Pmax_cmH2O
 .text.get_setting_Pmin_cmH2O
                0x0000000008001968       0x14 CMakeFiles/Controller.recovid_revB.elf.dir/src/controller.c.obj
                0x0000000008001968                get_setting_Pmin_cmH2O
 .text.get_setting_VTmin_mL
                0x000000000800197c       0x14 CMakeFiles/Controller.recovid_revB.elf.dir/src/controller.c.obj
                0x000000000800197c                get_setting_VTmin_mL
 .text.get_setting_VTmax_mL
                0x0000000008001990       0x14 CMakeFiles/Controller.recovid_revB.elf.dir/src/controller.c.obj
                0x0000000008001990                get_setting_VTmax_mL
 .text.get_setting_FRmin_pm
                0x00000000080019a4       0x14 CMakeFiles/Controller.recovid_revB.elf.dir/src/controller.c.obj
                0x00000000080019a4                get_setting_FRmin_pm
 .text.get_setting_VMmin_Lm
                0x00000000080019b8       0x14 CMakeFiles/Controller.recovid_revB.elf.dir/src/controller.c.obj
                0x00000000080019b8                get_setting_VMmin_Lm
 .text.set_command_Tpins_ms
                0x00000000080019cc       0x24 CMakeFiles/Controller.recovid_revB.elf.dir/src/controller.c.obj
                0x00000000080019cc                set_command_Tpins_ms
 .text.set_command_Tpexp_ms
                0x00000000080019f0       0x24 CMakeFiles/Controller.recovid_revB.elf.dir/src/controller.c.obj
                0x00000000080019f0                set_command_Tpexp_ms
 .text.set_command_Tpbip_ms
                0x0000000008001a14       0x24 CMakeFiles/Controller.recovid_revB.elf.dir/src/controller.c.obj
                0x0000000008001a14                set_command_Tpbip_ms
 .text.set_command_soft_reset
                0x0000000008001a38        0x2 CMakeFiles/Controller.recovid_revB.elf.dir/src/controller.c.obj
                0x0000000008001a38                set_command_soft_reset
 *fill*         0x0000000008001a3a        0x2 
 .text.monitoring_run
                0x0000000008001a3c       0x40 CMakeFiles/Controller.recovid_revB.elf.dir/src/monitoring.c.obj
                0x0000000008001a3c                monitoring_run
 .text.enter_state
                0x0000000008001a7c       0x50 CMakeFiles/Controller.recovid_revB.elf.dir/src/breathing.c.obj
 .text.load_default_calib_from_debit.part.0
                0x0000000008001acc      0x330 CMakeFiles/Controller.recovid_revB.elf.dir/src/breathing.c.obj
 .text.Segment_error_time_sliced
                0x0000000008001dfc      0x228 CMakeFiles/Controller.recovid_revB.elf.dir/src/breathing.c.obj
                0x0000000008001dfc                Segment_error_time_sliced
 *fill*         0x0000000008002024        0x4 
 .text.breathing_run
                0x0000000008002028      0xa44 CMakeFiles/Controller.recovid_revB.elf.dir/src/breathing.c.obj
                0x0000000008002028                breathing_run
 .text.get_breathing_EoI_ratio
                0x0000000008002a6c        0xc CMakeFiles/Controller.recovid_revB.elf.dir/src/breathing.c.obj
                0x0000000008002a6c                get_breathing_EoI_ratio
 .text.get_breathing_FR_pm
                0x0000000008002a78        0xc CMakeFiles/Controller.recovid_revB.elf.dir/src/breathing.c.obj
                0x0000000008002a78                get_breathing_FR_pm
 .text.get_breathing_VTe_mL
                0x0000000008002a84        0xc CMakeFiles/Controller.recovid_revB.elf.dir/src/breathing.c.obj
                0x0000000008002a84                get_breathing_VTe_mL
 .text.get_breathing_VMe_Lpm
                0x0000000008002a90        0xc CMakeFiles/Controller.recovid_revB.elf.dir/src/breathing.c.obj
                0x0000000008002a90                get_breathing_VMe_Lpm
 .text.get_breathing_Pcrete_cmH2O
                0x0000000008002a9c        0xc CMakeFiles/Controller.recovid_revB.elf.dir/src/breathing.c.obj
                0x0000000008002a9c                get_breathing_Pcrete_cmH2O
 .text.get_Pplat_cmH20
                0x0000000008002aa8        0xc CMakeFiles/Controller.recovid_revB.elf.dir/src/breathing.c.obj
                0x0000000008002aa8                get_Pplat_cmH20
 .text.get_PEP_cmH2O
                0x0000000008002ab4        0xc CMakeFiles/Controller.recovid_revB.elf.dir/src/breathing.c.obj
                0x0000000008002ab4                get_PEP_cmH2O
 .text.hmi_run  0x0000000008002ac0       0xfc CMakeFiles/Controller.recovid_revB.elf.dir/src/hmi.c.obj
                0x0000000008002ac0                hmi_run
 .text.get_init_str
                0x0000000008002bbc        0x8 CMakeFiles/Controller.recovid_revB.elf.dir/src/protocol.c.obj
                0x0000000008002bbc                get_init_str
 .text.checksum8
                0x0000000008002bc4       0x20 CMakeFiles/Controller.recovid_revB.elf.dir/src/protocol.c.obj
                0x0000000008002bc4                checksum8
 .text.replace_int_with_padding
                0x0000000008002be4       0x64 CMakeFiles/Controller.recovid_revB.elf.dir/src/protocol.c.obj
                0x0000000008002be4                replace_int_with_padding
 .text.send_DATA
                0x0000000008002c48       0xe4 CMakeFiles/Controller.recovid_revB.elf.dir/src/protocol.c.obj
                0x0000000008002c48                send_DATA
 .text.send_RESP
                0x0000000008002d2c      0x128 CMakeFiles/Controller.recovid_revB.elf.dir/src/protocol.c.obj
                0x0000000008002d2c                send_RESP
 .text.send_SET
                0x0000000008002e54       0xa4 CMakeFiles/Controller.recovid_revB.elf.dir/src/protocol.c.obj
                0x0000000008002e54                send_SET
 .text.send_INIT
                0x0000000008002ef8      0x268 CMakeFiles/Controller.recovid_revB.elf.dir/src/protocol.c.obj
                0x0000000008002ef8                send_INIT
 .text.process  0x0000000008003160       0x6a CMakeFiles/Controller.recovid_revB.elf.dir/src/protocol.c.obj
                0x0000000008003160                process
 .text.process_uint16
                0x00000000080031ca       0x4c CMakeFiles/Controller.recovid_revB.elf.dir/src/protocol.c.obj
                0x00000000080031ca                process_uint16
 .text.payload  0x0000000008003216       0x22 CMakeFiles/Controller.recovid_revB.elf.dir/src/protocol.c.obj
                0x0000000008003216                payload
 .text.send_and_recv
                0x0000000008003238      0x2dc CMakeFiles/Controller.recovid_revB.elf.dir/src/protocol.c.obj
                0x0000000008003238                send_and_recv
 .text.Reset_Handler
                0x0000000008003514       0x50 platforms/recovid_revB/CMakeFiles/recovid_revB.dir/startup_stm32f303retx.s.obj
                0x0000000008003514                Reset_Handler
 .text.Default_Handler
                0x0000000008003564        0x2 platforms/recovid_revB/CMakeFiles/recovid_revB.dir/startup_stm32f303retx.s.obj
                0x0000000008003564                RTC_Alarm_IRQHandler
                0x0000000008003564                TIM8_TRG_COM_IRQHandler
                0x0000000008003564                TIM8_CC_IRQHandler
                0x0000000008003564                SPI4_IRQHandler
                0x0000000008003564                TIM1_CC_IRQHandler
                0x0000000008003564                USB_HP_IRQHandler
                0x0000000008003564                PVD_IRQHandler
                0x0000000008003564                TAMP_STAMP_IRQHandler
                0x0000000008003564                I2C3_ER_IRQHandler
                0x0000000008003564                USB_HP_CAN_TX_IRQHandler
                0x0000000008003564                EXTI0_IRQHandler
                0x0000000008003564                I2C2_EV_IRQHandler
                0x0000000008003564                FPU_IRQHandler
                0x0000000008003564                ADC1_2_IRQHandler
                0x0000000008003564                SPI1_IRQHandler
                0x0000000008003564                CAN_SCE_IRQHandler
                0x0000000008003564                TIM6_DAC_IRQHandler
                0x0000000008003564                TIM8_UP_IRQHandler
                0x0000000008003564                DMA2_Channel2_IRQHandler
                0x0000000008003564                DMA1_Channel4_IRQHandler
                0x0000000008003564                TIM20_TRG_COM_IRQHandler
                0x0000000008003564                USART3_IRQHandler
                0x0000000008003564                UART5_IRQHandler
                0x0000000008003564                ADC3_IRQHandler
                0x0000000008003564                TIM4_IRQHandler
                0x0000000008003564                CAN_RX1_IRQHandler
                0x0000000008003564                DMA2_Channel1_IRQHandler
                0x0000000008003564                DMA1_Channel6_IRQHandler
                0x0000000008003564                DMA2_Channel4_IRQHandler
                0x0000000008003564                RCC_IRQHandler
                0x0000000008003564                TIM20_UP_IRQHandler
                0x0000000008003564                DMA1_Channel1_IRQHandler
                0x0000000008003564                Default_Handler
                0x0000000008003564                USBWakeUp_RMP_IRQHandler
                0x0000000008003564                TIM7_IRQHandler
                0x0000000008003564                I2C3_EV_IRQHandler
                0x0000000008003564                RTC_WKUP_IRQHandler
                0x0000000008003564                SPI2_IRQHandler
                0x0000000008003564                USB_LP_CAN_RX0_IRQHandler
                0x0000000008003564                DMA1_Channel5_IRQHandler
                0x0000000008003564                USB_LP_IRQHandler
                0x0000000008003564                TIM1_TRG_COM_TIM17_IRQHandler
                0x0000000008003564                ADC4_IRQHandler
                0x0000000008003564                WWDG_IRQHandler
                0x0000000008003564                COMP7_IRQHandler
                0x0000000008003564                COMP1_2_3_IRQHandler
                0x0000000008003564                USART2_IRQHandler
                0x0000000008003564                COMP4_5_6_IRQHandler
                0x0000000008003564                TIM20_BRK_IRQHandler
                0x0000000008003564                I2C2_ER_IRQHandler
                0x0000000008003564                TIM8_BRK_IRQHandler
                0x0000000008003564                FLASH_IRQHandler
                0x0000000008003564                TIM20_CC_IRQHandler
                0x0000000008003564                USART1_IRQHandler
                0x0000000008003564                SPI3_IRQHandler
                0x0000000008003564                FMC_IRQHandler
                0x0000000008003564                USBWakeUp_IRQHandler
                0x0000000008003564                TIM1_BRK_TIM15_IRQHandler
 *fill*         0x0000000008003566        0x2 
 .text.SystemInit
                0x0000000008003568       0x1c platforms/recovid_revB/CMakeFiles/recovid_revB.dir/system_stm32f3xx.c.obj
                0x0000000008003568                SystemInit
 .text._getpid  0x0000000008003584        0x4 platforms/recovid_revB/CMakeFiles/recovid_revB.dir/syscalls.c.obj
                0x0000000008003584                _getpid
 .text._kill    0x0000000008003588       0x10 platforms/recovid_revB/CMakeFiles/recovid_revB.dir/syscalls.c.obj
                0x0000000008003588                _kill
 .text._exit    0x0000000008003598        0xc platforms/recovid_revB/CMakeFiles/recovid_revB.dir/syscalls.c.obj
                0x0000000008003598                _exit
 .text._read    0x00000000080035a4       0x1c platforms/recovid_revB/CMakeFiles/recovid_revB.dir/syscalls.c.obj
                0x00000000080035a4                _read
 .text._write   0x00000000080035c0       0x1c platforms/recovid_revB/CMakeFiles/recovid_revB.dir/syscalls.c.obj
                0x00000000080035c0                _write
 .text._close   0x00000000080035dc        0x6 platforms/recovid_revB/CMakeFiles/recovid_revB.dir/syscalls.c.obj
                0x00000000080035dc                _close
 .text._fstat   0x00000000080035e2        0xa platforms/recovid_revB/CMakeFiles/recovid_revB.dir/syscalls.c.obj
                0x00000000080035e2                _fstat
 .text._isatty  0x00000000080035ec        0x4 platforms/recovid_revB/CMakeFiles/recovid_revB.dir/syscalls.c.obj
                0x00000000080035ec                _isatty
 .text._lseek   0x00000000080035f0        0x4 platforms/recovid_revB/CMakeFiles/recovid_revB.dir/syscalls.c.obj
                0x00000000080035f0                _lseek
 .text._sbrk    0x00000000080035f4       0x34 platforms/recovid_revB/CMakeFiles/recovid_revB.dir/sysmem.c.obj
                0x00000000080035f4                _sbrk
 .text.fs_enabled_irq
                0x0000000008003628        0x2 platforms/recovid_revB/CMakeFiles/recovid_revB.dir/recovid_revB.c.obj
                0x0000000008003628                fs_enabled_irq
 .text.ups_fail_irq
                0x000000000800362a        0x2 platforms/recovid_revB/CMakeFiles/recovid_revB.dir/recovid_revB.c.obj
                0x000000000800362a                ups_fail_irq
 .text.ups_full_irq
                0x000000000800362c        0x2 platforms/recovid_revB/CMakeFiles/recovid_revB.dir/recovid_revB.c.obj
                0x000000000800362c                ups_full_irq
 .text.batt_fault_irq
                0x000000000800362e        0x2 platforms/recovid_revB/CMakeFiles/recovid_revB.dir/recovid_revB.c.obj
                0x000000000800362e                batt_fault_irq
 .text.HAL_GPIO_EXTI_Callback
                0x0000000008003630       0x6a platforms/recovid_revB/CMakeFiles/recovid_revB.dir/recovid_revB.c.obj
                0x0000000008003630                HAL_GPIO_EXTI_Callback
 *fill*         0x000000000800369a        0x2 
 .text.Error_Handler
                0x000000000800369c       0x34 platforms/recovid_revB/CMakeFiles/recovid_revB.dir/recovid_revB.c.obj
                0x000000000800369c                Error_Handler
 .text.startup.main
                0x00000000080036d0      0x54c platforms/recovid_revB/CMakeFiles/recovid_revB.dir/recovid_revB.c.obj
                0x00000000080036d0                main
 .text.__io_putchar
                0x0000000008003c1c       0x20 platforms/recovid_revB/CMakeFiles/recovid_revB.dir/recovid_revB.c.obj
                0x0000000008003c1c                __io_putchar
 .text.hal_tick_period_ellapsed_callback
                0x0000000008003c3c        0x4 platforms/recovid_revB/CMakeFiles/recovid_revB.dir/recovid_revB_hal_msp_tick.c.obj
                0x0000000008003c3c                hal_tick_period_ellapsed_callback
 .text.HAL_InitTick
                0x0000000008003c40       0x88 platforms/recovid_revB/CMakeFiles/recovid_revB.dir/recovid_revB_hal_msp_tick.c.obj
                0x0000000008003c40                HAL_InitTick
 .text.TIM1_UP_TIM16_IRQHandler
                0x0000000008003cc8        0xc platforms/recovid_revB/CMakeFiles/recovid_revB.dir/recovid_revB_hal_msp_tick.c.obj
                0x0000000008003cc8                TIM1_UP_TIM16_IRQHandler
 .text.HAL_MspInit
                0x0000000008003cd4       0x3c platforms/recovid_revB/CMakeFiles/recovid_revB.dir/recovid_revB_hal_msp.c.obj
                0x0000000008003cd4                HAL_MspInit
 .text.HAL_I2C_MspInit
                0x0000000008003d10       0xf0 platforms/recovid_revB/CMakeFiles/recovid_revB.dir/recovid_revB_hal_msp.c.obj
                0x0000000008003d10                HAL_I2C_MspInit
 .text.HAL_TIM_Base_MspInit
                0x0000000008003e00      0x104 platforms/recovid_revB/CMakeFiles/recovid_revB.dir/recovid_revB_hal_msp.c.obj
                0x0000000008003e00                HAL_TIM_Base_MspInit
 .text.HAL_TIM_MspPostInit
                0x0000000008003f04       0x84 platforms/recovid_revB/CMakeFiles/recovid_revB.dir/recovid_revB_hal_msp.c.obj
                0x0000000008003f04                HAL_TIM_MspPostInit
 .text.HAL_UART_MspInit
                0x0000000008003f88      0x14c platforms/recovid_revB/CMakeFiles/recovid_revB.dir/recovid_revB_hal_msp.c.obj
                0x0000000008003f88                HAL_UART_MspInit
 .text.NMI_Handler
                0x00000000080040d4        0x2 platforms/recovid_revB/CMakeFiles/recovid_revB.dir/recovid_revB_hal_it.c.obj
                0x00000000080040d4                NMI_Handler
 .text.HardFault_Handler
                0x00000000080040d6        0x2 platforms/recovid_revB/CMakeFiles/recovid_revB.dir/recovid_revB_hal_it.c.obj
                0x00000000080040d6                HardFault_Handler
 .text.MemManage_Handler
                0x00000000080040d8        0x2 platforms/recovid_revB/CMakeFiles/recovid_revB.dir/recovid_revB_hal_it.c.obj
                0x00000000080040d8                MemManage_Handler
 .text.BusFault_Handler
                0x00000000080040da        0x2 platforms/recovid_revB/CMakeFiles/recovid_revB.dir/recovid_revB_hal_it.c.obj
                0x00000000080040da                BusFault_Handler
 .text.UsageFault_Handler
                0x00000000080040dc        0x2 platforms/recovid_revB/CMakeFiles/recovid_revB.dir/recovid_revB_hal_it.c.obj
                0x00000000080040dc                UsageFault_Handler
 .text.DebugMon_Handler
                0x00000000080040de        0x2 platforms/recovid_revB/CMakeFiles/recovid_revB.dir/recovid_revB_hal_it.c.obj
                0x00000000080040de                DebugMon_Handler
 .text.EXTI1_IRQHandler
                0x00000000080040e0        0x6 platforms/recovid_revB/CMakeFiles/recovid_revB.dir/recovid_revB_hal_it.c.obj
                0x00000000080040e0                EXTI1_IRQHandler
 .text.EXTI2_TSC_IRQHandler
                0x00000000080040e6        0x6 platforms/recovid_revB/CMakeFiles/recovid_revB.dir/recovid_revB_hal_it.c.obj
                0x00000000080040e6                EXTI2_TSC_IRQHandler
 .text.EXTI3_IRQHandler
                0x00000000080040ec        0x6 platforms/recovid_revB/CMakeFiles/recovid_revB.dir/recovid_revB_hal_it.c.obj
                0x00000000080040ec                EXTI3_IRQHandler
 .text.EXTI4_IRQHandler
                0x00000000080040f2        0x6 platforms/recovid_revB/CMakeFiles/recovid_revB.dir/recovid_revB_hal_it.c.obj
                0x00000000080040f2                EXTI4_IRQHandler
 .text.DMA1_Channel2_IRQHandler
                0x00000000080040f8        0xc platforms/recovid_revB/CMakeFiles/recovid_revB.dir/recovid_revB_hal_it.c.obj
                0x00000000080040f8                DMA1_Channel2_IRQHandler
 .text.DMA1_Channel3_IRQHandler
                0x0000000008004104        0xc platforms/recovid_revB/CMakeFiles/recovid_revB.dir/recovid_revB_hal_it.c.obj
                0x0000000008004104                DMA1_Channel3_IRQHandler
 .text.DMA1_Channel7_IRQHandler
                0x0000000008004110        0xc platforms/recovid_revB/CMakeFiles/recovid_revB.dir/recovid_revB_hal_it.c.obj
                0x0000000008004110                DMA1_Channel7_IRQHandler
 .text.EXTI9_5_IRQHandler
                0x000000000800411c       0x12 platforms/recovid_revB/CMakeFiles/recovid_revB.dir/recovid_revB_hal_it.c.obj
                0x000000000800411c                EXTI9_5_IRQHandler
 *fill*         0x000000000800412e        0x2 
 .text.TIM2_IRQHandler
                0x0000000008004130        0xc platforms/recovid_revB/CMakeFiles/recovid_revB.dir/recovid_revB_hal_it.c.obj
                0x0000000008004130                TIM2_IRQHandler
 .text.TIM3_IRQHandler
                0x000000000800413c        0xc platforms/recovid_revB/CMakeFiles/recovid_revB.dir/recovid_revB_hal_it.c.obj
                0x000000000800413c                TIM3_IRQHandler
 .text.I2C1_EV_IRQHandler
                0x0000000008004148        0xc platforms/recovid_revB/CMakeFiles/recovid_revB.dir/recovid_revB_hal_it.c.obj
                0x0000000008004148                I2C1_EV_IRQHandler
 .text.I2C1_ER_IRQHandler
                0x0000000008004154        0xc platforms/recovid_revB/CMakeFiles/recovid_revB.dir/recovid_revB_hal_it.c.obj
                0x0000000008004154                I2C1_ER_IRQHandler
 .text.EXTI15_10_IRQHandler
                0x0000000008004160       0x1e platforms/recovid_revB/CMakeFiles/recovid_revB.dir/recovid_revB_hal_it.c.obj
                0x0000000008004160                EXTI15_10_IRQHandler
 *fill*         0x000000000800417e        0x2 
 .text.DMA2_Channel3_IRQHandler
                0x0000000008004180        0xc platforms/recovid_revB/CMakeFiles/recovid_revB.dir/recovid_revB_hal_it.c.obj
                0x0000000008004180                DMA2_Channel3_IRQHandler
 .text.DMA2_Channel5_IRQHandler
                0x000000000800418c        0xc platforms/recovid_revB/CMakeFiles/recovid_revB.dir/recovid_revB_hal_it.c.obj
                0x000000000800418c                DMA2_Channel5_IRQHandler
 .text.get_time_ms
                0x0000000008004198        0x4 platforms/recovid_revB/CMakeFiles/recovid_revB.dir/time.c.obj
                0x0000000008004198                get_time_ms
 .text.wait_ms  0x000000000800419c       0x20 platforms/recovid_revB/CMakeFiles/recovid_revB.dir/time.c.obj
                0x000000000800419c                wait_ms
 .text.hal_uart_process_rx_data
                0x00000000080041bc       0xa4 platforms/recovid_revB/CMakeFiles/recovid_revB.dir/uart.c.obj
 .text.uart_RxCpltCallback
                0x0000000008004260        0x6 platforms/recovid_revB/CMakeFiles/recovid_revB.dir/uart.c.obj
                0x0000000008004260                uart_RxCpltCallback
 .text.uart_ErrorCallback
                0x0000000008004266        0x2 platforms/recovid_revB/CMakeFiles/recovid_revB.dir/uart.c.obj
                0x0000000008004266                uart_ErrorCallback
 .text.hal_uart_process_tx_data
                0x0000000008004268       0x7c platforms/recovid_revB/CMakeFiles/recovid_revB.dir/uart.c.obj
 .text.uart_TxCpltCallback
                0x00000000080042e4        0x4 platforms/recovid_revB/CMakeFiles/recovid_revB.dir/uart.c.obj
                0x00000000080042e4                uart_TxCpltCallback
 .text.uart_read_data
                0x00000000080042e8       0x5c platforms/recovid_revB/CMakeFiles/recovid_revB.dir/uart.c.obj
                0x00000000080042e8                uart_read_data
 .text.uart_write_data
                0x0000000008004344       0x54 platforms/recovid_revB/CMakeFiles/recovid_revB.dir/uart.c.obj
                0x0000000008004344                uart_write_data
 .text.init_uart
                0x0000000008004398       0x98 platforms/recovid_revB/CMakeFiles/recovid_revB.dir/uart.c.obj
                0x0000000008004398                init_uart
 .text.uart_send
                0x0000000008004430       0x14 platforms/recovid_revB/CMakeFiles/recovid_revB.dir/uart.c.obj
                0x0000000008004430                uart_send
 .text.uart_recv
                0x0000000008004444       0x22 platforms/recovid_revB/CMakeFiles/recovid_revB.dir/uart.c.obj
                0x0000000008004444                uart_recv
 *fill*         0x0000000008004466        0x2 
 .text.UART4_IRQHandler
                0x0000000008004468       0x28 platforms/recovid_revB/CMakeFiles/recovid_revB.dir/uart.c.obj
                0x0000000008004468                UART4_IRQHandler
 .text.motor_stop
                0x0000000008004490       0x34 platforms/recovid_revB/CMakeFiles/recovid_revB.dir/motor.c.obj
                0x0000000008004490                motor_stop
 .text.motor_release
                0x00000000080044c4       0x54 platforms/recovid_revB/CMakeFiles/recovid_revB.dir/motor.c.obj
                0x00000000080044c4                motor_release
 .text.period_elapsed_callback
                0x0000000008004518        0x4 platforms/recovid_revB/CMakeFiles/recovid_revB.dir/motor.c.obj
 .text.check_home
                0x000000000800451c       0x3c platforms/recovid_revB/CMakeFiles/recovid_revB.dir/motor.c.obj
 .text.is_motor_home
                0x0000000008004558        0xc platforms/recovid_revB/CMakeFiles/recovid_revB.dir/motor.c.obj
                0x0000000008004558                is_motor_home
 .text.motor_limit_sw_A_irq
                0x0000000008004564       0x48 platforms/recovid_revB/CMakeFiles/recovid_revB.dir/motor.c.obj
                0x0000000008004564                motor_limit_sw_A_irq
 .text.motor_limit_sw_B_irq
                0x00000000080045ac       0x48 platforms/recovid_revB/CMakeFiles/recovid_revB.dir/motor.c.obj
                0x00000000080045ac                motor_limit_sw_B_irq
 .text.motor_active_irq
                0x00000000080045f4       0x34 platforms/recovid_revB/CMakeFiles/recovid_revB.dir/motor.c.obj
                0x00000000080045f4                motor_active_irq
 .text.motor_enable
                0x0000000008004628       0x10 platforms/recovid_revB/CMakeFiles/recovid_revB.dir/motor.c.obj
                0x0000000008004628                motor_enable
 .text.motor_press
                0x0000000008004638       0x6c platforms/recovid_revB/CMakeFiles/recovid_revB.dir/motor.c.obj
                0x0000000008004638                motor_press
 .text.init_motor
                0x00000000080046a4      0x110 platforms/recovid_revB/CMakeFiles/recovid_revB.dir/motor.c.obj
                0x00000000080046a4                init_motor
 .text.motor_pep_stop
                0x00000000080047b4       0x38 platforms/recovid_revB/CMakeFiles/recovid_revB.dir/motor_pep.c.obj
                0x00000000080047b4                motor_pep_stop
 .text.pep_home_irq
                0x00000000080047ec       0x48 platforms/recovid_revB/CMakeFiles/recovid_revB.dir/motor_pep.c.obj
                0x00000000080047ec                pep_home_irq
 .text.pep_nfault_irq
                0x0000000008004834        0x2 platforms/recovid_revB/CMakeFiles/recovid_revB.dir/motor_pep.c.obj
                0x0000000008004834                pep_nfault_irq
 .text.bmp280_delay_ms
                0x0000000008004836        0x4 platforms/recovid_revB/CMakeFiles/recovid_revB.dir/sensors.c.obj
 *fill*         0x000000000800483a        0x2 
 .text.readSDP  0x000000000800483c       0x20 platforms/recovid_revB/CMakeFiles/recovid_revB.dir/sensors.c.obj
 .text.readNPA  0x000000000800485c       0x20 platforms/recovid_revB/CMakeFiles/recovid_revB.dir/sensors.c.obj
 *fill*         0x000000000800487c        0x4 
 .text.process_i2c_callback
                0x0000000008004880      0x3b4 platforms/recovid_revB/CMakeFiles/recovid_revB.dir/sensors.c.obj
 .text.bmp280_read_direct
                0x0000000008004c34       0x40 platforms/recovid_revB/CMakeFiles/recovid_revB.dir/sensors.c.obj
 .text.bmp280_write_direct
                0x0000000008004c74       0x5c platforms/recovid_revB/CMakeFiles/recovid_revB.dir/sensors.c.obj
 .text.init_sensors
                0x0000000008004cd0      0x188 platforms/recovid_revB/CMakeFiles/recovid_revB.dir/sensors.c.obj
                0x0000000008004cd0                init_sensors
 .text.read_Pdiff_Lpm
                0x0000000008004e58        0xc platforms/recovid_revB/CMakeFiles/recovid_revB.dir/sensors.c.obj
                0x0000000008004e58                read_Pdiff_Lpm
 .text.read_Paw_cmH2O
                0x0000000008004e64        0xc platforms/recovid_revB/CMakeFiles/recovid_revB.dir/sensors.c.obj
                0x0000000008004e64                read_Paw_cmH2O
 .text.read_Vol_mL
                0x0000000008004e70        0xc platforms/recovid_revB/CMakeFiles/recovid_revB.dir/sensors.c.obj
                0x0000000008004e70                read_Vol_mL
 .text.reset_Vol_mL
                0x0000000008004e7c        0xc platforms/recovid_revB/CMakeFiles/recovid_revB.dir/sensors.c.obj
                0x0000000008004e7c                reset_Vol_mL
 .text.sensors_start
                0x0000000008004e88       0x30 platforms/recovid_revB/CMakeFiles/recovid_revB.dir/sensors.c.obj
                0x0000000008004e88                sensors_start
 .text.hardfault_CRASH_ME
                0x0000000008004eb8       0x30 platforms/recovid_revB/CMakeFiles/recovid_revB.dir/sensors.c.obj
                0x0000000008004eb8                hardfault_CRASH_ME
 .text.light_yellow
                0x0000000008004ee8       0x18 platforms/recovid_revB/CMakeFiles/recovid_revB.dir/indicators.c.obj
                0x0000000008004ee8                light_yellow
 .text.light_red
                0x0000000008004f00       0x1c platforms/recovid_revB/CMakeFiles/recovid_revB.dir/indicators.c.obj
                0x0000000008004f00                light_red
 .text.light_green
                0x0000000008004f1c       0x18 platforms/recovid_revB/CMakeFiles/recovid_revB.dir/indicators.c.obj
                0x0000000008004f1c                light_green
 .text.init_valve
                0x0000000008004f34        0x4 platforms/recovid_revB/CMakeFiles/recovid_revB.dir/pep_valve.c.obj
                0x0000000008004f34                init_valve
 .text.valve_exhale
                0x0000000008004f38       0x14 platforms/recovid_revB/CMakeFiles/recovid_revB.dir/pep_valve.c.obj
                0x0000000008004f38                valve_exhale
 .text.valve_inhale
                0x0000000008004f4c       0x14 platforms/recovid_revB/CMakeFiles/recovid_revB.dir/pep_valve.c.obj
                0x0000000008004f4c                valve_inhale
 .text.is_Failsafe_Enabled
                0x0000000008004f60       0x18 platforms/recovid_revB/CMakeFiles/recovid_revB.dir/gpio.c.obj
                0x0000000008004f60                is_Failsafe_Enabled
 .text.enable_Rpi
                0x0000000008004f78       0x10 platforms/recovid_revB/CMakeFiles/recovid_revB.dir/gpio.c.obj
                0x0000000008004f78                enable_Rpi
 .text.null_ptr_check
                0x0000000008004f88       0x1c platforms/recovid_revB/CMakeFiles/recovid_revB.dir/bmp280.c.obj
 .text.bmp280_get_regs
                0x0000000008004fa4       0x34 platforms/recovid_revB/CMakeFiles/recovid_revB.dir/bmp280.c.obj
                0x0000000008004fa4                bmp280_get_regs
 .text.bmp280_set_regs
                0x0000000008004fd8       0x84 platforms/recovid_revB/CMakeFiles/recovid_revB.dir/bmp280.c.obj
                0x0000000008004fd8                bmp280_set_regs
 .text.bmp280_soft_reset
                0x000000000800505c       0x36 platforms/recovid_revB/CMakeFiles/recovid_revB.dir/bmp280.c.obj
                0x000000000800505c                bmp280_soft_reset
 *fill*         0x0000000008005092        0x2 
 .text.conf_sensor
                0x0000000008005094       0xdc platforms/recovid_revB/CMakeFiles/recovid_revB.dir/bmp280.c.obj
 .text.bmp280_init
                0x0000000008005170      0x128 platforms/recovid_revB/CMakeFiles/recovid_revB.dir/bmp280.c.obj
                0x0000000008005170                bmp280_init
 .text.bmp280_get_config
                0x0000000008005298       0x5e platforms/recovid_revB/CMakeFiles/recovid_revB.dir/bmp280.c.obj
                0x0000000008005298                bmp280_get_config
 .text.bmp280_set_config
                0x00000000080052f6        0xa platforms/recovid_revB/CMakeFiles/recovid_revB.dir/bmp280.c.obj
                0x00000000080052f6                bmp280_set_config
 .text.bmp280_set_power_mode
                0x0000000008005300       0x1c platforms/recovid_revB/CMakeFiles/recovid_revB.dir/bmp280.c.obj
                0x0000000008005300                bmp280_set_power_mode
 .text.bmp280_get_comp_temp_32bit
                0x000000000800531c       0x60 platforms/recovid_revB/CMakeFiles/recovid_revB.dir/bmp280.c.obj
                0x000000000800531c                bmp280_get_comp_temp_32bit
 .text.bmp280_get_comp_pres_32bit
                0x000000000800537c       0xe2 platforms/recovid_revB/CMakeFiles/recovid_revB.dir/bmp280.c.obj
                0x000000000800537c                bmp280_get_comp_pres_32bit
 *fill*         0x000000000800545e        0x2 
 .text.HAL_NVIC_SetPriorityGrouping
                0x0000000008005460       0x24 platforms/recovid_revB/HAL/CMakeFiles/hal.dir/STM32F3xx_HAL_Driver/Src/stm32f3xx_hal_cortex.c.obj
                0x0000000008005460                HAL_NVIC_SetPriorityGrouping
 .text.HAL_NVIC_SetPriority
                0x0000000008005484       0x68 platforms/recovid_revB/HAL/CMakeFiles/hal.dir/STM32F3xx_HAL_Driver/Src/stm32f3xx_hal_cortex.c.obj
                0x0000000008005484                HAL_NVIC_SetPriority
 .text.HAL_NVIC_EnableIRQ
                0x00000000080054ec       0x1c platforms/recovid_revB/HAL/CMakeFiles/hal.dir/STM32F3xx_HAL_Driver/Src/stm32f3xx_hal_cortex.c.obj
                0x00000000080054ec                HAL_NVIC_EnableIRQ
 .text.DMA_CalcBaseAndBitshift
                0x0000000008005508       0x44 platforms/recovid_revB/HAL/CMakeFiles/hal.dir/STM32F3xx_HAL_Driver/Src/stm32f3xx_hal_dma.c.obj
 .text.HAL_DMA_Init
                0x000000000800554c       0x4e platforms/recovid_revB/HAL/CMakeFiles/hal.dir/STM32F3xx_HAL_Driver/Src/stm32f3xx_hal_dma.c.obj
                0x000000000800554c                HAL_DMA_Init
 .text.HAL_DMA_DeInit
                0x000000000800559a       0x40 platforms/recovid_revB/HAL/CMakeFiles/hal.dir/STM32F3xx_HAL_Driver/Src/stm32f3xx_hal_dma.c.obj
                0x000000000800559a                HAL_DMA_DeInit
 .text.HAL_DMA_Start_IT
                0x00000000080055da       0x7a platforms/recovid_revB/HAL/CMakeFiles/hal.dir/STM32F3xx_HAL_Driver/Src/stm32f3xx_hal_dma.c.obj
                0x00000000080055da                HAL_DMA_Start_IT
 .text.HAL_DMA_Abort_IT
                0x0000000008005654       0x48 platforms/recovid_revB/HAL/CMakeFiles/hal.dir/STM32F3xx_HAL_Driver/Src/stm32f3xx_hal_dma.c.obj
                0x0000000008005654                HAL_DMA_Abort_IT
 .text.HAL_DMA_IRQHandler
                0x000000000800569c       0x90 platforms/recovid_revB/HAL/CMakeFiles/hal.dir/STM32F3xx_HAL_Driver/Src/stm32f3xx_hal_dma.c.obj
                0x000000000800569c                HAL_DMA_IRQHandler
 .text.HAL_GPIO_Init
                0x000000000800572c      0x1a0 platforms/recovid_revB/HAL/CMakeFiles/hal.dir/STM32F3xx_HAL_Driver/Src/stm32f3xx_hal_gpio.c.obj
                0x000000000800572c                HAL_GPIO_Init
 .text.HAL_GPIO_ReadPin
                0x00000000080058cc        0xc platforms/recovid_revB/HAL/CMakeFiles/hal.dir/STM32F3xx_HAL_Driver/Src/stm32f3xx_hal_gpio.c.obj
                0x00000000080058cc                HAL_GPIO_ReadPin
 .text.HAL_GPIO_WritePin
                0x00000000080058d8        0xa platforms/recovid_revB/HAL/CMakeFiles/hal.dir/STM32F3xx_HAL_Driver/Src/stm32f3xx_hal_gpio.c.obj
                0x00000000080058d8                HAL_GPIO_WritePin
 *fill*         0x00000000080058e2        0x2 
 .text.HAL_GPIO_EXTI_IRQHandler
                0x00000000080058e4       0x18 platforms/recovid_revB/HAL/CMakeFiles/hal.dir/STM32F3xx_HAL_Driver/Src/stm32f3xx_hal_gpio.c.obj
                0x00000000080058e4                HAL_GPIO_EXTI_IRQHandler
 .text.HAL_I2CEx_ConfigAnalogFilter
                0x00000000080058fc       0x4c platforms/recovid_revB/HAL/CMakeFiles/hal.dir/STM32F3xx_HAL_Driver/Src/stm32f3xx_hal_i2c_ex.c.obj
                0x00000000080058fc                HAL_I2CEx_ConfigAnalogFilter
 .text.HAL_I2CEx_ConfigDigitalFilter
                0x0000000008005948       0x4a platforms/recovid_revB/HAL/CMakeFiles/hal.dir/STM32F3xx_HAL_Driver/Src/stm32f3xx_hal_i2c_ex.c.obj
                0x0000000008005948                HAL_I2CEx_ConfigDigitalFilter
 .text.HAL_I2C_AddrCallback
                0x0000000008005992        0x2 platforms/recovid_revB/HAL/CMakeFiles/hal.dir/STM32F3xx_HAL_Driver/Src/stm32f3xx_hal_i2c.c.obj
                0x0000000008005992                HAL_I2C_AddrCallback
 .text.I2C_Flush_TXDR
                0x0000000008005994       0x1c platforms/recovid_revB/HAL/CMakeFiles/hal.dir/STM32F3xx_HAL_Driver/Src/stm32f3xx_hal_i2c.c.obj
 .text.I2C_DMAAbort
                0x00000000080059b0       0x20 platforms/recovid_revB/HAL/CMakeFiles/hal.dir/STM32F3xx_HAL_Driver/Src/stm32f3xx_hal_i2c.c.obj
 .text.I2C_TransferConfig
                0x00000000080059d0       0x28 platforms/recovid_revB/HAL/CMakeFiles/hal.dir/STM32F3xx_HAL_Driver/Src/stm32f3xx_hal_i2c.c.obj
 .text.I2C_Enable_IRQ
                0x00000000080059f8       0x60 platforms/recovid_revB/HAL/CMakeFiles/hal.dir/STM32F3xx_HAL_Driver/Src/stm32f3xx_hal_i2c.c.obj
 .text.I2C_Disable_IRQ
                0x0000000008005a58       0x42 platforms/recovid_revB/HAL/CMakeFiles/hal.dir/STM32F3xx_HAL_Driver/Src/stm32f3xx_hal_i2c.c.obj
 *fill*         0x0000000008005a9a        0x2 
 .text.I2C_ITListenCplt
                0x0000000008005a9c       0x64 platforms/recovid_revB/HAL/CMakeFiles/hal.dir/STM32F3xx_HAL_Driver/Src/stm32f3xx_hal_i2c.c.obj
 .text.I2C_ITError
                0x0000000008005b00       0xd4 platforms/recovid_revB/HAL/CMakeFiles/hal.dir/STM32F3xx_HAL_Driver/Src/stm32f3xx_hal_i2c.c.obj
 .text.I2C_DMAError
                0x0000000008005bd4       0x12 platforms/recovid_revB/HAL/CMakeFiles/hal.dir/STM32F3xx_HAL_Driver/Src/stm32f3xx_hal_i2c.c.obj
 .text.I2C_DMAMasterReceiveCplt
                0x0000000008005be6       0x4e platforms/recovid_revB/HAL/CMakeFiles/hal.dir/STM32F3xx_HAL_Driver/Src/stm32f3xx_hal_i2c.c.obj
 .text.I2C_ITMasterSeqCplt
                0x0000000008005c34       0x48 platforms/recovid_revB/HAL/CMakeFiles/hal.dir/STM32F3xx_HAL_Driver/Src/stm32f3xx_hal_i2c.c.obj
 .text.I2C_ITAddrCplt.isra.1.part.2
                0x0000000008005c7c       0x7c platforms/recovid_revB/HAL/CMakeFiles/hal.dir/STM32F3xx_HAL_Driver/Src/stm32f3xx_hal_i2c.c.obj
 .text.I2C_ITSlaveSeqCplt
                0x0000000008005cf8       0x52 platforms/recovid_revB/HAL/CMakeFiles/hal.dir/STM32F3xx_HAL_Driver/Src/stm32f3xx_hal_i2c.c.obj
 *fill*         0x0000000008005d4a        0x2 
 .text.I2C_ITSlaveCplt
                0x0000000008005d4c       0xf4 platforms/recovid_revB/HAL/CMakeFiles/hal.dir/STM32F3xx_HAL_Driver/Src/stm32f3xx_hal_i2c.c.obj
 .text.I2C_Slave_ISR_IT
                0x0000000008005e40      0x128 platforms/recovid_revB/HAL/CMakeFiles/hal.dir/STM32F3xx_HAL_Driver/Src/stm32f3xx_hal_i2c.c.obj
 .text.I2C_IsAcknowledgeFailed
                0x0000000008005f68       0x7a platforms/recovid_revB/HAL/CMakeFiles/hal.dir/STM32F3xx_HAL_Driver/Src/stm32f3xx_hal_i2c.c.obj
 .text.I2C_WaitOnRXNEFlagUntilTimeout
                0x0000000008005fe2       0x7e platforms/recovid_revB/HAL/CMakeFiles/hal.dir/STM32F3xx_HAL_Driver/Src/stm32f3xx_hal_i2c.c.obj
 .text.I2C_ITMasterCplt
                0x0000000008006060       0xae platforms/recovid_revB/HAL/CMakeFiles/hal.dir/STM32F3xx_HAL_Driver/Src/stm32f3xx_hal_i2c.c.obj
 .text.I2C_Master_ISR_IT
                0x000000000800610e      0x120 platforms/recovid_revB/HAL/CMakeFiles/hal.dir/STM32F3xx_HAL_Driver/Src/stm32f3xx_hal_i2c.c.obj
 .text.I2C_Master_ISR_DMA
                0x000000000800622e      0x102 platforms/recovid_revB/HAL/CMakeFiles/hal.dir/STM32F3xx_HAL_Driver/Src/stm32f3xx_hal_i2c.c.obj
 .text.HAL_I2C_AbortCpltCallback
                0x0000000008006330        0x2 platforms/recovid_revB/HAL/CMakeFiles/hal.dir/STM32F3xx_HAL_Driver/Src/stm32f3xx_hal_i2c.c.obj
                0x0000000008006330                HAL_I2C_AbortCpltCallback
 .text.HAL_I2C_MasterTxCpltCallback
                0x0000000008006332        0x2 platforms/recovid_revB/HAL/CMakeFiles/hal.dir/STM32F3xx_HAL_Driver/Src/stm32f3xx_hal_i2c.c.obj
                0x0000000008006332                HAL_I2C_MasterTxCpltCallback
 .text.HAL_I2C_MasterRxCpltCallback
                0x0000000008006334        0x2 platforms/recovid_revB/HAL/CMakeFiles/hal.dir/STM32F3xx_HAL_Driver/Src/stm32f3xx_hal_i2c.c.obj
                0x0000000008006334                HAL_I2C_MasterRxCpltCallback
 .text.HAL_I2C_SlaveTxCpltCallback
                0x0000000008006336        0x2 platforms/recovid_revB/HAL/CMakeFiles/hal.dir/STM32F3xx_HAL_Driver/Src/stm32f3xx_hal_i2c.c.obj
                0x0000000008006336                HAL_I2C_SlaveTxCpltCallback
 .text.HAL_I2C_SlaveRxCpltCallback
                0x0000000008006338        0x2 platforms/recovid_revB/HAL/CMakeFiles/hal.dir/STM32F3xx_HAL_Driver/Src/stm32f3xx_hal_i2c.c.obj
                0x0000000008006338                HAL_I2C_SlaveRxCpltCallback
 .text.HAL_I2C_ListenCpltCallback
                0x000000000800633a        0x2 platforms/recovid_revB/HAL/CMakeFiles/hal.dir/STM32F3xx_HAL_Driver/Src/stm32f3xx_hal_i2c.c.obj
                0x000000000800633a                HAL_I2C_ListenCpltCallback
 .text.HAL_I2C_MemTxCpltCallback
                0x000000000800633c        0x2 platforms/recovid_revB/HAL/CMakeFiles/hal.dir/STM32F3xx_HAL_Driver/Src/stm32f3xx_hal_i2c.c.obj
                0x000000000800633c                HAL_I2C_MemTxCpltCallback
 .text.HAL_I2C_MemRxCpltCallback
                0x000000000800633e        0x2 platforms/recovid_revB/HAL/CMakeFiles/hal.dir/STM32F3xx_HAL_Driver/Src/stm32f3xx_hal_i2c.c.obj
                0x000000000800633e                HAL_I2C_MemRxCpltCallback
 .text.HAL_I2C_ErrorCallback
                0x0000000008006340        0x2 platforms/recovid_revB/HAL/CMakeFiles/hal.dir/STM32F3xx_HAL_Driver/Src/stm32f3xx_hal_i2c.c.obj
                0x0000000008006340                HAL_I2C_ErrorCallback
 .text.I2C_WaitOnSTOPFlagUntilTimeout
                0x0000000008006342       0x4a platforms/recovid_revB/HAL/CMakeFiles/hal.dir/STM32F3xx_HAL_Driver/Src/stm32f3xx_hal_i2c.c.obj
 .text.I2C_WaitOnFlagUntilTimeout
                0x000000000800638c       0x54 platforms/recovid_revB/HAL/CMakeFiles/hal.dir/STM32F3xx_HAL_Driver/Src/stm32f3xx_hal_i2c.c.obj
 .text.I2C_WaitOnTXISFlagUntilTimeout
                0x00000000080063e0       0x4e platforms/recovid_revB/HAL/CMakeFiles/hal.dir/STM32F3xx_HAL_Driver/Src/stm32f3xx_hal_i2c.c.obj
 .text.I2C_Slave_ISR_DMA
                0x000000000800642e       0xec platforms/recovid_revB/HAL/CMakeFiles/hal.dir/STM32F3xx_HAL_Driver/Src/stm32f3xx_hal_i2c.c.obj
 *fill*         0x000000000800651a        0x2 
 .text.HAL_I2C_Init
                0x000000000800651c      0x100 platforms/recovid_revB/HAL/CMakeFiles/hal.dir/STM32F3xx_HAL_Driver/Src/stm32f3xx_hal_i2c.c.obj
                0x000000000800651c                HAL_I2C_Init
 .text.HAL_I2C_Master_Transmit
                0x000000000800661c      0x124 platforms/recovid_revB/HAL/CMakeFiles/hal.dir/STM32F3xx_HAL_Driver/Src/stm32f3xx_hal_i2c.c.obj
                0x000000000800661c                HAL_I2C_Master_Transmit
 .text.HAL_I2C_Master_Receive
                0x0000000008006740      0x124 platforms/recovid_revB/HAL/CMakeFiles/hal.dir/STM32F3xx_HAL_Driver/Src/stm32f3xx_hal_i2c.c.obj
                0x0000000008006740                HAL_I2C_Master_Receive
 .text.HAL_I2C_Master_Transmit_IT
                0x0000000008006864       0x88 platforms/recovid_revB/HAL/CMakeFiles/hal.dir/STM32F3xx_HAL_Driver/Src/stm32f3xx_hal_i2c.c.obj
                0x0000000008006864                HAL_I2C_Master_Transmit_IT
 .text.HAL_I2C_Master_Receive_DMA
                0x00000000080068ec      0x128 platforms/recovid_revB/HAL/CMakeFiles/hal.dir/STM32F3xx_HAL_Driver/Src/stm32f3xx_hal_i2c.c.obj
                0x00000000080068ec                HAL_I2C_Master_Receive_DMA
 .text.HAL_I2C_IsDeviceReady
                0x0000000008006a14      0x116 platforms/recovid_revB/HAL/CMakeFiles/hal.dir/STM32F3xx_HAL_Driver/Src/stm32f3xx_hal_i2c.c.obj
                0x0000000008006a14                HAL_I2C_IsDeviceReady
 .text.HAL_I2C_EV_IRQHandler
                0x0000000008006b2a        0xe platforms/recovid_revB/HAL/CMakeFiles/hal.dir/STM32F3xx_HAL_Driver/Src/stm32f3xx_hal_i2c.c.obj
                0x0000000008006b2a                HAL_I2C_EV_IRQHandler
 .text.HAL_I2C_ER_IRQHandler
                0x0000000008006b38       0x60 platforms/recovid_revB/HAL/CMakeFiles/hal.dir/STM32F3xx_HAL_Driver/Src/stm32f3xx_hal_i2c.c.obj
                0x0000000008006b38                HAL_I2C_ER_IRQHandler
 .text.HAL_I2C_GetError
                0x0000000008006b98        0x4 platforms/recovid_revB/HAL/CMakeFiles/hal.dir/STM32F3xx_HAL_Driver/Src/stm32f3xx_hal_i2c.c.obj
                0x0000000008006b98                HAL_I2C_GetError
 .text.HAL_RCCEx_PeriphCLKConfig
                0x0000000008006b9c      0x288 platforms/recovid_revB/HAL/CMakeFiles/hal.dir/STM32F3xx_HAL_Driver/Src/stm32f3xx_hal_rcc_ex.c.obj
                0x0000000008006b9c                HAL_RCCEx_PeriphCLKConfig
 .text.HAL_RCC_OscConfig
                0x0000000008006e24      0x538 platforms/recovid_revB/HAL/CMakeFiles/hal.dir/STM32F3xx_HAL_Driver/Src/stm32f3xx_hal_rcc.c.obj
                0x0000000008006e24                HAL_RCC_OscConfig
 .text.HAL_RCC_GetSysClockFreq
                0x000000000800735c       0x58 platforms/recovid_revB/HAL/CMakeFiles/hal.dir/STM32F3xx_HAL_Driver/Src/stm32f3xx_hal_rcc.c.obj
                0x000000000800735c                HAL_RCC_GetSysClockFreq
 .text.HAL_RCC_ClockConfig
                0x00000000080073b4      0x158 platforms/recovid_revB/HAL/CMakeFiles/hal.dir/STM32F3xx_HAL_Driver/Src/stm32f3xx_hal_rcc.c.obj
                0x00000000080073b4                HAL_RCC_ClockConfig
 .text.HAL_RCC_GetPCLK1Freq
                0x000000000800750c       0x30 platforms/recovid_revB/HAL/CMakeFiles/hal.dir/STM32F3xx_HAL_Driver/Src/stm32f3xx_hal_rcc.c.obj
                0x000000000800750c                HAL_RCC_GetPCLK1Freq
 .text.HAL_RCC_GetPCLK2Freq
                0x000000000800753c       0x30 platforms/recovid_revB/HAL/CMakeFiles/hal.dir/STM32F3xx_HAL_Driver/Src/stm32f3xx_hal_rcc.c.obj
                0x000000000800753c                HAL_RCC_GetPCLK2Freq
 .text.HAL_RCC_GetClockConfig
                0x000000000800756c       0x3c platforms/recovid_revB/HAL/CMakeFiles/hal.dir/STM32F3xx_HAL_Driver/Src/stm32f3xx_hal_rcc.c.obj
                0x000000000800756c                HAL_RCC_GetClockConfig
 .text.TIMEx_DMACommutationCplt
                0x00000000080075a8        0xe platforms/recovid_revB/HAL/CMakeFiles/hal.dir/STM32F3xx_HAL_Driver/Src/stm32f3xx_hal_tim_ex.c.obj
                0x00000000080075a8                TIMEx_DMACommutationCplt
 .text.TIMEx_DMACommutationHalfCplt
                0x00000000080075b6        0xe platforms/recovid_revB/HAL/CMakeFiles/hal.dir/STM32F3xx_HAL_Driver/Src/stm32f3xx_hal_tim_ex.c.obj
                0x00000000080075b6                TIMEx_DMACommutationHalfCplt
 .text.HAL_TIMEx_MasterConfigSynchronization
                0x00000000080075c4       0x98 platforms/recovid_revB/HAL/CMakeFiles/hal.dir/STM32F3xx_HAL_Driver/Src/stm32f3xx_hal_tim_ex.c.obj
                0x00000000080075c4                HAL_TIMEx_MasterConfigSynchronization
 .text.HAL_TIMEx_CommutCallback
                0x000000000800765c        0x2 platforms/recovid_revB/HAL/CMakeFiles/hal.dir/STM32F3xx_HAL_Driver/Src/stm32f3xx_hal_tim_ex.c.obj
                0x000000000800765c                HAL_TIMEx_CommutCallback
 .text.HAL_TIMEx_CommutHalfCpltCallback
                0x000000000800765e        0x2 platforms/recovid_revB/HAL/CMakeFiles/hal.dir/STM32F3xx_HAL_Driver/Src/stm32f3xx_hal_tim_ex.c.obj
                0x000000000800765e                HAL_TIMEx_CommutHalfCpltCallback
 .text.HAL_TIMEx_BreakCallback
                0x0000000008007660        0x2 platforms/recovid_revB/HAL/CMakeFiles/hal.dir/STM32F3xx_HAL_Driver/Src/stm32f3xx_hal_tim_ex.c.obj
                0x0000000008007660                HAL_TIMEx_BreakCallback
 .text.HAL_TIMEx_Break2Callback
                0x0000000008007662        0x2 platforms/recovid_revB/HAL/CMakeFiles/hal.dir/STM32F3xx_HAL_Driver/Src/stm32f3xx_hal_tim_ex.c.obj
                0x0000000008007662                HAL_TIMEx_Break2Callback
 .text.TIM_DMAError
                0x0000000008007664        0xe platforms/recovid_revB/HAL/CMakeFiles/hal.dir/STM32F3xx_HAL_Driver/Src/stm32f3xx_hal_tim.c.obj
                0x0000000008007664                TIM_DMAError
 .text.TIM_DMADelayPulseCplt
                0x0000000008007672       0x3e platforms/recovid_revB/HAL/CMakeFiles/hal.dir/STM32F3xx_HAL_Driver/Src/stm32f3xx_hal_tim.c.obj
                0x0000000008007672                TIM_DMADelayPulseCplt
 .text.TIM_DMADelayPulseHalfCplt
                0x00000000080076b0       0x3e platforms/recovid_revB/HAL/CMakeFiles/hal.dir/STM32F3xx_HAL_Driver/Src/stm32f3xx_hal_tim.c.obj
                0x00000000080076b0                TIM_DMADelayPulseHalfCplt
 .text.TIM_DMAPeriodElapsedCplt
                0x00000000080076ee        0xc platforms/recovid_revB/HAL/CMakeFiles/hal.dir/STM32F3xx_HAL_Driver/Src/stm32f3xx_hal_tim.c.obj
 .text.TIM_DMAPeriodElapsedHalfCplt
                0x00000000080076fa        0xc platforms/recovid_revB/HAL/CMakeFiles/hal.dir/STM32F3xx_HAL_Driver/Src/stm32f3xx_hal_tim.c.obj
 .text.TIM_DMATriggerCplt
                0x0000000008007706        0xe platforms/recovid_revB/HAL/CMakeFiles/hal.dir/STM32F3xx_HAL_Driver/Src/stm32f3xx_hal_tim.c.obj
 .text.TIM_DMATriggerHalfCplt
                0x0000000008007714        0xe platforms/recovid_revB/HAL/CMakeFiles/hal.dir/STM32F3xx_HAL_Driver/Src/stm32f3xx_hal_tim.c.obj
 *fill*         0x0000000008007722        0x2 
 .text.TIM_OC1_SetConfig
                0x0000000008007724       0xa8 platforms/recovid_revB/HAL/CMakeFiles/hal.dir/STM32F3xx_HAL_Driver/Src/stm32f3xx_hal_tim.c.obj
 .text.TIM_OC3_SetConfig
                0x00000000080077cc       0x98 platforms/recovid_revB/HAL/CMakeFiles/hal.dir/STM32F3xx_HAL_Driver/Src/stm32f3xx_hal_tim.c.obj
 .text.TIM_OC4_SetConfig
                0x0000000008007864       0x70 platforms/recovid_revB/HAL/CMakeFiles/hal.dir/STM32F3xx_HAL_Driver/Src/stm32f3xx_hal_tim.c.obj
 .text.TIM_OC5_SetConfig
                0x00000000080078d4       0x70 platforms/recovid_revB/HAL/CMakeFiles/hal.dir/STM32F3xx_HAL_Driver/Src/stm32f3xx_hal_tim.c.obj
 .text.TIM_OC6_SetConfig
                0x0000000008007944       0x70 platforms/recovid_revB/HAL/CMakeFiles/hal.dir/STM32F3xx_HAL_Driver/Src/stm32f3xx_hal_tim.c.obj
 .text.HAL_TIM_PWM_MspInit
                0x00000000080079b4        0x2 platforms/recovid_revB/HAL/CMakeFiles/hal.dir/STM32F3xx_HAL_Driver/Src/stm32f3xx_hal_tim.c.obj
                0x00000000080079b4                HAL_TIM_PWM_MspInit
 .text.HAL_TIM_PeriodElapsedCallback
                0x00000000080079b6        0x2 platforms/recovid_revB/HAL/CMakeFiles/hal.dir/STM32F3xx_HAL_Driver/Src/stm32f3xx_hal_tim.c.obj
                0x00000000080079b6                HAL_TIM_PeriodElapsedCallback
 .text.HAL_TIM_PeriodElapsedHalfCpltCallback
                0x00000000080079b8        0x2 platforms/recovid_revB/HAL/CMakeFiles/hal.dir/STM32F3xx_HAL_Driver/Src/stm32f3xx_hal_tim.c.obj
                0x00000000080079b8                HAL_TIM_PeriodElapsedHalfCpltCallback
 .text.HAL_TIM_OC_DelayElapsedCallback
                0x00000000080079ba        0x2 platforms/recovid_revB/HAL/CMakeFiles/hal.dir/STM32F3xx_HAL_Driver/Src/stm32f3xx_hal_tim.c.obj
                0x00000000080079ba                HAL_TIM_OC_DelayElapsedCallback
 .text.HAL_TIM_IC_CaptureCallback
                0x00000000080079bc        0x2 platforms/recovid_revB/HAL/CMakeFiles/hal.dir/STM32F3xx_HAL_Driver/Src/stm32f3xx_hal_tim.c.obj
                0x00000000080079bc                HAL_TIM_IC_CaptureCallback
 .text.HAL_TIM_IC_CaptureHalfCpltCallback
                0x00000000080079be        0x2 platforms/recovid_revB/HAL/CMakeFiles/hal.dir/STM32F3xx_HAL_Driver/Src/stm32f3xx_hal_tim.c.obj
                0x00000000080079be                HAL_TIM_IC_CaptureHalfCpltCallback
 .text.HAL_TIM_PWM_PulseFinishedCallback
                0x00000000080079c0        0x2 platforms/recovid_revB/HAL/CMakeFiles/hal.dir/STM32F3xx_HAL_Driver/Src/stm32f3xx_hal_tim.c.obj
                0x00000000080079c0                HAL_TIM_PWM_PulseFinishedCallback
 .text.HAL_TIM_PWM_PulseFinishedHalfCpltCallback
                0x00000000080079c2        0x2 platforms/recovid_revB/HAL/CMakeFiles/hal.dir/STM32F3xx_HAL_Driver/Src/stm32f3xx_hal_tim.c.obj
                0x00000000080079c2                HAL_TIM_PWM_PulseFinishedHalfCpltCallback
 .text.HAL_TIM_TriggerCallback
                0x00000000080079c4        0x2 platforms/recovid_revB/HAL/CMakeFiles/hal.dir/STM32F3xx_HAL_Driver/Src/stm32f3xx_hal_tim.c.obj
                0x00000000080079c4                HAL_TIM_TriggerCallback
 .text.HAL_TIM_TriggerHalfCpltCallback
                0x00000000080079c6        0x2 platforms/recovid_revB/HAL/CMakeFiles/hal.dir/STM32F3xx_HAL_Driver/Src/stm32f3xx_hal_tim.c.obj
                0x00000000080079c6                HAL_TIM_TriggerHalfCpltCallback
 .text.HAL_TIM_ErrorCallback
                0x00000000080079c8        0x2 platforms/recovid_revB/HAL/CMakeFiles/hal.dir/STM32F3xx_HAL_Driver/Src/stm32f3xx_hal_tim.c.obj
                0x00000000080079c8                HAL_TIM_ErrorCallback
 *fill*         0x00000000080079ca        0x2 
 .text.HAL_TIM_Base_Start
                0x00000000080079cc       0x30 platforms/recovid_revB/HAL/CMakeFiles/hal.dir/STM32F3xx_HAL_Driver/Src/stm32f3xx_hal_tim.c.obj
                0x00000000080079cc                HAL_TIM_Base_Start
 .text.HAL_TIM_Base_Stop
                0x00000000080079fc       0x2e platforms/recovid_revB/HAL/CMakeFiles/hal.dir/STM32F3xx_HAL_Driver/Src/stm32f3xx_hal_tim.c.obj
                0x00000000080079fc                HAL_TIM_Base_Stop
 *fill*         0x0000000008007a2a        0x2 
 .text.HAL_TIM_Base_Start_IT
                0x0000000008007a2c       0x2c platforms/recovid_revB/HAL/CMakeFiles/hal.dir/STM32F3xx_HAL_Driver/Src/stm32f3xx_hal_tim.c.obj
                0x0000000008007a2c                HAL_TIM_Base_Start_IT
 .text.HAL_TIM_IRQHandler
                0x0000000008007a58      0x178 platforms/recovid_revB/HAL/CMakeFiles/hal.dir/STM32F3xx_HAL_Driver/Src/stm32f3xx_hal_tim.c.obj
                0x0000000008007a58                HAL_TIM_IRQHandler
 .text.HAL_TIM_DMABurst_MultiWriteStart
                0x0000000008007bd0       0xd8 platforms/recovid_revB/HAL/CMakeFiles/hal.dir/STM32F3xx_HAL_Driver/Src/stm32f3xx_hal_tim.c.obj
                0x0000000008007bd0                HAL_TIM_DMABurst_MultiWriteStart
 .text.HAL_TIM_DMABurst_WriteStop
                0x0000000008007ca8       0x60 platforms/recovid_revB/HAL/CMakeFiles/hal.dir/STM32F3xx_HAL_Driver/Src/stm32f3xx_hal_tim.c.obj
                0x0000000008007ca8                HAL_TIM_DMABurst_WriteStop
 .text.HAL_TIM_RegisterCallback
                0x0000000008007d08       0xfa platforms/recovid_revB/HAL/CMakeFiles/hal.dir/STM32F3xx_HAL_Driver/Src/stm32f3xx_hal_tim.c.obj
                0x0000000008007d08                HAL_TIM_RegisterCallback
 *fill*         0x0000000008007e02        0x2 
 .text.TIM_Base_SetConfig
                0x0000000008007e04       0xd4 platforms/recovid_revB/HAL/CMakeFiles/hal.dir/STM32F3xx_HAL_Driver/Src/stm32f3xx_hal_tim.c.obj
                0x0000000008007e04                TIM_Base_SetConfig
 .text.TIM_OC2_SetConfig
                0x0000000008007ed8       0x9c platforms/recovid_revB/HAL/CMakeFiles/hal.dir/STM32F3xx_HAL_Driver/Src/stm32f3xx_hal_tim.c.obj
                0x0000000008007ed8                TIM_OC2_SetConfig
 .text.HAL_TIM_PWM_ConfigChannel
                0x0000000008007f74      0x10c platforms/recovid_revB/HAL/CMakeFiles/hal.dir/STM32F3xx_HAL_Driver/Src/stm32f3xx_hal_tim.c.obj
                0x0000000008007f74                HAL_TIM_PWM_ConfigChannel
 .text.TIM_ETR_SetConfig
                0x0000000008008080       0x14 platforms/recovid_revB/HAL/CMakeFiles/hal.dir/STM32F3xx_HAL_Driver/Src/stm32f3xx_hal_tim.c.obj
                0x0000000008008080                TIM_ETR_SetConfig
 .text.HAL_TIM_ConfigClockSource
                0x0000000008008094      0x128 platforms/recovid_revB/HAL/CMakeFiles/hal.dir/STM32F3xx_HAL_Driver/Src/stm32f3xx_hal_tim.c.obj
                0x0000000008008094                HAL_TIM_ConfigClockSource
 .text.TIM_CCxChannelCmd
                0x00000000080081bc       0x1c platforms/recovid_revB/HAL/CMakeFiles/hal.dir/STM32F3xx_HAL_Driver/Src/stm32f3xx_hal_tim.c.obj
                0x00000000080081bc                TIM_CCxChannelCmd
 .text.HAL_TIM_OC_Start
                0x00000000080081d8       0x68 platforms/recovid_revB/HAL/CMakeFiles/hal.dir/STM32F3xx_HAL_Driver/Src/stm32f3xx_hal_tim.c.obj
                0x00000000080081d8                HAL_TIM_OC_Start
 .text.HAL_TIM_PWM_Start
                0x0000000008008240        0x4 platforms/recovid_revB/HAL/CMakeFiles/hal.dir/STM32F3xx_HAL_Driver/Src/stm32f3xx_hal_tim.c.obj
                0x0000000008008240                HAL_TIM_PWM_Start
 .text.HAL_TIM_OC_Start_IT
                0x0000000008008244       0xa0 platforms/recovid_revB/HAL/CMakeFiles/hal.dir/STM32F3xx_HAL_Driver/Src/stm32f3xx_hal_tim.c.obj
                0x0000000008008244                HAL_TIM_OC_Start_IT
 .text.HAL_TIM_PWM_Start_IT
                0x00000000080082e4        0x4 platforms/recovid_revB/HAL/CMakeFiles/hal.dir/STM32F3xx_HAL_Driver/Src/stm32f3xx_hal_tim.c.obj
                0x00000000080082e4                HAL_TIM_PWM_Start_IT
 .text.HAL_TIM_PWM_Stop
                0x00000000080082e8       0x84 platforms/recovid_revB/HAL/CMakeFiles/hal.dir/STM32F3xx_HAL_Driver/Src/stm32f3xx_hal_tim.c.obj
                0x00000000080082e8                HAL_TIM_PWM_Stop
 .text.TIM_ResetCallback
                0x000000000800836c       0x8c platforms/recovid_revB/HAL/CMakeFiles/hal.dir/STM32F3xx_HAL_Driver/Src/stm32f3xx_hal_tim.c.obj
                0x000000000800836c                TIM_ResetCallback
 .text.HAL_TIM_Base_Init
                0x00000000080083f8       0x48 platforms/recovid_revB/HAL/CMakeFiles/hal.dir/STM32F3xx_HAL_Driver/Src/stm32f3xx_hal_tim.c.obj
                0x00000000080083f8                HAL_TIM_Base_Init
 .text.HAL_TIM_PWM_Init
                0x0000000008008440       0x48 platforms/recovid_revB/HAL/CMakeFiles/hal.dir/STM32F3xx_HAL_Driver/Src/stm32f3xx_hal_tim.c.obj
                0x0000000008008440                HAL_TIM_PWM_Init
 .text.HAL_UARTEx_WakeupCallback
                0x0000000008008488        0x2 platforms/recovid_revB/HAL/CMakeFiles/hal.dir/STM32F3xx_HAL_Driver/Src/stm32f3xx_hal_uart_ex.c.obj
                0x0000000008008488                HAL_UARTEx_WakeupCallback
 .text.UART_EndRxTransfer
                0x000000000800848a       0x1c platforms/recovid_revB/HAL/CMakeFiles/hal.dir/STM32F3xx_HAL_Driver/Src/stm32f3xx_hal_uart.c.obj
 .text.UART_DMATransmitCplt
                0x00000000080084a6       0x2a platforms/recovid_revB/HAL/CMakeFiles/hal.dir/STM32F3xx_HAL_Driver/Src/stm32f3xx_hal_uart.c.obj
 .text.UART_DMATxHalfCplt
                0x00000000080084d0        0x8 platforms/recovid_revB/HAL/CMakeFiles/hal.dir/STM32F3xx_HAL_Driver/Src/stm32f3xx_hal_uart.c.obj
 .text.UART_DMAReceiveCplt
                0x00000000080084d8       0x34 platforms/recovid_revB/HAL/CMakeFiles/hal.dir/STM32F3xx_HAL_Driver/Src/stm32f3xx_hal_uart.c.obj
 .text.UART_DMARxHalfCplt
                0x000000000800850c        0x8 platforms/recovid_revB/HAL/CMakeFiles/hal.dir/STM32F3xx_HAL_Driver/Src/stm32f3xx_hal_uart.c.obj
 .text.UART_DMAAbortOnError
                0x0000000008008514       0x12 platforms/recovid_revB/HAL/CMakeFiles/hal.dir/STM32F3xx_HAL_Driver/Src/stm32f3xx_hal_uart.c.obj
 .text.HAL_UART_AbortReceiveCpltCallback
                0x0000000008008526        0x2 platforms/recovid_revB/HAL/CMakeFiles/hal.dir/STM32F3xx_HAL_Driver/Src/stm32f3xx_hal_uart.c.obj
                0x0000000008008526                HAL_UART_AbortReceiveCpltCallback
 .text.HAL_UART_TxCpltCallback
                0x0000000008008528        0x2 platforms/recovid_revB/HAL/CMakeFiles/hal.dir/STM32F3xx_HAL_Driver/Src/stm32f3xx_hal_uart.c.obj
                0x0000000008008528                HAL_UART_TxCpltCallback
 .text.HAL_UART_TxHalfCpltCallback
                0x000000000800852a        0x2 platforms/recovid_revB/HAL/CMakeFiles/hal.dir/STM32F3xx_HAL_Driver/Src/stm32f3xx_hal_uart.c.obj
                0x000000000800852a                HAL_UART_TxHalfCpltCallback
 .text.HAL_UART_RxCpltCallback
                0x000000000800852c        0x2 platforms/recovid_revB/HAL/CMakeFiles/hal.dir/STM32F3xx_HAL_Driver/Src/stm32f3xx_hal_uart.c.obj
                0x000000000800852c                HAL_UART_RxCpltCallback
 .text.HAL_UART_RxHalfCpltCallback
                0x000000000800852e        0x2 platforms/recovid_revB/HAL/CMakeFiles/hal.dir/STM32F3xx_HAL_Driver/Src/stm32f3xx_hal_uart.c.obj
                0x000000000800852e                HAL_UART_RxHalfCpltCallback
 .text.HAL_UART_ErrorCallback
                0x0000000008008530        0x2 platforms/recovid_revB/HAL/CMakeFiles/hal.dir/STM32F3xx_HAL_Driver/Src/stm32f3xx_hal_uart.c.obj
                0x0000000008008530                HAL_UART_ErrorCallback
 .text.HAL_UART_AbortCpltCallback
                0x0000000008008532        0x2 platforms/recovid_revB/HAL/CMakeFiles/hal.dir/STM32F3xx_HAL_Driver/Src/stm32f3xx_hal_uart.c.obj
                0x0000000008008532                HAL_UART_AbortCpltCallback
 .text.HAL_UART_AbortTransmitCpltCallback
                0x0000000008008534        0x2 platforms/recovid_revB/HAL/CMakeFiles/hal.dir/STM32F3xx_HAL_Driver/Src/stm32f3xx_hal_uart.c.obj
                0x0000000008008534                HAL_UART_AbortTransmitCpltCallback
 .text.UART_DMAError
                0x0000000008008536       0x50 platforms/recovid_revB/HAL/CMakeFiles/hal.dir/STM32F3xx_HAL_Driver/Src/stm32f3xx_hal_uart.c.obj
 .text.HAL_UART_RegisterCallback
                0x0000000008008586       0xac platforms/recovid_revB/HAL/CMakeFiles/hal.dir/STM32F3xx_HAL_Driver/Src/stm32f3xx_hal_uart.c.obj
                0x0000000008008586                HAL_UART_RegisterCallback
 *fill*         0x0000000008008632        0x2 
 .text.HAL_UART_Transmit_DMA
                0x0000000008008634       0x8c platforms/recovid_revB/HAL/CMakeFiles/hal.dir/STM32F3xx_HAL_Driver/Src/stm32f3xx_hal_uart.c.obj
                0x0000000008008634                HAL_UART_Transmit_DMA
 .text.HAL_UART_Receive_DMA
                0x00000000080086c0       0x90 platforms/recovid_revB/HAL/CMakeFiles/hal.dir/STM32F3xx_HAL_Driver/Src/stm32f3xx_hal_uart.c.obj
                0x00000000080086c0                HAL_UART_Receive_DMA
 .text.HAL_UART_IRQHandler
                0x0000000008008750      0x144 platforms/recovid_revB/HAL/CMakeFiles/hal.dir/STM32F3xx_HAL_Driver/Src/stm32f3xx_hal_uart.c.obj
                0x0000000008008750                HAL_UART_IRQHandler
 .text.HAL_UART_GetState
                0x0000000008008894        0x8 platforms/recovid_revB/HAL/CMakeFiles/hal.dir/STM32F3xx_HAL_Driver/Src/stm32f3xx_hal_uart.c.obj
                0x0000000008008894                HAL_UART_GetState
 .text.UART_InitCallbacksToDefault
                0x000000000800889c       0x5c platforms/recovid_revB/HAL/CMakeFiles/hal.dir/STM32F3xx_HAL_Driver/Src/stm32f3xx_hal_uart.c.obj
                0x000000000800889c                UART_InitCallbacksToDefault
 .text.UART_SetConfig
                0x00000000080088f8      0x21c platforms/recovid_revB/HAL/CMakeFiles/hal.dir/STM32F3xx_HAL_Driver/Src/stm32f3xx_hal_uart.c.obj
                0x00000000080088f8                UART_SetConfig
 .text.UART_AdvFeatureConfig
                0x0000000008008b14       0xa8 platforms/recovid_revB/HAL/CMakeFiles/hal.dir/STM32F3xx_HAL_Driver/Src/stm32f3xx_hal_uart.c.obj
                0x0000000008008b14                UART_AdvFeatureConfig
 .text.UART_WaitOnFlagUntilTimeout
                0x0000000008008bbc       0x84 platforms/recovid_revB/HAL/CMakeFiles/hal.dir/STM32F3xx_HAL_Driver/Src/stm32f3xx_hal_uart.c.obj
                0x0000000008008bbc                UART_WaitOnFlagUntilTimeout
 .text.HAL_UART_Transmit
                0x0000000008008c40       0xae platforms/recovid_revB/HAL/CMakeFiles/hal.dir/STM32F3xx_HAL_Driver/Src/stm32f3xx_hal_uart.c.obj
                0x0000000008008c40                HAL_UART_Transmit
 .text.UART_CheckIdleState
                0x0000000008008cee       0x60 platforms/recovid_revB/HAL/CMakeFiles/hal.dir/STM32F3xx_HAL_Driver/Src/stm32f3xx_hal_uart.c.obj
                0x0000000008008cee                UART_CheckIdleState
 *fill*         0x0000000008008d4e        0x2 
 .text.HAL_UART_Init
                0x0000000008008d50       0x78 platforms/recovid_revB/HAL/CMakeFiles/hal.dir/STM32F3xx_HAL_Driver/Src/stm32f3xx_hal_uart.c.obj
                0x0000000008008d50                HAL_UART_Init
 .text.HAL_Init
                0x0000000008008dc8       0x24 platforms/recovid_revB/HAL/CMakeFiles/hal.dir/STM32F3xx_HAL_Driver/Src/stm32f3xx_hal.c.obj
                0x0000000008008dc8                HAL_Init
 .text.HAL_IncTick
                0x0000000008008dec       0x18 platforms/recovid_revB/HAL/CMakeFiles/hal.dir/STM32F3xx_HAL_Driver/Src/stm32f3xx_hal.c.obj
                0x0000000008008dec                HAL_IncTick
 .text.HAL_GetTick
                0x0000000008008e04        0xc platforms/recovid_revB/HAL/CMakeFiles/hal.dir/STM32F3xx_HAL_Driver/Src/stm32f3xx_hal.c.obj
                0x0000000008008e04                HAL_GetTick
 .text.HAL_Delay
                0x0000000008008e10       0x28 platforms/recovid_revB/HAL/CMakeFiles/hal.dir/STM32F3xx_HAL_Driver/Src/stm32f3xx_hal.c.obj
                0x0000000008008e10                HAL_Delay
 .text.vApplicationGetIdleTaskMemory
                0x0000000008008e38       0x18 platforms/recovid_revB/FreeRTOS/CMakeFiles/freertos.dir/Source/CMSIS_RTOS_V2/cmsis_os2.c.obj
                0x0000000008008e38                vApplicationGetIdleTaskMemory
 .text.vApplicationGetTimerTaskMemory
                0x0000000008008e50       0x18 platforms/recovid_revB/FreeRTOS/CMakeFiles/freertos.dir/Source/CMSIS_RTOS_V2/cmsis_os2.c.obj
                0x0000000008008e50                vApplicationGetTimerTaskMemory
 .text.prvCheckForValidListAndQueue
                0x0000000008008e68       0x68 platforms/recovid_revB/FreeRTOS/CMakeFiles/freertos.dir/Source/timers.c.obj
 .text.prvInsertTimerInActiveList
                0x0000000008008ed0       0x3c platforms/recovid_revB/FreeRTOS/CMakeFiles/freertos.dir/Source/timers.c.obj
 .text.xTimerCreateTimerTask
                0x0000000008008f0c       0x64 platforms/recovid_revB/FreeRTOS/CMakeFiles/freertos.dir/Source/timers.c.obj
                0x0000000008008f0c                xTimerCreateTimerTask
 .text.xTimerGenericCommand
                0x0000000008008f70       0x58 platforms/recovid_revB/FreeRTOS/CMakeFiles/freertos.dir/Source/timers.c.obj
                0x0000000008008f70                xTimerGenericCommand
 .text.prvSwitchTimerLists
                0x0000000008008fc8       0x7c platforms/recovid_revB/FreeRTOS/CMakeFiles/freertos.dir/Source/timers.c.obj
 .text.prvTimerTask
                0x0000000008009044      0x1d0 platforms/recovid_revB/FreeRTOS/CMakeFiles/freertos.dir/Source/timers.c.obj
 .text.prvIsQueueEmpty
                0x0000000008009214       0x16 platforms/recovid_revB/FreeRTOS/CMakeFiles/freertos.dir/Source/queue.c.obj
 .text.prvCopyDataToQueue
                0x000000000800922a       0x66 platforms/recovid_revB/FreeRTOS/CMakeFiles/freertos.dir/Source/queue.c.obj
 .text.prvCopyDataFromQueue
                0x0000000008009290       0x2a platforms/recovid_revB/FreeRTOS/CMakeFiles/freertos.dir/Source/queue.c.obj
 .text.prvUnlockQueue
                0x00000000080092ba       0x70 platforms/recovid_revB/FreeRTOS/CMakeFiles/freertos.dir/Source/queue.c.obj
 *fill*         0x000000000800932a        0x2 
 .text.xQueueGenericReset
                0x000000000800932c       0x80 platforms/recovid_revB/FreeRTOS/CMakeFiles/freertos.dir/Source/queue.c.obj
                0x000000000800932c                xQueueGenericReset
 .text.xQueueGenericCreateStatic
                0x00000000080093ac       0x9a platforms/recovid_revB/FreeRTOS/CMakeFiles/freertos.dir/Source/queue.c.obj
                0x00000000080093ac                xQueueGenericCreateStatic
 .text.xQueueGenericCreate
                0x0000000008009446       0x4e platforms/recovid_revB/FreeRTOS/CMakeFiles/freertos.dir/Source/queue.c.obj
                0x0000000008009446                xQueueGenericCreate
 .text.xQueueGenericSend
                0x0000000008009494      0x164 platforms/recovid_revB/FreeRTOS/CMakeFiles/freertos.dir/Source/queue.c.obj
                0x0000000008009494                xQueueGenericSend
 .text.xQueueGenericSendFromISR
                0x00000000080095f8       0xc2 platforms/recovid_revB/FreeRTOS/CMakeFiles/freertos.dir/Source/queue.c.obj
                0x00000000080095f8                xQueueGenericSendFromISR
 *fill*         0x00000000080096ba        0x2 
 .text.xQueueReceive
                0x00000000080096bc      0x140 platforms/recovid_revB/FreeRTOS/CMakeFiles/freertos.dir/Source/queue.c.obj
                0x00000000080096bc                xQueueReceive
 .text.xQueueSemaphoreTake
                0x00000000080097fc      0x184 platforms/recovid_revB/FreeRTOS/CMakeFiles/freertos.dir/Source/queue.c.obj
                0x00000000080097fc                xQueueSemaphoreTake
 .text.vQueueAddToRegistry
                0x0000000008009980       0x24 platforms/recovid_revB/FreeRTOS/CMakeFiles/freertos.dir/Source/queue.c.obj
                0x0000000008009980                vQueueAddToRegistry
 .text.vQueueWaitForMessageRestricted
                0x00000000080099a4       0x46 platforms/recovid_revB/FreeRTOS/CMakeFiles/freertos.dir/Source/queue.c.obj
                0x00000000080099a4                vQueueWaitForMessageRestricted
 *fill*         0x00000000080099ea        0x2 
 .text.prvAddNewTaskToReadyList
                0x00000000080099ec      0x100 platforms/recovid_revB/FreeRTOS/CMakeFiles/freertos.dir/Source/tasks.c.obj
 .text.prvDeleteTCB
                0x0000000008009aec       0x36 platforms/recovid_revB/FreeRTOS/CMakeFiles/freertos.dir/Source/tasks.c.obj
 *fill*         0x0000000008009b22        0x2 
 .text.prvIdleTask
                0x0000000008009b24       0x64 platforms/recovid_revB/FreeRTOS/CMakeFiles/freertos.dir/Source/tasks.c.obj
 .text.prvResetNextTaskUnblockTime
                0x0000000008009b88       0x24 platforms/recovid_revB/FreeRTOS/CMakeFiles/freertos.dir/Source/tasks.c.obj
 .text.prvInitialiseNewTask.isra.2
                0x0000000008009bac       0x86 platforms/recovid_revB/FreeRTOS/CMakeFiles/freertos.dir/Source/tasks.c.obj
 *fill*         0x0000000008009c32        0x2 
 .text.prvAddCurrentTaskToDelayedList
                0x0000000008009c34       0x74 platforms/recovid_revB/FreeRTOS/CMakeFiles/freertos.dir/Source/tasks.c.obj
 .text.xTaskCreateStatic
                0x0000000008009ca8       0x6e platforms/recovid_revB/FreeRTOS/CMakeFiles/freertos.dir/Source/tasks.c.obj
                0x0000000008009ca8                xTaskCreateStatic
 .text.xTaskCreate
                0x0000000008009d16       0x5a platforms/recovid_revB/FreeRTOS/CMakeFiles/freertos.dir/Source/tasks.c.obj
                0x0000000008009d16                xTaskCreate
 .text.vTaskStartScheduler
                0x0000000008009d70       0x88 platforms/recovid_revB/FreeRTOS/CMakeFiles/freertos.dir/Source/tasks.c.obj
                0x0000000008009d70                vTaskStartScheduler
 .text.vTaskSuspendAll
                0x0000000008009df8       0x10 platforms/recovid_revB/FreeRTOS/CMakeFiles/freertos.dir/Source/tasks.c.obj
                0x0000000008009df8                vTaskSuspendAll
 .text.xTaskGetTickCount
                0x0000000008009e08        0xc platforms/recovid_revB/FreeRTOS/CMakeFiles/freertos.dir/Source/tasks.c.obj
                0x0000000008009e08                xTaskGetTickCount
 .text.xTaskIncrementTick
                0x0000000008009e14      0x120 platforms/recovid_revB/FreeRTOS/CMakeFiles/freertos.dir/Source/tasks.c.obj
                0x0000000008009e14                xTaskIncrementTick
 .text.xTaskResumeAll
                0x0000000008009f34       0xe8 platforms/recovid_revB/FreeRTOS/CMakeFiles/freertos.dir/Source/tasks.c.obj
                0x0000000008009f34                xTaskResumeAll
 .text.vTaskDelay
                0x000000000800a01c       0x48 platforms/recovid_revB/FreeRTOS/CMakeFiles/freertos.dir/Source/tasks.c.obj
                0x000000000800a01c                vTaskDelay
 .text.vTaskSwitchContext
                0x000000000800a064       0x78 platforms/recovid_revB/FreeRTOS/CMakeFiles/freertos.dir/Source/tasks.c.obj
                0x000000000800a064                vTaskSwitchContext
 .text.vTaskPlaceOnEventList
                0x000000000800a0dc       0x34 platforms/recovid_revB/FreeRTOS/CMakeFiles/freertos.dir/Source/tasks.c.obj
                0x000000000800a0dc                vTaskPlaceOnEventList
 .text.vTaskPlaceOnUnorderedEventList
                0x000000000800a110       0x58 platforms/recovid_revB/FreeRTOS/CMakeFiles/freertos.dir/Source/tasks.c.obj
                0x000000000800a110                vTaskPlaceOnUnorderedEventList
 .text.vTaskPlaceOnEventListRestricted
                0x000000000800a168       0x3c platforms/recovid_revB/FreeRTOS/CMakeFiles/freertos.dir/Source/tasks.c.obj
                0x000000000800a168                vTaskPlaceOnEventListRestricted
 .text.xTaskRemoveFromEventList
                0x000000000800a1a4       0x80 platforms/recovid_revB/FreeRTOS/CMakeFiles/freertos.dir/Source/tasks.c.obj
                0x000000000800a1a4                xTaskRemoveFromEventList
 .text.vTaskRemoveFromUnorderedEventList
                0x000000000800a224       0x84 platforms/recovid_revB/FreeRTOS/CMakeFiles/freertos.dir/Source/tasks.c.obj