Archive member included to satisfy reference by file (symbol)

/home/steadxp/st/stm32cubeide_1.3.0/plugins/com.st.stm32cube.ide.mcu.externaltools.gnu-tools-for-stm32.7-2018-q2-update.linux64_1.0.0.201904181610/tools/bin/../lib/gcc/arm-none-eabi/7.3.1/../../../../arm-none-eabi/lib/thumb/v7e-m/fpv4-sp/hard/libm.a(lib_a-s_fabs.o)
                              CMakeFiles/C_Controller.recovid_revB.elf.dir/src/breathing.c.obj (fabs)
/home/steadxp/st/stm32cubeide_1.3.0/plugins/com.st.stm32cube.ide.mcu.externaltools.gnu-tools-for-stm32.7-2018-q2-update.linux64_1.0.0.201904181610/tools/bin/../lib/gcc/arm-none-eabi/7.3.1/../../../../arm-none-eabi/lib/thumb/v7e-m/fpv4-sp/hard/libm.a(lib_a-s_round.o)
                              CMakeFiles/C_Controller.recovid_revB.elf.dir/src/breathing.c.obj (round)
/home/steadxp/st/stm32cubeide_1.3.0/plugins/com.st.stm32cube.ide.mcu.externaltools.gnu-tools-for-stm32.7-2018-q2-update.linux64_1.0.0.201904181610/tools/bin/../lib/gcc/arm-none-eabi/7.3.1/../../../../arm-none-eabi/lib/thumb/v7e-m/fpv4-sp/hard/libm.a(lib_a-sf_round.o)
                              CMakeFiles/C_Controller.recovid_revB.elf.dir/src/protocol.c.obj (roundf)
/home/steadxp/st/stm32cubeide_1.3.0/plugins/com.st.stm32cube.ide.mcu.externaltools.gnu-tools-for-stm32.7-2018-q2-update.linux64_1.0.0.201904181610/tools/bin/../lib/gcc/arm-none-eabi/7.3.1/../../../../arm-none-eabi/lib/thumb/v7e-m/fpv4-sp/hard/libm.a(lib_a-w_pow.o)
                              CMakeFiles/C_Controller.recovid_revB.elf.dir/src/controller.c.obj (pow)
/home/steadxp/st/stm32cubeide_1.3.0/plugins/com.st.stm32cube.ide.mcu.externaltools.gnu-tools-for-stm32.7-2018-q2-update.linux64_1.0.0.201904181610/tools/bin/../lib/gcc/arm-none-eabi/7.3.1/../../../../arm-none-eabi/lib/thumb/v7e-m/fpv4-sp/hard/libm.a(lib_a-wf_sqrt.o)
                              CMakeFiles/C_Controller.recovid_revB.elf.dir/src/controller.c.obj (sqrtf)
/home/steadxp/st/stm32cubeide_1.3.0/plugins/com.st.stm32cube.ide.mcu.externaltools.gnu-tools-for-stm32.7-2018-q2-update.linux64_1.0.0.201904181610/tools/bin/../lib/gcc/arm-none-eabi/7.3.1/../../../../arm-none-eabi/lib/thumb/v7e-m/fpv4-sp/hard/libm.a(lib_a-e_pow.o)
                              /home/steadxp/st/stm32cubeide_1.3.0/plugins/com.st.stm32cube.ide.mcu.externaltools.gnu-tools-for-stm32.7-2018-q2-update.linux64_1.0.0.201904181610/tools/bin/../lib/gcc/arm-none-eabi/7.3.1/../../../../arm-none-eabi/lib/thumb/v7e-m/fpv4-sp/hard/libm.a(lib_a-w_pow.o) (__ieee754_pow)
/home/steadxp/st/stm32cubeide_1.3.0/plugins/com.st.stm32cube.ide.mcu.externaltools.gnu-tools-for-stm32.7-2018-q2-update.linux64_1.0.0.201904181610/tools/bin/../lib/gcc/arm-none-eabi/7.3.1/../../../../arm-none-eabi/lib/thumb/v7e-m/fpv4-sp/hard/libm.a(lib_a-e_sqrt.o)
                              /home/steadxp/st/stm32cubeide_1.3.0/plugins/com.st.stm32cube.ide.mcu.externaltools.gnu-tools-for-stm32.7-2018-q2-update.linux64_1.0.0.201904181610/tools/bin/../lib/gcc/arm-none-eabi/7.3.1/../../../../arm-none-eabi/lib/thumb/v7e-m/fpv4-sp/hard/libm.a(lib_a-e_pow.o) (__ieee754_sqrt)
/home/steadxp/st/stm32cubeide_1.3.0/plugins/com.st.stm32cube.ide.mcu.externaltools.gnu-tools-for-stm32.7-2018-q2-update.linux64_1.0.0.201904181610/tools/bin/../lib/gcc/arm-none-eabi/7.3.1/../../../../arm-none-eabi/lib/thumb/v7e-m/fpv4-sp/hard/libm.a(lib_a-ef_sqrt.o)
                              /home/steadxp/st/stm32cubeide_1.3.0/plugins/com.st.stm32cube.ide.mcu.externaltools.gnu-tools-for-stm32.7-2018-q2-update.linux64_1.0.0.201904181610/tools/bin/../lib/gcc/arm-none-eabi/7.3.1/../../../../arm-none-eabi/lib/thumb/v7e-m/fpv4-sp/hard/libm.a(lib_a-wf_sqrt.o) (__ieee754_sqrtf)
/home/steadxp/st/stm32cubeide_1.3.0/plugins/com.st.stm32cube.ide.mcu.externaltools.gnu-tools-for-stm32.7-2018-q2-update.linux64_1.0.0.201904181610/tools/bin/../lib/gcc/arm-none-eabi/7.3.1/../../../../arm-none-eabi/lib/thumb/v7e-m/fpv4-sp/hard/libm.a(lib_a-s_finite.o)
                              /home/steadxp/st/stm32cubeide_1.3.0/plugins/com.st.stm32cube.ide.mcu.externaltools.gnu-tools-for-stm32.7-2018-q2-update.linux64_1.0.0.201904181610/tools/bin/../lib/gcc/arm-none-eabi/7.3.1/../../../../arm-none-eabi/lib/thumb/v7e-m/fpv4-sp/hard/libm.a(lib_a-w_pow.o) (finite)
/home/steadxp/st/stm32cubeide_1.3.0/plugins/com.st.stm32cube.ide.mcu.externaltools.gnu-tools-for-stm32.7-2018-q2-update.linux64_1.0.0.201904181610/tools/bin/../lib/gcc/arm-none-eabi/7.3.1/../../../../arm-none-eabi/lib/thumb/v7e-m/fpv4-sp/hard/libm.a(lib_a-s_lib_ver.o)
                              /home/steadxp/st/stm32cubeide_1.3.0/plugins/com.st.stm32cube.ide.mcu.externaltools.gnu-tools-for-stm32.7-2018-q2-update.linux64_1.0.0.201904181610/tools/bin/../lib/gcc/arm-none-eabi/7.3.1/../../../../arm-none-eabi/lib/thumb/v7e-m/fpv4-sp/hard/libm.a(lib_a-w_pow.o) (__fdlib_version)
[...]
Memory Configuration

Name             Origin             Length             Attributes
CCMRAM           0x0000000010000000 0x0000000000004000 xrw
RAM              0x0000000020000000 0x0000000000010000 xrw
FLASH            0x0000000008000000 0x0000000000080000 xr
*default*        0x0000000000000000 0xffffffffffffffff

Linker script and memory map

LOAD /home/steadxp/st/stm32cubeide_1.3.0/plugins/com.st.stm32cube.ide.mcu.externaltools.gnu-tools-for-stm32.7-2018-q2-update.linux64_1.0.0.201904181610/tools/bin/../lib/gcc/arm-none-eabi/7.3.1/thumb/v7e-m/fpv4-sp/hard/crtfastmath.o
LOAD /home/steadxp/st/stm32cubeide_1.3.0/plugins/com.st.stm32cube.ide.mcu.externaltools.gnu-tools-for-stm32.7-2018-q2-update.linux64_1.0.0.201904181610/tools/bin/../lib/gcc/arm-none-eabi/7.3.1/thumb/v7e-m/fpv4-sp/hard/crti.o
LOAD /home/steadxp/st/stm32cubeide_1.3.0/plugins/com.st.stm32cube.ide.mcu.externaltools.gnu-tools-for-stm32.7-2018-q2-update.linux64_1.0.0.201904181610/tools/bin/../lib/gcc/arm-none-eabi/7.3.1/thumb/v7e-m/fpv4-sp/hard/crtbegin.o
LOAD /home/steadxp/st/stm32cubeide_1.3.0/plugins/com.st.stm32cube.ide.mcu.externaltools.gnu-tools-for-stm32.7-2018-q2-update.linux64_1.0.0.201904181610/tools/bin/../lib/gcc/arm-none-eabi/7.3.1/../../../../arm-none-eabi/lib/thumb/v7e-m/fpv4-sp/hard/crt0.o
LOAD CMakeFiles/C_Controller.recovid_revB.elf.dir/src/controller.c.obj
LOAD CMakeFiles/C_Controller.recovid_revB.elf.dir/src/monitoring.c.obj
LOAD CMakeFiles/C_Controller.recovid_revB.elf.dir/src/breathing.c.obj
LOAD CMakeFiles/C_Controller.recovid_revB.elf.dir/src/hmi.c.obj
LOAD CMakeFiles/C_Controller.recovid_revB.elf.dir/src/protocol.c.obj
LOAD CMakeFiles/C_Controller.recovid_revB.elf.dir/src/compute_motor.c.obj
LOAD CMakeFiles/C_Controller.recovid_revB.elf.dir/src/main.c.obj
LOAD platforms/recovid_revB/CMakeFiles/platform.dir/recovid_revB.c.obj
LOAD platforms/recovid_revB/CMakeFiles/platform.dir/syscalls.c.obj
LOAD platforms/recovid_revB/CMakeFiles/platform.dir/sysmem.c.obj
LOAD platforms/recovid_revB/CMakeFiles/platform.dir/stm32f3xx_hal_msp_tick.c.obj
LOAD platforms/recovid_revB/CMakeFiles/platform.dir/stm32f3xx_hal_msp.c.obj
LOAD platforms/recovid_revB/CMakeFiles/platform.dir/stm32f3xx_it.c.obj
LOAD platforms/recovid_revB/CMakeFiles/platform.dir/time.c.obj
LOAD platforms/recovid_revB/CMakeFiles/platform.dir/uart.c.obj
LOAD platforms/recovid_revB/CMakeFiles/platform.dir/motor.c.obj
LOAD platforms/recovid_revB/CMakeFiles/platform.dir/motor_pep.c.obj
LOAD platforms/recovid_revB/CMakeFiles/platform.dir/sensors.c.obj
LOAD platforms/recovid_revB/CMakeFiles/platform.dir/indicators.c.obj
LOAD platforms/recovid_revB/CMakeFiles/platform.dir/pep_valve.c.obj
LOAD platforms/recovid_revB/CMakeFiles/platform.dir/gpio.c.obj
LOAD platforms/recovid_revB/FreeRTOS/CMakeFiles/freertos.dir/Source/CMSIS_RTOS_V2/cmsis_os2.c.obj
LOAD platforms/recovid_revB/FreeRTOS/CMakeFiles/freertos.dir/Source/timers.c.obj
LOAD platforms/recovid_revB/FreeRTOS/CMakeFiles/freertos.dir/Source/queue.c.obj
LOAD platforms/recovid_revB/FreeRTOS/CMakeFiles/freertos.dir/Source/tasks.c.obj
LOAD platforms/recovid_revB/FreeRTOS/CMakeFiles/freertos.dir/Source/croutine.c.obj
LOAD platforms/recovid_revB/FreeRTOS/CMakeFiles/freertos.dir/Source/event_groups.c.obj
LOAD platforms/recovid_revB/FreeRTOS/CMakeFiles/freertos.dir/Source/list.c.obj
LOAD platforms/recovid_revB/FreeRTOS/CMakeFiles/freertos.dir/Source/portable/MemMang/heap_4.c.obj
LOAD platforms/recovid_revB/FreeRTOS/CMakeFiles/freertos.dir/Source/portable/GCC/ARM_CM4F/port.c.obj
LOAD platforms/recovid_revB/HAL/CMakeFiles/hal.dir/system_stm32f3xx.c.obj
LOAD platforms/recovid_revB/HAL/CMakeFiles/hal.dir/Drivers/startup_stm32f303retx.s.obj
LOAD platforms/recovid_revB/HAL/CMakeFiles/hal.dir/Drivers/STM32F3xx_HAL_Driver/Src/stm32f3xx_hal_cortex.c.obj
LOAD platforms/recovid_revB/HAL/CMakeFiles/hal.dir/Drivers/STM32F3xx_HAL_Driver/Src/stm32f3xx_hal_dma.c.obj
LOAD platforms/recovid_revB/HAL/CMakeFiles/hal.dir/Drivers/STM32F3xx_HAL_Driver/Src/stm32f3xx_hal_exti.c.obj
LOAD platforms/recovid_revB/HAL/CMakeFiles/hal.dir/Drivers/STM32F3xx_HAL_Driver/Src/stm32f3xx_hal_flash_ex.c.obj
LOAD platforms/recovid_revB/HAL/CMakeFiles/hal.dir/Drivers/STM32F3xx_HAL_Driver/Src/stm32f3xx_hal_flash.c.obj
LOAD platforms/recovid_revB/HAL/CMakeFiles/hal.dir/Drivers/STM32F3xx_HAL_Driver/Src/stm32f3xx_hal_gpio.c.obj
LOAD platforms/recovid_revB/HAL/CMakeFiles/hal.dir/Drivers/STM32F3xx_HAL_Driver/Src/stm32f3xx_hal_i2c_ex.c.obj
LOAD platforms/recovid_revB/HAL/CMakeFiles/hal.dir/Drivers/STM32F3xx_HAL_Driver/Src/stm32f3xx_hal_i2c.c.obj
LOAD platforms/recovid_revB/HAL/CMakeFiles/hal.dir/Drivers/STM32F3xx_HAL_Driver/Src/stm32f3xx_hal_pwr_ex.c.obj
LOAD platforms/recovid_revB/HAL/CMakeFiles/hal.dir/Drivers/STM32F3xx_HAL_Driver/Src/stm32f3xx_hal_pwr.c.obj
LOAD platforms/recovid_revB/HAL/CMakeFiles/hal.dir/Drivers/STM32F3xx_HAL_Driver/Src/stm32f3xx_hal_rcc_ex.c.obj
LOAD platforms/recovid_revB/HAL/CMakeFiles/hal.dir/Drivers/STM32F3xx_HAL_Driver/Src/stm32f3xx_hal_rcc.c.obj
LOAD platforms/recovid_revB/HAL/CMakeFiles/hal.dir/Drivers/STM32F3xx_HAL_Driver/Src/stm32f3xx_hal_tim_ex.c.obj
LOAD platforms/recovid_revB/HAL/CMakeFiles/hal.dir/Drivers/STM32F3xx_HAL_Driver/Src/stm32f3xx_hal_tim.c.obj
LOAD platforms/recovid_revB/HAL/CMakeFiles/hal.dir/Drivers/STM32F3xx_HAL_Driver/Src/stm32f3xx_hal_uart_ex.c.obj
LOAD platforms/recovid_revB/HAL/CMakeFiles/hal.dir/Drivers/STM32F3xx_HAL_Driver/Src/stm32f3xx_hal_uart.c.obj
LOAD platforms/recovid_revB/HAL/CMakeFiles/hal.dir/Drivers/STM32F3xx_HAL_Driver/Src/stm32f3xx_hal.c.obj
LOAD platforms/recovid_revB/HAL/CMakeFiles/hal.dir/Drivers/STM32F3xx_HAL_Driver/Src/stm32f3xx_ll_adc.c.obj
LOAD platforms/recovid_revB/HAL/CMakeFiles/hal.dir/Drivers/STM32F3xx_HAL_Driver/Src/stm32f3xx_ll_comp.c.obj
LOAD platforms/recovid_revB/HAL/CMakeFiles/hal.dir/Drivers/STM32F3xx_HAL_Driver/Src/stm32f3xx_ll_crc.c.obj
LOAD platforms/recovid_revB/HAL/CMakeFiles/hal.dir/Drivers/STM32F3xx_HAL_Driver/Src/stm32f3xx_ll_dac.c.obj
LOAD platforms/recovid_revB/HAL/CMakeFiles/hal.dir/Drivers/STM32F3xx_HAL_Driver/Src/stm32f3xx_ll_dma.c.obj
LOAD platforms/recovid_revB/HAL/CMakeFiles/hal.dir/Drivers/STM32F3xx_HAL_Driver/Src/stm32f3xx_ll_exti.c.obj
LOAD platforms/recovid_revB/HAL/CMakeFiles/hal.dir/Drivers/STM32F3xx_HAL_Driver/Src/stm32f3xx_ll_fmc.c.obj
LOAD platforms/recovid_revB/HAL/CMakeFiles/hal.dir/Drivers/STM32F3xx_HAL_Driver/Src/stm32f3xx_ll_gpio.c.obj
LOAD platforms/recovid_revB/HAL/CMakeFiles/hal.dir/Drivers/STM32F3xx_HAL_Driver/Src/stm32f3xx_ll_hrtim.c.obj
LOAD platforms/recovid_revB/HAL/CMakeFiles/hal.dir/Drivers/STM32F3xx_HAL_Driver/Src/stm32f3xx_ll_i2c.c.obj
LOAD platforms/recovid_revB/HAL/CMakeFiles/hal.dir/Drivers/STM32F3xx_HAL_Driver/Src/stm32f3xx_ll_opamp.c.obj
LOAD platforms/recovid_revB/HAL/CMakeFiles/hal.dir/Drivers/STM32F3xx_HAL_Driver/Src/stm32f3xx_ll_pwr.c.obj
LOAD platforms/recovid_revB/HAL/CMakeFiles/hal.dir/Drivers/STM32F3xx_HAL_Driver/Src/stm32f3xx_ll_rcc.c.obj
LOAD platforms/recovid_revB/HAL/CMakeFiles/hal.dir/Drivers/STM32F3xx_HAL_Driver/Src/stm32f3xx_ll_rtc.c.obj
LOAD platforms/recovid_revB/HAL/CMakeFiles/hal.dir/Drivers/STM32F3xx_HAL_Driver/Src/stm32f3xx_ll_spi.c.obj
LOAD platforms/recovid_revB/HAL/CMakeFiles/hal.dir/Drivers/STM32F3xx_HAL_Driver/Src/stm32f3xx_ll_tim.c.obj
LOAD platforms/recovid_revB/HAL/CMakeFiles/hal.dir/Drivers/STM32F3xx_HAL_Driver/Src/stm32f3xx_ll_usart.c.obj
LOAD platforms/recovid_revB/HAL/CMakeFiles/hal.dir/Drivers/STM32F3xx_HAL_Driver/Src/stm32f3xx_ll_usb.c.obj
LOAD platforms/recovid_revB/HAL/CMakeFiles/hal.dir/Drivers/STM32F3xx_HAL_Driver/Src/stm32f3xx_ll_utils.c.obj
LOAD /home/steadxp/st/stm32cubeide_1.3.0/plugins/com.st.stm32cube.ide.mcu.externaltools.gnu-tools-for-stm32.7-2018-q2-update.linux64_1.0.0.201904181610/tools/bin/../lib/gcc/arm-none-eabi/7.3.1/../../../../arm-none-eabi/lib/thumb/v7e-m/fpv4-sp/hard/libm.a
START GROUP
LOAD /home/steadxp/st/stm32cubeide_1.3.0/plugins/com.st.stm32cube.ide.mcu.externaltools.gnu-tools-for-stm32.7-2018-q2-update.linux64_1.0.0.201904181610/tools/bin/../lib/gcc/arm-none-eabi/7.3.1/thumb/v7e-m/fpv4-sp/hard/libgcc.a
LOAD /home/steadxp/st/stm32cubeide_1.3.0/plugins/com.st.stm32cube.ide.mcu.externaltools.gnu-tools-for-stm32.7-2018-q2-update.linux64_1.0.0.201904181610/tools/bin/../lib/gcc/arm-none-eabi/7.3.1/../../../../arm-none-eabi/lib/thumb/v7e-m/fpv4-sp/hard/libg_nano.a
LOAD /home/steadxp/st/stm32cubeide_1.3.0/plugins/com.st.stm32cube.ide.mcu.externaltools.gnu-tools-for-stm32.7-2018-q2-update.linux64_1.0.0.201904181610/tools/bin/../lib/gcc/arm-none-eabi/7.3.1/../../../../arm-none-eabi/lib/thumb/v7e-m/fpv4-sp/hard/libc_nano.a
END GROUP
START GROUP
LOAD /home/steadxp/st/stm32cubeide_1.3.0/plugins/com.st.stm32cube.ide.mcu.externaltools.gnu-tools-for-stm32.7-2018-q2-update.linux64_1.0.0.201904181610/tools/bin/../lib/gcc/arm-none-eabi/7.3.1/thumb/v7e-m/fpv4-sp/hard/libgcc.a
LOAD /home/steadxp/st/stm32cubeide_1.3.0/plugins/com.st.stm32cube.ide.mcu.externaltools.gnu-tools-for-stm32.7-2018-q2-update.linux64_1.0.0.201904181610/tools/bin/../lib/gcc/arm-none-eabi/7.3.1/../../../../arm-none-eabi/lib/thumb/v7e-m/fpv4-sp/hard/libc_nano.a
END GROUP
LOAD /home/steadxp/st/stm32cubeide_1.3.0/plugins/com.st.stm32cube.ide.mcu.externaltools.gnu-tools-for-stm32.7-2018-q2-update.linux64_1.0.0.201904181610/tools/bin/../lib/gcc/arm-none-eabi/7.3.1/thumb/v7e-m/fpv4-sp/hard/crtend.o
LOAD /home/steadxp/st/stm32cubeide_1.3.0/plugins/com.st.stm32cube.ide.mcu.externaltools.gnu-tools-for-stm32.7-2018-q2-update.linux64_1.0.0.201904181610/tools/bin/../lib/gcc/arm-none-eabi/7.3.1/thumb/v7e-m/fpv4-sp/hard/crtn.o
                0x0000000020010000                _estack = (ORIGIN (RAM) + LENGTH (RAM))
                0x0000000000000200                _Min_Heap_Size = 0x200
                0x0000000000000400                _Min_Stack_Size = 0x400

.isr_vector     0x0000000008000000      0x194
                0x0000000008000000                . = ALIGN (0x4)
 *(.isr_vector)
 .isr_vector    0x0000000008000000      0x194 platforms/recovid_revB/HAL/CMakeFiles/hal.dir/Drivers/startup_stm32f303retx.s.obj
                0x0000000008000000                g_pfnVectors
                0x0000000008000194                . = ALIGN (0x4)

.text           0x00000000080001a0     0xab88
                0x00000000080001a0                . = ALIGN (0x4)
 *(.text)
 .text          0x00000000080001a0       0x40 /home/steadxp/st/stm32cubeide_1.3.0/plugins/com.st.stm32cube.ide.mcu.externaltools.gnu-tools-for-stm32.7-2018-q2-update.linux64_1.0.0.201904181610/tools/bin/../lib/gcc/arm-none-eabi/7.3.1/thumb/v7e-m/fpv4-sp/hard/crtbegin.o
 .text          0x00000000080001e0      0x378 /home/steadxp/st/stm32cubeide_1.3.0/plugins/com.st.stm32cube.ide.mcu.externaltools.gnu-tools-for-stm32.7-2018-q2-update.linux64_1.0.0.201904181610/tools/bin/../lib/gcc/arm-none-eabi/7.3.1/thumb/v7e-m/fpv4-sp/hard/libgcc.a(_arm_addsubdf3.o)
                0x00000000080001e0                __aeabi_drsub
                0x00000000080001e8                __aeabi_dsub
                0x00000000080001e8                __subdf3
                0x00000000080001ec                __adddf3
                0x00000000080001ec                __aeabi_dadd
                0x0000000008000464                __aeabi_ui2d
                0x0000000008000464                __floatunsidf
                0x0000000008000484                __floatsidf
                0x0000000008000484                __aeabi_i2d
                0x00000000080004a8                __extendsfdf2
                0x00000000080004a8                __aeabi_f2d
                0x00000000080004ec                __aeabi_ul2d
                0x00000000080004ec                __floatundidf
                0x00000000080004fc                __floatdidf
                0x00000000080004fc                __aeabi_l2d
 .text          0x0000000008000558      0x424 /home/steadxp/st/stm32cubeide_1.3.0/plugins/com.st.stm32cube.ide.mcu.externaltools.gnu-tools-for-stm32.7-2018-q2-update.linux64_1.0.0.201904181610/tools/bin/../lib/gcc/arm-none-eabi/7.3.1/thumb/v7e-m/fpv4-sp/hard/libgcc.a(_arm_muldivdf3.o)
                0x0000000008000558                __aeabi_dmul
                0x0000000008000558                __muldf3
                0x00000000080007ac                __aeabi_ddiv
                0x00000000080007ac                __divdf3
 .text          0x000000000800097c      0x110 /home/steadxp/st/stm32cubeide_1.3.0/plugins/com.st.stm32cube.ide.mcu.externaltools.gnu-tools-for-stm32.7-2018-q2-update.linux64_1.0.0.201904181610/tools/bin/../lib/gcc/arm-none-eabi/7.3.1/thumb/v7e-m/fpv4-sp/hard/libgcc.a(_arm_cmpdf2.o)
                0x000000000800097c                __gtdf2
                0x000000000800097c                __gedf2
                0x0000000008000984                __ltdf2
                0x0000000008000984                __ledf2
                0x000000000800098c                __cmpdf2
                0x000000000800098c                __eqdf2
                0x000000000800098c                __nedf2
                0x0000000008000a08                __aeabi_cdrcmple
                0x0000000008000a18                __aeabi_cdcmple
                0x0000000008000a18                __aeabi_cdcmpeq
                0x0000000008000a28                __aeabi_dcmpeq
                0x0000000008000a3c                __aeabi_dcmplt
                0x0000000008000a50                __aeabi_dcmple
                0x0000000008000a64                __aeabi_dcmpge
                0x0000000008000a78                __aeabi_dcmpgt
 .text          0x0000000008000a8c       0x50 /home/steadxp/st/stm32cubeide_1.3.0/plugins/com.st.stm32cube.ide.mcu.externaltools.gnu-tools-for-stm32.7-2018-q2-update.linux64_1.0.0.201904181610/tools/bin/../lib/gcc/arm-none-eabi/7.3.1/thumb/v7e-m/fpv4-sp/hard/libgcc.a(_arm_fixdfsi.o)
                0x0000000008000a8c                __fixdfsi
                0x0000000008000a8c                __aeabi_d2iz
 .text          0x0000000008000adc       0x40 /home/steadxp/st/stm32cubeide_1.3.0/plugins/com.st.stm32cube.ide.mcu.externaltools.gnu-tools-for-stm32.7-2018-q2-update.linux64_1.0.0.201904181610/tools/bin/../lib/gcc/arm-none-eabi/7.3.1/thumb/v7e-m/fpv4-sp/hard/libgcc.a(_arm_fixunsdfsi.o)
                0x0000000008000adc                __fixunsdfsi
                0x0000000008000adc                __aeabi_d2uiz
 .text          0x0000000008000b1c       0xa0 /home/steadxp/st/stm32cubeide_1.3.0/plugins/com.st.stm32cube.ide.mcu.externaltools.gnu-tools-for-stm32.7-2018-q2-update.linux64_1.0.0.201904181610/tools/bin/../lib/gcc/arm-none-eabi/7.3.1/thumb/v7e-m/fpv4-sp/hard/libgcc.a(_arm_truncdfsf2.o)
                0x0000000008000b1c                __aeabi_d2f
                0x0000000008000b1c                __truncdfsf2
 .text          0x0000000008000bbc       0x30 /home/steadxp/st/stm32cubeide_1.3.0/plugins/com.st.stm32cube.ide.mcu.externaltools.gnu-tools-for-stm32.7-2018-q2-update.linux64_1.0.0.201904181610/tools/bin/../lib/gcc/arm-none-eabi/7.3.1/thumb/v7e-m/fpv4-sp/hard/libgcc.a(_aeabi_uldivmod.o)
                0x0000000008000bbc                __aeabi_uldivmod
 .text          0x0000000008000bec      0x2cc /home/steadxp/st/stm32cubeide_1.3.0/plugins/com.st.stm32cube.ide.mcu.externaltools.gnu-tools-for-stm32.7-2018-q2-update.linux64_1.0.0.201904181610/tools/bin/../lib/gcc/arm-none-eabi/7.3.1/thumb/v7e-m/fpv4-sp/hard/libgcc.a(_udivmoddi4.o)
                0x0000000008000bec                __udivmoddi4
 .text          0x0000000008000eb8        0x4 /home/steadxp/st/stm32cubeide_1.3.0/plugins/com.st.stm32cube.ide.mcu.externaltools.gnu-tools-for-stm32.7-2018-q2-update.linux64_1.0.0.201904181610/tools/bin/../lib/gcc/arm-none-eabi/7.3.1/thumb/v7e-m/fpv4-sp/hard/libgcc.a(_dvmd_tls.o)
                0x0000000008000eb8                __aeabi_ldiv0
                0x0000000008000eb8                __aeabi_idiv0
 .text          0x0000000008000ebc       0x10 /home/steadxp/st/stm32cubeide_1.3.0/plugins/com.st.stm32cube.ide.mcu.externaltools.gnu-tools-for-stm32.7-2018-q2-update.linux64_1.0.0.201904181610/tools/bin/../lib/gcc/arm-none-eabi/7.3.1/../../../../arm-none-eabi/lib/thumb/v7e-m/fpv4-sp/hard/libg_nano.a(lib_a-strlen.o)
                0x0000000008000ebc                strlen
 *fill*         0x0000000008000ecc        0x4 
 .text          0x0000000008000ed0       0xa0 /home/steadxp/st/stm32cubeide_1.3.0/plugins/com.st.stm32cube.ide.mcu.externaltools.gnu-tools-for-stm32.7-2018-q2-update.linux64_1.0.0.201904181610/tools/bin/../lib/gcc/arm-none-eabi/7.3.1/../../../../arm-none-eabi/lib/thumb/v7e-m/fpv4-sp/hard/libg_nano.a(lib_a-memchr.o)
                0x0000000008000ed0                memchr
 *(.text*)
 .text.startup  0x0000000008000f70       0x10 /home/steadxp/st/stm32cubeide_1.3.0/plugins/com.st.stm32cube.ide.mcu.externaltools.gnu-tools-for-stm32.7-2018-q2-update.linux64_1.0.0.201904181610/tools/bin/../lib/gcc/arm-none-eabi/7.3.1/thumb/v7e-m/fpv4-sp/hard/crtfastmath.o
 .text.check    0x0000000008000f80       0x1c CMakeFiles/C_Controller.recovid_revB.elf.dir/src/controller.c.obj
                0x0000000008000f80                check
 .text.controller_run
                0x0000000008000f9c      0x3e8 CMakeFiles/C_Controller.recovid_revB.elf.dir/src/controller.c.obj
                0x0000000008000f9c                controller_run
 .text.set_setting_EoI_ratio_x10
                0x0000000008001384       0x80 CMakeFiles/C_Controller.recovid_revB.elf.dir/src/controller.c.obj
                0x0000000008001384                set_setting_EoI_ratio_x10
 .text.set_setting_PEP_cmH2O
                0x0000000008001404       0x1c CMakeFiles/C_Controller.recovid_revB.elf.dir/src/controller.c.obj
                0x0000000008001404                set_setting_PEP_cmH2O
 .text.set_setting_Pmax_cmH2O
                0x0000000008001420       0x1c CMakeFiles/C_Controller.recovid_revB.elf.dir/src/controller.c.obj
                0x0000000008001420                set_setting_Pmax_cmH2O
 .text.set_setting_Pmin_cmH2O
                0x000000000800143c       0x1c CMakeFiles/C_Controller.recovid_revB.elf.dir/src/controller.c.obj
                0x000000000800143c                set_setting_Pmin_cmH2O
 .text.set_setting_VTmin_mL
                0x0000000008001458       0x1c CMakeFiles/C_Controller.recovid_revB.elf.dir/src/controller.c.obj
                0x0000000008001458                set_setting_VTmin_mL
 .text.set_setting_VTmax_mL
                0x0000000008001474       0x1c CMakeFiles/C_Controller.recovid_revB.elf.dir/src/controller.c.obj
                0x0000000008001474                set_setting_VTmax_mL
 .text.set_setting_FRmin_pm
                0x0000000008001490       0x1c CMakeFiles/C_Controller.recovid_revB.elf.dir/src/controller.c.obj
                0x0000000008001490                set_setting_FRmin_pm
 .text.set_setting_VMmin_Lpm
                0x00000000080014ac       0x1c CMakeFiles/C_Controller.recovid_revB.elf.dir/src/controller.c.obj
                0x00000000080014ac                set_setting_VMmin_Lpm
 .text.get_setting_FR_pm
                0x00000000080014c8       0x14 CMakeFiles/C_Controller.recovid_revB.elf.dir/src/controller.c.obj
                0x00000000080014c8                get_setting_FR_pm
 .text.get_setting_VT_mL
                0x00000000080014dc       0x14 CMakeFiles/C_Controller.recovid_revB.elf.dir/src/controller.c.obj
                0x00000000080014dc                get_setting_VT_mL
 .text.get_setting_Vmax_Lpm
                0x00000000080014f0       0x14 CMakeFiles/C_Controller.recovid_revB.elf.dir/src/controller.c.obj
                0x00000000080014f0                get_setting_Vmax_Lpm
 .text.get_setting_EoI_ratio
                0x0000000008001504       0x20 CMakeFiles/C_Controller.recovid_revB.elf.dir/src/controller.c.obj
                0x0000000008001504                get_setting_EoI_ratio
 .text.set_setting_FR_pm
                0x0000000008001524       0x68 CMakeFiles/C_Controller.recovid_revB.elf.dir/src/controller.c.obj
                0x0000000008001524                set_setting_FR_pm
 .text.get_setting_Tinspi_ms
                0x000000000800158c       0x6c CMakeFiles/C_Controller.recovid_revB.elf.dir/src/controller.c.obj
 .text.set_setting_VT_mL
                0x00000000080015f8       0x68 CMakeFiles/C_Controller.recovid_revB.elf.dir/src/controller.c.obj
                0x00000000080015f8                set_setting_VT_mL
 .text.set_setting_Vmax_Lpm
                0x0000000008001660       0x68 CMakeFiles/C_Controller.recovid_revB.elf.dir/src/controller.c.obj
                0x0000000008001660                set_setting_Vmax_Lpm
 .text.get_setting_PEP_cmH2O
                0x00000000080016c8       0x14 CMakeFiles/C_Controller.recovid_revB.elf.dir/src/controller.c.obj
                0x00000000080016c8                get_setting_PEP_cmH2O
 .text.get_setting_Pmax_cmH2O
                0x00000000080016dc       0x14 CMakeFiles/C_Controller.recovid_revB.elf.dir/src/controller.c.obj
                0x00000000080016dc                get_setting_Pmax_cmH2O
 .text.get_setting_Pmin_cmH2O
                0x00000000080016f0       0x14 CMakeFiles/C_Controller.recovid_revB.elf.dir/src/controller.c.obj
                0x00000000080016f0                get_setting_Pmin_cmH2O
 .text.get_setting_VTmin_mL
                0x0000000008001704       0x14 CMakeFiles/C_Controller.recovid_revB.elf.dir/src/controller.c.obj
                0x0000000008001704                get_setting_VTmin_mL
 .text.get_setting_VTmax_mL
                0x0000000008001718       0x14 CMakeFiles/C_Controller.recovid_revB.elf.dir/src/controller.c.obj
                0x0000000008001718                get_setting_VTmax_mL
 .text.get_setting_FRmin_pm
                0x000000000800172c       0x14 CMakeFiles/C_Controller.recovid_revB.elf.dir/src/controller.c.obj
                0x000000000800172c                get_setting_FRmin_pm
 .text.get_setting_VMmin_Lm
                0x0000000008001740       0x14 CMakeFiles/C_Controller.recovid_revB.elf.dir/src/controller.c.obj
                0x0000000008001740                get_setting_VMmin_Lm
 .text.set_command_Tpins_ms
                0x0000000008001754       0x24 CMakeFiles/C_Controller.recovid_revB.elf.dir/src/controller.c.obj
                0x0000000008001754                set_command_Tpins_ms
 .text.set_command_Tpexp_ms
                0x0000000008001778       0x24 CMakeFiles/C_Controller.recovid_revB.elf.dir/src/controller.c.obj
                0x0000000008001778                set_command_Tpexp_ms
 .text.set_command_Tpbip_ms
                0x000000000800179c       0x24 CMakeFiles/C_Controller.recovid_revB.elf.dir/src/controller.c.obj
                0x000000000800179c                set_command_Tpbip_ms
 .text.set_command_soft_reset
                0x00000000080017c0        0x2 CMakeFiles/C_Controller.recovid_revB.elf.dir/src/controller.c.obj
                0x00000000080017c0                set_command_soft_reset
 *fill*         0x00000000080017c2        0x2 
 .text.monitoring_run
                0x00000000080017c4       0x40 CMakeFiles/C_Controller.recovid_revB.elf.dir/src/monitoring.c.obj
                0x00000000080017c4                monitoring_run
 .text.enter_state
                0x0000000008001804       0xdc CMakeFiles/C_Controller.recovid_revB.elf.dir/src/breathing.c.obj
 .text.breathing_run
                0x00000000080018e0      0x47c CMakeFiles/C_Controller.recovid_revB.elf.dir/src/breathing.c.obj
                0x00000000080018e0                breathing_run
 .text.get_breathing_EoI_ratio
                0x0000000008001d5c        0xc CMakeFiles/C_Controller.recovid_revB.elf.dir/src/breathing.c.obj
                0x0000000008001d5c                get_breathing_EoI_ratio
 .text.get_breathing_FR_pm
                0x0000000008001d68        0xc CMakeFiles/C_Controller.recovid_revB.elf.dir/src/breathing.c.obj
                0x0000000008001d68                get_breathing_FR_pm
 .text.get_breathing_VTe_mL
                0x0000000008001d74        0xc CMakeFiles/C_Controller.recovid_revB.elf.dir/src/breathing.c.obj
                0x0000000008001d74                get_breathing_VTe_mL
 .text.get_breathing_VMe_Lpm
                0x0000000008001d80        0xc CMakeFiles/C_Controller.recovid_revB.elf.dir/src/breathing.c.obj
                0x0000000008001d80                get_breathing_VMe_Lpm
 .text.get_breathing_Pcrete_cmH2O
                0x0000000008001d8c        0xc CMakeFiles/C_Controller.recovid_revB.elf.dir/src/breathing.c.obj
                0x0000000008001d8c                get_breathing_Pcrete_cmH2O
 .text.get_Pplat_cmH20
                0x0000000008001d98        0xc CMakeFiles/C_Controller.recovid_revB.elf.dir/src/breathing.c.obj
                0x0000000008001d98                get_Pplat_cmH20
 .text.get_PEP_cmH2O
                0x0000000008001da4        0xc CMakeFiles/C_Controller.recovid_revB.elf.dir/src/breathing.c.obj
                0x0000000008001da4                get_PEP_cmH2O
 .text.hmi_run  0x0000000008001db0      0x104 CMakeFiles/C_Controller.recovid_revB.elf.dir/src/hmi.c.obj
                0x0000000008001db0                hmi_run
 .text.get_init_str
                0x0000000008001eb4        0x8 CMakeFiles/C_Controller.recovid_revB.elf.dir/src/protocol.c.obj
                0x0000000008001eb4                get_init_str
 .text.checksum8
                0x0000000008001ebc       0x20 CMakeFiles/C_Controller.recovid_revB.elf.dir/src/protocol.c.obj
                0x0000000008001ebc                checksum8
 .text.replace_int_with_padding
                0x0000000008001edc       0x64 CMakeFiles/C_Controller.recovid_revB.elf.dir/src/protocol.c.obj
                0x0000000008001edc                replace_int_with_padding
 .text.send_DATA
                0x0000000008001f40       0xe4 CMakeFiles/C_Controller.recovid_revB.elf.dir/src/protocol.c.obj
                0x0000000008001f40                send_DATA
 .text.send_RESP
                0x0000000008002024      0x128 CMakeFiles/C_Controller.recovid_revB.elf.dir/src/protocol.c.obj
                0x0000000008002024                send_RESP
 .text.send_SET
                0x000000000800214c       0xa4 CMakeFiles/C_Controller.recovid_revB.elf.dir/src/protocol.c.obj
                0x000000000800214c                send_SET
 .text.send_INIT
                0x00000000080021f0      0x268 CMakeFiles/C_Controller.recovid_revB.elf.dir/src/protocol.c.obj
                0x00000000080021f0                send_INIT
 .text.process  0x0000000008002458       0x6a CMakeFiles/C_Controller.recovid_revB.elf.dir/src/protocol.c.obj
                0x0000000008002458                process
 .text.process_uint16
                0x00000000080024c2       0x4c CMakeFiles/C_Controller.recovid_revB.elf.dir/src/protocol.c.obj
                0x00000000080024c2                process_uint16
 .text.payload  0x000000000800250e       0x22 CMakeFiles/C_Controller.recovid_revB.elf.dir/src/protocol.c.obj
                0x000000000800250e                payload
 .text.send_and_recv
                0x0000000008002530      0x30c CMakeFiles/C_Controller.recovid_revB.elf.dir/src/protocol.c.obj
                0x0000000008002530                send_and_recv
 .text.startup.main
                0x000000000800283c       0xf8 CMakeFiles/C_Controller.recovid_revB.elf.dir/src/main.c.obj
                0x000000000800283c                main
 .text.init_hardware
                0x0000000008002934      0x55c platforms/recovid_revB/CMakeFiles/platform.dir/recovid_revB.c.obj
                0x0000000008002934                init_hardware
 .text.fs_enabled_irq
                0x0000000008002e90        0x2 platforms/recovid_revB/CMakeFiles/platform.dir/recovid_revB.c.obj
                0x0000000008002e90                fs_enabled_irq
 .text.ups_fail_irq
                0x0000000008002e92        0x2 platforms/recovid_revB/CMakeFiles/platform.dir/recovid_revB.c.obj
                0x0000000008002e92                ups_fail_irq
 .text.ups_full_irq
                0x0000000008002e94        0x2 platforms/recovid_revB/CMakeFiles/platform.dir/recovid_revB.c.obj
                0x0000000008002e94                ups_full_irq
 .text.batt_fault_irq
                0x0000000008002e96        0x2 platforms/recovid_revB/CMakeFiles/platform.dir/recovid_revB.c.obj
                0x0000000008002e96                batt_fault_irq
 .text.HAL_GPIO_EXTI_Callback
                0x0000000008002e98       0x6a platforms/recovid_revB/CMakeFiles/platform.dir/recovid_revB.c.obj
                0x0000000008002e98                HAL_GPIO_EXTI_Callback
 .text.Error_Handler
                0x0000000008002f02        0x2 platforms/recovid_revB/CMakeFiles/platform.dir/recovid_revB.c.obj
                0x0000000008002f02                Error_Handler
 .text.__io_putchar
                0x0000000008002f04       0x20 platforms/recovid_revB/CMakeFiles/platform.dir/recovid_revB.c.obj
                0x0000000008002f04                __io_putchar
 .text._getpid  0x0000000008002f24        0x4 platforms/recovid_revB/CMakeFiles/platform.dir/syscalls.c.obj
                0x0000000008002f24                _getpid
 .text._kill    0x0000000008002f28       0x10 platforms/recovid_revB/CMakeFiles/platform.dir/syscalls.c.obj
                0x0000000008002f28                _kill
 .text._exit    0x0000000008002f38        0xc platforms/recovid_revB/CMakeFiles/platform.dir/syscalls.c.obj
                0x0000000008002f38                _exit
 .text._read    0x0000000008002f44       0x1c platforms/recovid_revB/CMakeFiles/platform.dir/syscalls.c.obj
                0x0000000008002f44                _read
 .text._write   0x0000000008002f60       0x1c platforms/recovid_revB/CMakeFiles/platform.dir/syscalls.c.obj
                0x0000000008002f60                _write
 .text._close   0x0000000008002f7c        0x6 platforms/recovid_revB/CMakeFiles/platform.dir/syscalls.c.obj
                0x0000000008002f7c                _close
 .text._fstat   0x0000000008002f82        0xa platforms/recovid_revB/CMakeFiles/platform.dir/syscalls.c.obj
                0x0000000008002f82                _fstat
 .text._isatty  0x0000000008002f8c        0x4 platforms/recovid_revB/CMakeFiles/platform.dir/syscalls.c.obj
                0x0000000008002f8c                _isatty
 .text._lseek   0x0000000008002f90        0x4 platforms/recovid_revB/CMakeFiles/platform.dir/syscalls.c.obj
                0x0000000008002f90                _lseek
 .text._sbrk    0x0000000008002f94       0x34 platforms/recovid_revB/CMakeFiles/platform.dir/sysmem.c.obj
                0x0000000008002f94                _sbrk
 .text.hal_tick_period_ellapsed_callback
                0x0000000008002fc8        0x4 platforms/recovid_revB/CMakeFiles/platform.dir/stm32f3xx_hal_msp_tick.c.obj
                0x0000000008002fc8                hal_tick_period_ellapsed_callback
 .text.HAL_InitTick
                0x0000000008002fcc       0x88 platforms/recovid_revB/CMakeFiles/platform.dir/stm32f3xx_hal_msp_tick.c.obj
                0x0000000008002fcc                HAL_InitTick
 .text.TIM1_UP_TIM16_IRQHandler
                0x0000000008003054        0xc platforms/recovid_revB/CMakeFiles/platform.dir/stm32f3xx_hal_msp_tick.c.obj
                0x0000000008003054                TIM1_UP_TIM16_IRQHandler
 .text.HAL_MspInit
                0x0000000008003060       0x3c platforms/recovid_revB/CMakeFiles/platform.dir/stm32f3xx_hal_msp.c.obj
                0x0000000008003060                HAL_MspInit
 .text.HAL_I2C_MspInit
                0x000000000800309c       0xf0 platforms/recovid_revB/CMakeFiles/platform.dir/stm32f3xx_hal_msp.c.obj
                0x000000000800309c                HAL_I2C_MspInit
 .text.HAL_TIM_Base_MspInit
                0x000000000800318c      0x104 platforms/recovid_revB/CMakeFiles/platform.dir/stm32f3xx_hal_msp.c.obj
                0x000000000800318c                HAL_TIM_Base_MspInit
 .text.HAL_TIM_MspPostInit
                0x0000000008003290       0x84 platforms/recovid_revB/CMakeFiles/platform.dir/stm32f3xx_hal_msp.c.obj
                0x0000000008003290                HAL_TIM_MspPostInit
 .text.HAL_UART_MspInit
                0x0000000008003314      0x14c platforms/recovid_revB/CMakeFiles/platform.dir/stm32f3xx_hal_msp.c.obj
                0x0000000008003314                HAL_UART_MspInit
 .text.NMI_Handler
                0x0000000008003460        0x2 platforms/recovid_revB/CMakeFiles/platform.dir/stm32f3xx_it.c.obj
                0x0000000008003460                NMI_Handler
 *fill*         0x0000000008003462        0x2 
 .text.HardFault_Handler
                0x0000000008003464       0x14 platforms/recovid_revB/CMakeFiles/platform.dir/stm32f3xx_it.c.obj
                0x0000000008003464                HardFault_Handler
 .text.MemManage_Handler
                0x0000000008003478        0x2 platforms/recovid_revB/CMakeFiles/platform.dir/stm32f3xx_it.c.obj
                0x0000000008003478                MemManage_Handler
 .text.BusFault_Handler
                0x000000000800347a        0x2 platforms/recovid_revB/CMakeFiles/platform.dir/stm32f3xx_it.c.obj
                0x000000000800347a                BusFault_Handler
 .text.UsageFault_Handler
                0x000000000800347c        0x2 platforms/recovid_revB/CMakeFiles/platform.dir/stm32f3xx_it.c.obj
                0x000000000800347c                UsageFault_Handler
 .text.DebugMon_Handler
                0x000000000800347e        0x2 platforms/recovid_revB/CMakeFiles/platform.dir/stm32f3xx_it.c.obj
                0x000000000800347e                DebugMon_Handler
 .text.EXTI1_IRQHandler
                0x0000000008003480        0x6 platforms/recovid_revB/CMakeFiles/platform.dir/stm32f3xx_it.c.obj
                0x0000000008003480                EXTI1_IRQHandler
 .text.EXTI2_TSC_IRQHandler
                0x0000000008003486        0x6 platforms/recovid_revB/CMakeFiles/platform.dir/stm32f3xx_it.c.obj
                0x0000000008003486                EXTI2_TSC_IRQHandler
 .text.EXTI3_IRQHandler
                0x000000000800348c        0x6 platforms/recovid_revB/CMakeFiles/platform.dir/stm32f3xx_it.c.obj
                0x000000000800348c                EXTI3_IRQHandler
 .text.EXTI4_IRQHandler
                0x0000000008003492        0x6 platforms/recovid_revB/CMakeFiles/platform.dir/stm32f3xx_it.c.obj
                0x0000000008003492                EXTI4_IRQHandler
 .text.DMA1_Channel2_IRQHandler
                0x0000000008003498        0xc platforms/recovid_revB/CMakeFiles/platform.dir/stm32f3xx_it.c.obj
                0x0000000008003498                DMA1_Channel2_IRQHandler
 .text.DMA1_Channel3_IRQHandler
                0x00000000080034a4        0xc platforms/recovid_revB/CMakeFiles/platform.dir/stm32f3xx_it.c.obj
                0x00000000080034a4                DMA1_Channel3_IRQHandler
 .text.DMA1_Channel7_IRQHandler
                0x00000000080034b0        0xc platforms/recovid_revB/CMakeFiles/platform.dir/stm32f3xx_it.c.obj
                0x00000000080034b0                DMA1_Channel7_IRQHandler
 .text.EXTI9_5_IRQHandler
                0x00000000080034bc       0x12 platforms/recovid_revB/CMakeFiles/platform.dir/stm32f3xx_it.c.obj
                0x00000000080034bc                EXTI9_5_IRQHandler
 *fill*         0x00000000080034ce        0x2 
 .text.TIM2_IRQHandler
                0x00000000080034d0        0xc platforms/recovid_revB/CMakeFiles/platform.dir/stm32f3xx_it.c.obj
                0x00000000080034d0                TIM2_IRQHandler
 .text.TIM3_IRQHandler
                0x00000000080034dc        0xc platforms/recovid_revB/CMakeFiles/platform.dir/stm32f3xx_it.c.obj
                0x00000000080034dc                TIM3_IRQHandler
 .text.I2C1_EV_IRQHandler
                0x00000000080034e8        0xc platforms/recovid_revB/CMakeFiles/platform.dir/stm32f3xx_it.c.obj
                0x00000000080034e8                I2C1_EV_IRQHandler
 .text.I2C1_ER_IRQHandler
                0x00000000080034f4        0xc platforms/recovid_revB/CMakeFiles/platform.dir/stm32f3xx_it.c.obj
                0x00000000080034f4                I2C1_ER_IRQHandler
 .text.EXTI15_10_IRQHandler
                0x0000000008003500       0x26 platforms/recovid_revB/CMakeFiles/platform.dir/stm32f3xx_it.c.obj
                0x0000000008003500                EXTI15_10_IRQHandler
 *fill*         0x0000000008003526        0x2 
 .text.DMA2_Channel3_IRQHandler
                0x0000000008003528        0xc platforms/recovid_revB/CMakeFiles/platform.dir/stm32f3xx_it.c.obj
                0x0000000008003528                DMA2_Channel3_IRQHandler
 .text.DMA2_Channel5_IRQHandler
                0x0000000008003534        0xc platforms/recovid_revB/CMakeFiles/platform.dir/stm32f3xx_it.c.obj
                0x0000000008003534                DMA2_Channel5_IRQHandler
 .text.get_time_ms
                0x0000000008003540        0x4 platforms/recovid_revB/CMakeFiles/platform.dir/time.c.obj
                0x0000000008003540                get_time_ms
 .text.wait_ms  0x0000000008003544       0x20 platforms/recovid_revB/CMakeFiles/platform.dir/time.c.obj
                0x0000000008003544                wait_ms
 .text.hal_uart_process_rx_data
                0x0000000008003564       0xa4 platforms/recovid_revB/CMakeFiles/platform.dir/uart.c.obj
 .text.uart_RxCpltCallback
                0x0000000008003608        0x6 platforms/recovid_revB/CMakeFiles/platform.dir/uart.c.obj
                0x0000000008003608                uart_RxCpltCallback
 .text.uart_ErrorCallback
                0x000000000800360e        0x2 platforms/recovid_revB/CMakeFiles/platform.dir/uart.c.obj
                0x000000000800360e                uart_ErrorCallback
 .text.hal_uart_process_tx_data
                0x0000000008003610       0x7c platforms/recovid_revB/CMakeFiles/platform.dir/uart.c.obj
 .text.uart_TxCpltCallback
                0x000000000800368c        0x4 platforms/recovid_revB/CMakeFiles/platform.dir/uart.c.obj
                0x000000000800368c                uart_TxCpltCallback
 .text.uart_read_data
                0x0000000008003690       0x5c platforms/recovid_revB/CMakeFiles/platform.dir/uart.c.obj
                0x0000000008003690                uart_read_data
 .text.uart_write_data
                0x00000000080036ec       0x54 platforms/recovid_revB/CMakeFiles/platform.dir/uart.c.obj
                0x00000000080036ec                uart_write_data
 .text.init_uart
                0x0000000008003740       0x98 platforms/recovid_revB/CMakeFiles/platform.dir/uart.c.obj
                0x0000000008003740                init_uart
 .text.uart_send
                0x00000000080037d8       0x14 platforms/recovid_revB/CMakeFiles/platform.dir/uart.c.obj
                0x00000000080037d8                uart_send
 .text.uart_recv
                0x00000000080037ec       0x22 platforms/recovid_revB/CMakeFiles/platform.dir/uart.c.obj
                0x00000000080037ec                uart_recv
 *fill*         0x000000000800380e        0x2 
 .text.UART4_IRQHandler
                0x0000000008003810       0x28 platforms/recovid_revB/CMakeFiles/platform.dir/uart.c.obj
                0x0000000008003810                UART4_IRQHandler
 .text.motor_stop
                0x0000000008003838       0x34 platforms/recovid_revB/CMakeFiles/platform.dir/motor.c.obj
                0x0000000008003838                motor_stop
 .text.motor_release
                0x000000000800386c       0x54 platforms/recovid_revB/CMakeFiles/platform.dir/motor.c.obj
                0x000000000800386c                motor_release
 .text.period_elapsed_callback
                0x00000000080038c0       0x1c platforms/recovid_revB/CMakeFiles/platform.dir/motor.c.obj
 .text.check_home
                0x00000000080038dc       0x3c platforms/recovid_revB/CMakeFiles/platform.dir/motor.c.obj
 .text.is_motor_home
                0x0000000008003918        0xc platforms/recovid_revB/CMakeFiles/platform.dir/motor.c.obj
                0x0000000008003918                is_motor_home
 .text.motor_limit_sw_A_irq
                0x0000000008003924       0x48 platforms/recovid_revB/CMakeFiles/platform.dir/motor.c.obj
                0x0000000008003924                motor_limit_sw_A_irq
 .text.motor_limit_sw_B_irq
                0x000000000800396c       0x48 platforms/recovid_revB/CMakeFiles/platform.dir/motor.c.obj
                0x000000000800396c                motor_limit_sw_B_irq
 .text.motor_active_irq
                0x00000000080039b4       0x34 platforms/recovid_revB/CMakeFiles/platform.dir/motor.c.obj
                0x00000000080039b4                motor_active_irq
 .text.motor_enable
                0x00000000080039e8       0x10 platforms/recovid_revB/CMakeFiles/platform.dir/motor.c.obj
                0x00000000080039e8                motor_enable
 .text.motor_press
                0x00000000080039f8       0x6c platforms/recovid_revB/CMakeFiles/platform.dir/motor.c.obj
                0x00000000080039f8                motor_press
 .text.init_motor
                0x0000000008003a64      0x110 platforms/recovid_revB/CMakeFiles/platform.dir/motor.c.obj
                0x0000000008003a64                init_motor
 .text.init_motor_pep
                0x0000000008003b74       0xb0 platforms/recovid_revB/CMakeFiles/platform.dir/motor_pep.c.obj
                0x0000000008003b74                init_motor_pep
 .text.motor_pep_move
                0x0000000008003c24       0x68 platforms/recovid_revB/CMakeFiles/platform.dir/motor_pep.c.obj
                0x0000000008003c24                motor_pep_move
 .text.motor_pep_home
                0x0000000008003c8c       0x50 platforms/recovid_revB/CMakeFiles/platform.dir/motor_pep.c.obj
                0x0000000008003c8c                motor_pep_home
 .text.motor_pep_stop
                0x0000000008003cdc       0x38 platforms/recovid_revB/CMakeFiles/platform.dir/motor_pep.c.obj
                0x0000000008003cdc                motor_pep_stop
 .text.step_callback
                0x0000000008003d14       0x24 platforms/recovid_revB/CMakeFiles/platform.dir/motor_pep.c.obj
 .text.is_motor_pep_moving
                0x0000000008003d38        0xc platforms/recovid_revB/CMakeFiles/platform.dir/motor_pep.c.obj
                0x0000000008003d38                is_motor_pep_moving
 .text.is_motor_pep_home
                0x0000000008003d44        0xc platforms/recovid_revB/CMakeFiles/platform.dir/motor_pep.c.obj
                0x0000000008003d44                is_motor_pep_home
 .text.pep_home_irq
                0x0000000008003d50       0x48 platforms/recovid_revB/CMakeFiles/platform.dir/motor_pep.c.obj
                0x0000000008003d50                pep_home_irq
 .text.pep_nfault_irq
                0x0000000008003d98        0x2 platforms/recovid_revB/CMakeFiles/platform.dir/motor_pep.c.obj
                0x0000000008003d98                pep_nfault_irq
 *fill*         0x0000000008003d9a        0x2 
 .text.readSDP  0x0000000008003d9c       0x20 platforms/recovid_revB/CMakeFiles/platform.dir/sensors.c.obj
 .text.readNPA  0x0000000008003dbc       0x20 platforms/recovid_revB/CMakeFiles/platform.dir/sensors.c.obj
 .text.process_i2c_callback
                0x0000000008003ddc      0x198 platforms/recovid_revB/CMakeFiles/platform.dir/sensors.c.obj
 .text.init_sensors
                0x0000000008003f74      0x11c platforms/recovid_revB/CMakeFiles/platform.dir/sensors.c.obj
                0x0000000008003f74                init_sensors
 .text.read_Pdiff_Lpm
                0x0000000008004090        0xc platforms/recovid_revB/CMakeFiles/platform.dir/sensors.c.obj
                0x0000000008004090                read_Pdiff_Lpm
 .text.read_Paw_cmH2O
                0x000000000800409c        0xc platforms/recovid_revB/CMakeFiles/platform.dir/sensors.c.obj
                0x000000000800409c                read_Paw_cmH2O
 .text.read_Vol_mL
                0x00000000080040a8        0xc platforms/recovid_revB/CMakeFiles/platform.dir/sensors.c.obj
                0x00000000080040a8                read_Vol_mL
 .text.sensors_start
                0x00000000080040b4       0x40 platforms/recovid_revB/CMakeFiles/platform.dir/sensors.c.obj
                0x00000000080040b4                sensors_start
 .text.light_yellow
                0x00000000080040f4       0x18 platforms/recovid_revB/CMakeFiles/platform.dir/indicators.c.obj
                0x00000000080040f4                light_yellow
 .text.light_red
                0x000000000800410c       0x1c platforms/recovid_revB/CMakeFiles/platform.dir/indicators.c.obj
                0x000000000800410c                light_red
 .text.light_green
                0x0000000008004128       0x18 platforms/recovid_revB/CMakeFiles/platform.dir/indicators.c.obj
                0x0000000008004128                light_green
 .text.init_valve
                0x0000000008004140        0x4 platforms/recovid_revB/CMakeFiles/platform.dir/pep_valve.c.obj
                0x0000000008004140                init_valve
 .text.valve_exhale
                0x0000000008004144       0x14 platforms/recovid_revB/CMakeFiles/platform.dir/pep_valve.c.obj
                0x0000000008004144                valve_exhale
 .text.valve_inhale
                0x0000000008004158       0x14 platforms/recovid_revB/CMakeFiles/platform.dir/pep_valve.c.obj
                0x0000000008004158                valve_inhale
 .text.is_Failsafe_Enabled
                0x000000000800416c       0x18 platforms/recovid_revB/CMakeFiles/platform.dir/gpio.c.obj
                0x000000000800416c                is_Failsafe_Enabled
 .text.enable_Rpi
                0x0000000008004184       0x10 platforms/recovid_revB/CMakeFiles/platform.dir/gpio.c.obj
                0x0000000008004184                enable_Rpi
 .text.vApplicationGetIdleTaskMemory
                0x0000000008004194       0x18 platforms/recovid_revB/FreeRTOS/CMakeFiles/freertos.dir/Source/CMSIS_RTOS_V2/cmsis_os2.c.obj
                0x0000000008004194                vApplicationGetIdleTaskMemory
 .text.vApplicationGetTimerTaskMemory
                0x00000000080041ac       0x18 platforms/recovid_revB/FreeRTOS/CMakeFiles/freertos.dir/Source/CMSIS_RTOS_V2/cmsis_os2.c.obj
                0x00000000080041ac                vApplicationGetTimerTaskMemory
 .text.prvCheckForValidListAndQueue
                0x00000000080041c4       0x68 platforms/recovid_revB/FreeRTOS/CMakeFiles/freertos.dir/Source/timers.c.obj
 .text.prvInsertTimerInActiveList
                0x000000000800422c       0x3c platforms/recovid_revB/FreeRTOS/CMakeFiles/freertos.dir/Source/timers.c.obj
 .text.xTimerCreateTimerTask
                0x0000000008004268       0x64 platforms/recovid_revB/FreeRTOS/CMakeFiles/freertos.dir/Source/timers.c.obj
                0x0000000008004268                xTimerCreateTimerTask
 .text.xTimerGenericCommand
                0x00000000080042cc       0x58 platforms/recovid_revB/FreeRTOS/CMakeFiles/freertos.dir/Source/timers.c.obj
                0x00000000080042cc                xTimerGenericCommand
 .text.prvSwitchTimerLists
                0x0000000008004324       0x7c platforms/recovid_revB/FreeRTOS/CMakeFiles/freertos.dir/Source/timers.c.obj
 .text.prvTimerTask
                0x00000000080043a0      0x1d0 platforms/recovid_revB/FreeRTOS/CMakeFiles/freertos.dir/Source/timers.c.obj
 .text.prvIsQueueEmpty
                0x0000000008004570       0x16 platforms/recovid_revB/FreeRTOS/CMakeFiles/freertos.dir/Source/queue.c.obj
 .text.prvCopyDataToQueue
                0x0000000008004586       0x66 platforms/recovid_revB/FreeRTOS/CMakeFiles/freertos.dir/Source/queue.c.obj
 .text.prvCopyDataFromQueue
                0x00000000080045ec       0x2a platforms/recovid_revB/FreeRTOS/CMakeFiles/freertos.dir/Source/queue.c.obj
 .text.prvUnlockQueue
                0x0000000008004616       0x70 platforms/recovid_revB/FreeRTOS/CMakeFiles/freertos.dir/Source/queue.c.obj
 *fill*         0x0000000008004686        0x2 
 .text.xQueueGenericReset
                0x0000000008004688       0x80 platforms/recovid_revB/FreeRTOS/CMakeFiles/freertos.dir/Source/queue.c.obj
                0x0000000008004688                xQueueGenericReset
 .text.xQueueGenericCreateStatic
                0x0000000008004708       0x9a platforms/recovid_revB/FreeRTOS/CMakeFiles/freertos.dir/Source/queue.c.obj
                0x0000000008004708                xQueueGenericCreateStatic
 .text.xQueueGenericCreate
                0x00000000080047a2       0x4e platforms/recovid_revB/FreeRTOS/CMakeFiles/freertos.dir/Source/queue.c.obj
                0x00000000080047a2                xQueueGenericCreate
 .text.xQueueGenericSend
                0x00000000080047f0      0x164 platforms/recovid_revB/FreeRTOS/CMakeFiles/freertos.dir/Source/queue.c.obj
                0x00000000080047f0                xQueueGenericSend
 .text.xQueueGenericSendFromISR
                0x0000000008004954       0xc2 platforms/recovid_revB/FreeRTOS/CMakeFiles/freertos.dir/Source/queue.c.obj
                0x0000000008004954                xQueueGenericSendFromISR
 *fill*         0x0000000008004a16        0x2 
 .text.xQueueReceive
                0x0000000008004a18      0x140 platforms/recovid_revB/FreeRTOS/CMakeFiles/freertos.dir/Source/queue.c.obj
                0x0000000008004a18                xQueueReceive
 .text.xQueueSemaphoreTake
                0x0000000008004b58      0x184 platforms/recovid_revB/FreeRTOS/CMakeFiles/freertos.dir/Source/queue.c.obj
                0x0000000008004b58                xQueueSemaphoreTake
 .text.vQueueAddToRegistry
                0x0000000008004cdc       0x24 platforms/recovid_revB/FreeRTOS/CMakeFiles/freertos.dir/Source/queue.c.obj
                0x0000000008004cdc                vQueueAddToRegistry
 .text.vQueueWaitForMessageRestricted
                0x0000000008004d00       0x46 platforms/recovid_revB/FreeRTOS/CMakeFiles/freertos.dir/Source/queue.c.obj
                0x0000000008004d00                vQueueWaitForMessageRestricted
 *fill*         0x0000000008004d46        0x2 
 .text.prvAddNewTaskToReadyList
                0x0000000008004d48      0x100 platforms/recovid_revB/FreeRTOS/CMakeFiles/freertos.dir/Source/tasks.c.obj
 .text.prvDeleteTCB
                0x0000000008004e48       0x36 platforms/recovid_revB/FreeRTOS/CMakeFiles/freertos.dir/Source/tasks.c.obj
 *fill*         0x0000000008004e7e        0x2 
 .text.prvIdleTask
                0x0000000008004e80       0x64 platforms/recovid_revB/FreeRTOS/CMakeFiles/freertos.dir/Source/tasks.c.obj
 .text.prvResetNextTaskUnblockTime
                0x0000000008004ee4       0x24 platforms/recovid_revB/FreeRTOS/CMakeFiles/freertos.dir/Source/tasks.c.obj
 .text.prvInitialiseNewTask.isra.2
                0x0000000008004f08       0x86 platforms/recovid_revB/FreeRTOS/CMakeFiles/freertos.dir/Source/tasks.c.obj
 *fill*         0x0000000008004f8e        0x2 
 .text.prvAddCurrentTaskToDelayedList
                0x0000000008004f90       0x74 platforms/recovid_revB/FreeRTOS/CMakeFiles/freertos.dir/Source/tasks.c.obj
 .text.xTaskCreateStatic
                0x0000000008005004       0x6e platforms/recovid_revB/FreeRTOS/CMakeFiles/freertos.dir/Source/tasks.c.obj
                0x0000000008005004                xTaskCreateStatic
 .text.xTaskCreate
                0x0000000008005072       0x5a platforms/recovid_revB/FreeRTOS/CMakeFiles/freertos.dir/Source/tasks.c.obj
                0x0000000008005072                xTaskCreate
 .text.vTaskStartScheduler
                0x00000000080050cc       0x88 platforms/recovid_revB/FreeRTOS/CMakeFiles/freertos.dir/Source/tasks.c.obj
                0x00000000080050cc                vTaskStartScheduler
 .text.vTaskSuspendAll
                0x0000000008005154       0x10 platforms/recovid_revB/FreeRTOS/CMakeFiles/freertos.dir/Source/tasks.c.obj
                0x0000000008005154                vTaskSuspendAll
 .text.xTaskGetTickCount
                0x0000000008005164        0xc platforms/recovid_revB/FreeRTOS/CMakeFiles/freertos.dir/Source/tasks.c.obj
                0x0000000008005164                xTaskGetTickCount
 .text.xTaskIncrementTick
                0x0000000008005170      0x120 platforms/recovid_revB/FreeRTOS/CMakeFiles/freertos.dir/Source/tasks.c.obj
                0x0000000008005170                xTaskIncrementTick
 .text.xTaskResumeAll
                0x0000000008005290       0xe8 platforms/recovid_revB/FreeRTOS/CMakeFiles/freertos.dir/Source/tasks.c.obj
                0x0000000008005290                xTaskResumeAll
 .text.vTaskDelay
                0x0000000008005378       0x48 platforms/recovid_revB/FreeRTOS/CMakeFiles/freertos.dir/Source/tasks.c.obj
                0x0000000008005378                vTaskDelay
 .text.vTaskSwitchContext
                0x00000000080053c0       0x78 platforms/recovid_revB/FreeRTOS/CMakeFiles/freertos.dir/Source/tasks.c.obj
                0x00000000080053c0                vTaskSwitchContext
 .text.vTaskPlaceOnEventList
                0x0000000008005438       0x34 platforms/recovid_revB/FreeRTOS/CMakeFiles/freertos.dir/Source/tasks.c.obj
                0x0000000008005438                vTaskPlaceOnEventList
 .text.vTaskPlaceOnUnorderedEventList
                0x000000000800546c       0x58 platforms/recovid_revB/FreeRTOS/CMakeFiles/freertos.dir/Source/tasks.c.obj
                0x000000000800546c                vTaskPlaceOnUnorderedEventList
 .text.vTaskPlaceOnEventListRestricted
                0x00000000080054c4       0x3c platforms/recovid_revB/FreeRTOS/CMakeFiles/freertos.dir/Source/tasks.c.obj
                0x00000000080054c4                vTaskPlaceOnEventListRestricted
 .text.xTaskRemoveFromEventList
                0x0000000008005500       0x80 platforms/recovid_revB/FreeRTOS/CMakeFiles/freertos.dir/Source/tasks.c.obj
                0x0000000008005500                xTaskRemoveFromEventList
 .text.vTaskRemoveFromUnorderedEventList
                0x0000000008005580       0x84 platforms/recovid_revB/FreeRTOS/CMakeFiles/freertos.dir/Source/tasks.c.obj
                0x0000000008005580                vTaskRemoveFromUnorderedEventList
 .text.vTaskInternalSetTimeOutState
                0x0000000008005604       0x18 platforms/recovid_revB/FreeRTOS/CMakeFiles/freertos.dir/Source/tasks.c.obj
                0x0000000008005604                vTaskInternalSetTimeOutState
 .text.xTaskCheckForTimeOut
                0x000000000800561c       0x78 platforms/recovid_revB/FreeRTOS/CMakeFiles/freertos.dir/Source/tasks.c.obj
                0x000000000800561c                xTaskCheckForTimeOut
 .text.vTaskMissedYield
                0x0000000008005694        0xc platforms/recovid_revB/FreeRTOS/CMakeFiles/freertos.dir/Source/tasks.c.obj
                0x0000000008005694                vTaskMissedYield
 .text.xTaskGetCurrentTaskHandle
                0x00000000080056a0        0xc platforms/recovid_revB/FreeRTOS/CMakeFiles/freertos.dir/Source/tasks.c.obj
                0x00000000080056a0                xTaskGetCurrentTaskHandle
 .text.xTaskGetSchedulerState
                0x00000000080056ac       0x20 platforms/recovid_revB/FreeRTOS/CMakeFiles/freertos.dir/Source/tasks.c.obj
                0x00000000080056ac                xTaskGetSchedulerState
 .text.xTaskPriorityInherit
                0x00000000080056cc       0x84 platforms/recovid_revB/FreeRTOS/CMakeFiles/freertos.dir/Source/tasks.c.obj
                0x00000000080056cc                xTaskPriorityInherit
 .text.xTaskPriorityDisinherit
                0x0000000008005750       0x84 platforms/recovid_revB/FreeRTOS/CMakeFiles/freertos.dir/Source/tasks.c.obj
                0x0000000008005750                xTaskPriorityDisinherit
 .text.vTaskPriorityDisinheritAfterTimeout
                0x00000000080057d4       0x9c platforms/recovid_revB/FreeRTOS/CMakeFiles/freertos.dir/Source/tasks.c.obj
                0x00000000080057d4                vTaskPriorityDisinheritAfterTimeout
 .text.uxTaskResetEventItemValue
                0x0000000008005870       0x18 platforms/recovid_revB/FreeRTOS/CMakeFiles/freertos.dir/Source/tasks.c.obj
                0x0000000008005870                uxTaskResetEventItemValue
 .text.pvTaskIncrementMutexHeldCount
                0x0000000008005888       0x18 platforms/recovid_revB/FreeRTOS/CMakeFiles/freertos.dir/Source/tasks.c.obj
                0x0000000008005888                pvTaskIncrementMutexHeldCount
 .text.xEventGroupCreate
                0x00000000080058a0       0x1c platforms/recovid_revB/FreeRTOS/CMakeFiles/freertos.dir/Source/event_groups.c.obj
                0x00000000080058a0                xEventGroupCreate
 .text.xEventGroupWaitBits
                0x00000000080058bc      0x114 platforms/recovid_revB/FreeRTOS/CMakeFiles/freertos.dir/Source/event_groups.c.obj
                0x00000000080058bc                xEventGroupWaitBits
 .text.xEventGroupClearBits
                0x00000000080059d0       0x46 platforms/recovid_revB/FreeRTOS/CMakeFiles/freertos.dir/Source/event_groups.c.obj
                0x00000000080059d0                xEventGroupClearBits
 .text.xEventGroupSetBits
                0x0000000008005a16       0x86 platforms/recovid_revB/FreeRTOS/CMakeFiles/freertos.dir/Source/event_groups.c.obj
                0x0000000008005a16                xEventGroupSetBits
 .text.vListInitialise
                0x0000000008005a9c       0x16 platforms/recovid_revB/FreeRTOS/CMakeFiles/freertos.dir/Source/list.c.obj
                0x0000000008005a9c                vListInitialise
 .text.vListInitialiseItem
                0x0000000008005ab2        0x6 platforms/recovid_revB/FreeRTOS/CMakeFiles/freertos.dir/Source/list.c.obj
                0x0000000008005ab2                vListInitialiseItem
 .text.vListInsertEnd
                0x0000000008005ab8       0x18 platforms/recovid_revB/FreeRTOS/CMakeFiles/freertos.dir/Source/list.c.obj
                0x0000000008005ab8                vListInsertEnd
 .text.vListInsert
                0x0000000008005ad0       0x2e platforms/recovid_revB/FreeRTOS/CMakeFiles/freertos.dir/Source/list.c.obj
                0x0000000008005ad0                vListInsert
 .text.uxListRemove
                0x0000000008005afe       0x22 platforms/recovid_revB/FreeRTOS/CMakeFiles/freertos.dir/Source/list.c.obj
                0x0000000008005afe                uxListRemove
 .text.unlikely.prvInsertBlockIntoFreeList
                0x0000000008005b20       0x48 platforms/recovid_revB/FreeRTOS/CMakeFiles/freertos.dir/Source/portable/MemMang/heap_4.c.obj
 .text.pvPortMalloc
                0x0000000008005b68      0x118 platforms/recovid_revB/FreeRTOS/CMakeFiles/freertos.dir/Source/portable/MemMang/heap_4.c.obj
                0x0000000008005b68                pvPortMalloc
 .text.vPortFree
                0x0000000008005c80       0x70 platforms/recovid_revB/FreeRTOS/CMakeFiles/freertos.dir/Source/portable/MemMang/heap_4.c.obj
                0x0000000008005c80                vPortFree
 .text.prvTaskExitError
                0x0000000008005cf0       0x40 platforms/recovid_revB/FreeRTOS/CMakeFiles/freertos.dir/Source/portable/GCC/ARM_CM4F/port.c.obj
 .text.unlikely.prvPortStartFirstTask
                0x0000000008005d30       0x28 platforms/recovid_revB/FreeRTOS/CMakeFiles/freertos.dir/Source/portable/GCC/ARM_CM4F/port.c.obj
 .text.unlikely.vPortEnableVFP
                0x0000000008005d58       0x14 platforms/recovid_revB/FreeRTOS/CMakeFiles/freertos.dir/Source/portable/GCC/ARM_CM4F/port.c.obj
 .text.pxPortInitialiseStack
                0x0000000008005d6c       0x2c platforms/recovid_revB/FreeRTOS/CMakeFiles/freertos.dir/Source/portable/GCC/ARM_CM4F/port.c.obj
                0x0000000008005d6c                pxPortInitialiseStack
 *fill*         0x0000000008005d98        0x8 
 .text.SVC_Handler
                0x0000000008005da0       0x24 platforms/recovid_revB/FreeRTOS/CMakeFiles/freertos.dir/Source/portable/GCC/ARM_CM4F/port.c.obj
                0x0000000008005da0                SVC_Handler
 .text.vPortEnterCritical
                0x0000000008005dc4       0x44 platforms/recovid_revB/FreeRTOS/CMakeFiles/freertos.dir/Source/portable/GCC/ARM_CM4F/port.c.obj
                0x0000000008005dc4                vPortEnterCritical
 .text.vPortExitCritical
                0x0000000008005e08       0x28 platforms/recovid_revB/FreeRTOS/CMakeFiles/freertos.dir/Source/portable/GCC/ARM_CM4F/port.c.obj
                0x0000000008005e08                vPortExitCritical
 .text.PendSV_Handler
                0x0000000008005e30       0x64 platforms/recovid_revB/FreeRTOS/CMakeFiles/freertos.dir/Source/portable/GCC/ARM_CM4F/port.c.obj
                0x0000000008005e30                PendSV_Handler
 .text.SysTick_Handler
                0x0000000008005e94       0x2c platforms/recovid_revB/FreeRTOS/CMakeFiles/freertos.dir/Source/portable/GCC/ARM_CM4F/port.c.obj
                0x0000000008005e94                SysTick_Handler
 .text.vPortSetupTimerInterrupt
                0x0000000008005ec0       0x34 platforms/recovid_revB/FreeRTOS/CMakeFiles/freertos.dir/Source/portable/GCC/ARM_CM4F/port.c.obj
                0x0000000008005ec0                vPortSetupTimerInterrupt
 .text.xPortStartScheduler
                0x0000000008005ef4      0x10c platforms/recovid_revB/FreeRTOS/CMakeFiles/freertos.dir/Source/portable/GCC/ARM_CM4F/port.c.obj
                0x0000000008005ef4                xPortStartScheduler
 .text.vPortValidateInterruptPriority
                0x0000000008006000       0x5c platforms/recovid_revB/FreeRTOS/CMakeFiles/freertos.dir/Source/portable/GCC/ARM_CM4F/port.c.obj
                0x0000000008006000                vPortValidateInterruptPriority
 .text.SystemInit
                0x000000000800605c       0x1c platforms/recovid_revB/HAL/CMakeFiles/hal.dir/system_stm32f3xx.c.obj
                0x000000000800605c                SystemInit
 .text.Reset_Handler
                0x0000000008006078       0x50 platforms/recovid_revB/HAL/CMakeFiles/hal.dir/Drivers/startup_stm32f303retx.s.obj
                0x0000000008006078                Reset_Handler
 .text.Default_Handler
                0x00000000080060c8        0x2 platforms/recovid_revB/HAL/CMakeFiles/hal.dir/Drivers/startup_stm32f303retx.s.obj
                0x00000000080060c8                RTC_Alarm_IRQHandler
                0x00000000080060c8                TIM8_TRG_COM_IRQHandler
                0x00000000080060c8                TIM8_CC_IRQHandler
                0x00000000080060c8                SPI4_IRQHandler
                0x00000000080060c8                TIM1_CC_IRQHandler
                0x00000000080060c8                USB_HP_IRQHandler
                0x00000000080060c8                PVD_IRQHandler
                0x00000000080060c8                TAMP_STAMP_IRQHandler
                0x00000000080060c8                I2C3_ER_IRQHandler
                0x00000000080060c8                USB_HP_CAN_TX_IRQHandler
                0x00000000080060c8                EXTI0_IRQHandler
                0x00000000080060c8                I2C2_EV_IRQHandler
                0x00000000080060c8                FPU_IRQHandler
                0x00000000080060c8                ADC1_2_IRQHandler
                0x00000000080060c8                SPI1_IRQHandler
                0x00000000080060c8                CAN_SCE_IRQHandler
                0x00000000080060c8                TIM6_DAC_IRQHandler
                0x00000000080060c8                TIM8_UP_IRQHandler
                0x00000000080060c8                DMA2_Channel2_IRQHandler
                0x00000000080060c8                DMA1_Channel4_IRQHandler
                0x00000000080060c8                TIM20_TRG_COM_IRQHandler
                0x00000000080060c8                USART3_IRQHandler
                0x00000000080060c8                UART5_IRQHandler
                0x00000000080060c8                ADC3_IRQHandler
                0x00000000080060c8                TIM4_IRQHandler
                0x00000000080060c8                CAN_RX1_IRQHandler
                0x00000000080060c8                DMA2_Channel1_IRQHandler
                0x00000000080060c8                DMA1_Channel6_IRQHandler
                0x00000000080060c8                DMA2_Channel4_IRQHandler
                0x00000000080060c8                RCC_IRQHandler
                0x00000000080060c8                TIM20_UP_IRQHandler
                0x00000000080060c8                DMA1_Channel1_IRQHandler
                0x00000000080060c8                Default_Handler
                0x00000000080060c8                USBWakeUp_RMP_IRQHandler
                0x00000000080060c8                TIM7_IRQHandler
                0x00000000080060c8                I2C3_EV_IRQHandler
                0x00000000080060c8                RTC_WKUP_IRQHandler
                0x00000000080060c8                SPI2_IRQHandler
                0x00000000080060c8                USB_LP_CAN_RX0_IRQHandler
                0x00000000080060c8                DMA1_Channel5_IRQHandler
                0x00000000080060c8                USB_LP_IRQHandler
                0x00000000080060c8                TIM1_TRG_COM_TIM17_IRQHandler
                0x00000000080060c8                ADC4_IRQHandler
                0x00000000080060c8                WWDG_IRQHandler
                0x00000000080060c8                COMP7_IRQHandler
                0x00000000080060c8                COMP1_2_3_IRQHandler
                0x00000000080060c8                USART2_IRQHandler
                0x00000000080060c8                COMP4_5_6_IRQHandler
                0x00000000080060c8                TIM20_BRK_IRQHandler
                0x00000000080060c8                I2C2_ER_IRQHandler
                0x00000000080060c8                TIM8_BRK_IRQHandler
                0x00000000080060c8                FLASH_IRQHandler
                0x00000000080060c8                TIM20_CC_IRQHandler
                0x00000000080060c8                USART1_IRQHandler
                0x00000000080060c8                SPI3_IRQHandler
                0x00000000080060c8                FMC_IRQHandler
                0x00000000080060c8                USBWakeUp_IRQHandler
                0x00000000080060c8                TIM1_BRK_TIM15_IRQHandler
 *fill*         0x00000000080060ca        0x2 
 .text.HAL_NVIC_SetPriorityGrouping
                0x00000000080060cc       0x24 platforms/recovid_revB/HAL/CMakeFiles/hal.dir/Drivers/STM32F3xx_HAL_Driver/Src/stm32f3xx_hal_cortex.c.obj
                0x00000000080060cc                HAL_NVIC_SetPriorityGrouping
 .text.HAL_NVIC_SetPriority
                0x00000000080060f0       0x68 platforms/recovid_revB/HAL/CMakeFiles/hal.dir/Drivers/STM32F3xx_HAL_Driver/Src/stm32f3xx_hal_cortex.c.obj
                0x00000000080060f0                HAL_NVIC_SetPriority
 .text.HAL_NVIC_EnableIRQ
                0x0000000008006158       0x1c platforms/recovid_revB/HAL/CMakeFiles/hal.dir/Drivers/STM32F3xx_HAL_Driver/Src/stm32f3xx_hal_cortex.c.obj
                0x0000000008006158                HAL_NVIC_EnableIRQ
 .text.DMA_CalcBaseAndBitshift
                0x0000000008006174       0x44 platforms/recovid_revB/HAL/CMakeFiles/hal.dir/Drivers/STM32F3xx_HAL_Driver/Src/stm32f3xx_hal_dma.c.obj
 .text.HAL_DMA_Init
                0x00000000080061b8       0x4e platforms/recovid_revB/HAL/CMakeFiles/hal.dir/Drivers/STM32F3xx_HAL_Driver/Src/stm32f3xx_hal_dma.c.obj
                0x00000000080061b8                HAL_DMA_Init
 .text.HAL_DMA_DeInit
                0x0000000008006206       0x40 platforms/recovid_revB/HAL/CMakeFiles/hal.dir/Drivers/STM32F3xx_HAL_Driver/Src/stm32f3xx_hal_dma.c.obj
                0x0000000008006206                HAL_DMA_DeInit
 .text.HAL_DMA_Start_IT
                0x0000000008006246       0x7a platforms/recovid_revB/HAL/CMakeFiles/hal.dir/Drivers/STM32F3xx_HAL_Driver/Src/stm32f3xx_hal_dma.c.obj
                0x0000000008006246                HAL_DMA_Start_IT
 .text.HAL_DMA_Abort_IT
                0x00000000080062c0       0x48 platforms/recovid_revB/HAL/CMakeFiles/hal.dir/Drivers/STM32F3xx_HAL_Driver/Src/stm32f3xx_hal_dma.c.obj
                0x00000000080062c0                HAL_DMA_Abort_IT
 .text.HAL_DMA_IRQHandler
                0x0000000008006308       0x90 platforms/recovid_revB/HAL/CMakeFiles/hal.dir/Drivers/STM32F3xx_HAL_Driver/Src/stm32f3xx_hal_dma.c.obj
                0x0000000008006308                HAL_DMA_IRQHandler
 .text.HAL_GPIO_Init
                0x0000000008006398      0x1a0 platforms/recovid_revB/HAL/CMakeFiles/hal.dir/Drivers/STM32F3xx_HAL_Driver/Src/stm32f3xx_hal_gpio.c.obj
                0x0000000008006398                HAL_GPIO_Init
 .text.HAL_GPIO_ReadPin
                0x0000000008006538        0xc platforms/recovid_revB/HAL/CMakeFiles/hal.dir/Drivers/STM32F3xx_HAL_Driver/Src/stm32f3xx_hal_gpio.c.obj
                0x0000000008006538                HAL_GPIO_ReadPin
 .text.HAL_GPIO_WritePin
                0x0000000008006544        0xa platforms/recovid_revB/HAL/CMakeFiles/hal.dir/Drivers/STM32F3xx_HAL_Driver/Src/stm32f3xx_hal_gpio.c.obj
                0x0000000008006544                HAL_GPIO_WritePin
 *fill*         0x000000000800654e        0x2 
 .text.HAL_GPIO_EXTI_IRQHandler
                0x0000000008006550       0x18 platforms/recovid_revB/HAL/CMakeFiles/hal.dir/Drivers/STM32F3xx_HAL_Driver/Src/stm32f3xx_hal_gpio.c.obj
                0x0000000008006550                HAL_GPIO_EXTI_IRQHandler
 .text.HAL_I2CEx_ConfigAnalogFilter
                0x0000000008006568       0x4c platforms/recovid_revB/HAL/CMakeFiles/hal.dir/Drivers/STM32F3xx_HAL_Driver/Src/stm32f3xx_hal_i2c_ex.c.obj
                0x0000000008006568                HAL_I2CEx_ConfigAnalogFilter
 .text.HAL_I2CEx_ConfigDigitalFilter
                0x00000000080065b4       0x4a platforms/recovid_revB/HAL/CMakeFiles/hal.dir/Drivers/STM32F3xx_HAL_Driver/Src/stm32f3xx_hal_i2c_ex.c.obj
                0x00000000080065b4                HAL_I2CEx_ConfigDigitalFilter
 .text.HAL_I2C_AddrCallback
                0x00000000080065fe        0x2 platforms/recovid_revB/HAL/CMakeFiles/hal.dir/Drivers/STM32F3xx_HAL_Driver/Src/stm32f3xx_hal_i2c.c.obj
                0x00000000080065fe                HAL_I2C_AddrCallback
 .text.I2C_Flush_TXDR
                0x0000000008006600       0x1c platforms/recovid_revB/HAL/CMakeFiles/hal.dir/Drivers/STM32F3xx_HAL_Driver/Src/stm32f3xx_hal_i2c.c.obj
 .text.I2C_DMAAbort
                0x000000000800661c       0x20 platforms/recovid_revB/HAL/CMakeFiles/hal.dir/Drivers/STM32F3xx_HAL_Driver/Src/stm32f3xx_hal_i2c.c.obj
 .text.I2C_TransferConfig
                0x000000000800663c       0x28 platforms/recovid_revB/HAL/CMakeFiles/hal.dir/Drivers/STM32F3xx_HAL_Driver/Src/stm32f3xx_hal_i2c.c.obj
 .text.I2C_Enable_IRQ
                0x0000000008006664       0x60 platforms/recovid_revB/HAL/CMakeFiles/hal.dir/Drivers/STM32F3xx_HAL_Driver/Src/stm32f3xx_hal_i2c.c.obj
 .text.I2C_Disable_IRQ
                0x00000000080066c4       0x42 platforms/recovid_revB/HAL/CMakeFiles/hal.dir/Drivers/STM32F3xx_HAL_Driver/Src/stm32f3xx_hal_i2c.c.obj
 *fill*         0x0000000008006706        0x2 
 .text.I2C_ITListenCplt
                0x0000000008006708       0x64 platforms/recovid_revB/HAL/CMakeFiles/hal.dir/Drivers/STM32F3xx_HAL_Driver/Src/stm32f3xx_hal_i2c.c.obj
 .text.I2C_ITError
                0x000000000800676c       0xd4 platforms/recovid_revB/HAL/CMakeFiles/hal.dir/Drivers/STM32F3xx_HAL_Driver/Src/stm32f3xx_hal_i2c.c.obj
 .text.I2C_DMAError
                0x0000000008006840       0x12 platforms/recovid_revB/HAL/CMakeFiles/hal.dir/Drivers/STM32F3xx_HAL_Driver/Src/stm32f3xx_hal_i2c.c.obj
 .text.I2C_DMAMasterReceiveCplt
                0x0000000008006852       0x4e platforms/recovid_revB/HAL/CMakeFiles/hal.dir/Drivers/STM32F3xx_HAL_Driver/Src/stm32f3xx_hal_i2c.c.obj
 .text.I2C_ITMasterSeqCplt
                0x00000000080068a0       0x48 platforms/recovid_revB/HAL/CMakeFiles/hal.dir/Drivers/STM32F3xx_HAL_Driver/Src/stm32f3xx_hal_i2c.c.obj
 .text.I2C_ITAddrCplt.isra.1.part.2
                0x00000000080068e8       0x7c platforms/recovid_revB/HAL/CMakeFiles/hal.dir/Drivers/STM32F3xx_HAL_Driver/Src/stm32f3xx_hal_i2c.c.obj
 .text.I2C_ITSlaveSeqCplt
                0x0000000008006964       0x52 platforms/recovid_revB/HAL/CMakeFiles/hal.dir/Drivers/STM32F3xx_HAL_Driver/Src/stm32f3xx_hal_i2c.c.obj
 *fill*         0x00000000080069b6        0x2 
 .text.I2C_ITSlaveCplt
                0x00000000080069b8       0xf4 platforms/recovid_revB/HAL/CMakeFiles/hal.dir/Drivers/STM32F3xx_HAL_Driver/Src/stm32f3xx_hal_i2c.c.obj
 .text.I2C_Slave_ISR_IT
                0x0000000008006aac      0x128 platforms/recovid_revB/HAL/CMakeFiles/hal.dir/Drivers/STM32F3xx_HAL_Driver/Src/stm32f3xx_hal_i2c.c.obj
 .text.I2C_IsAcknowledgeFailed
                0x0000000008006bd4       0x7a platforms/recovid_revB/HAL/CMakeFiles/hal.dir/Drivers/STM32F3xx_HAL_Driver/Src/stm32f3xx_hal_i2c.c.obj
 .text.I2C_WaitOnRXNEFlagUntilTimeout
                0x0000000008006c4e       0x7e platforms/recovid_revB/HAL/CMakeFiles/hal.dir/Drivers/STM32F3xx_HAL_Driver/Src/stm32f3xx_hal_i2c.c.obj
 .text.I2C_ITMasterCplt
                0x0000000008006ccc       0xae platforms/recovid_revB/HAL/CMakeFiles/hal.dir/Drivers/STM32F3xx_HAL_Driver/Src/stm32f3xx_hal_i2c.c.obj
 .text.I2C_Master_ISR_IT
                0x0000000008006d7a      0x120 platforms/recovid_revB/HAL/CMakeFiles/hal.dir/Drivers/STM32F3xx_HAL_Driver/Src/stm32f3xx_hal_i2c.c.obj
 .text.I2C_Master_ISR_DMA
                0x0000000008006e9a      0x102 platforms/recovid_revB/HAL/CMakeFiles/hal.dir/Drivers/STM32F3xx_HAL_Driver/Src/stm32f3xx_hal_i2c.c.obj
 .text.HAL_I2C_AbortCpltCallback
                0x0000000008006f9c        0x2 platforms/recovid_revB/HAL/CMakeFiles/hal.dir/Drivers/STM32F3xx_HAL_Driver/Src/stm32f3xx_hal_i2c.c.obj
                0x0000000008006f9c                HAL_I2C_AbortCpltCallback
 .text.HAL_I2C_MasterTxCpltCallback
                0x0000000008006f9e        0x2 platforms/recovid_revB/HAL/CMakeFiles/hal.dir/Drivers/STM32F3xx_HAL_Driver/Src/stm32f3xx_hal_i2c.c.obj
                0x0000000008006f9e                HAL_I2C_MasterTxCpltCallback
 .text.HAL_I2C_MasterRxCpltCallback
                0x0000000008006fa0        0x2 platforms/recovid_revB/HAL/CMakeFiles/hal.dir/Drivers/STM32F3xx_HAL_Driver/Src/stm32f3xx_hal_i2c.c.obj
                0x0000000008006fa0                HAL_I2C_MasterRxCpltCallback
 .text.HAL_I2C_SlaveTxCpltCallback
                0x0000000008006fa2        0x2 platforms/recovid_revB/HAL/CMakeFiles/hal.dir/Drivers/STM32F3xx_HAL_Driver/Src/stm32f3xx_hal_i2c.c.obj
                0x0000000008006fa2                HAL_I2C_SlaveTxCpltCallback
 .text.HAL_I2C_SlaveRxCpltCallback
                0x0000000008006fa4        0x2 platforms/recovid_revB/HAL/CMakeFiles/hal.dir/Drivers/STM32F3xx_HAL_Driver/Src/stm32f3xx_hal_i2c.c.obj
                0x0000000008006fa4                HAL_I2C_SlaveRxCpltCallback
 .text.HAL_I2C_ListenCpltCallback
                0x0000000008006fa6        0x2 platforms/recovid_revB/HAL/CMakeFiles/hal.dir/Drivers/STM32F3xx_HAL_Driver/Src/stm32f3xx_hal_i2c.c.obj
                0x0000000008006fa6                HAL_I2C_ListenCpltCallback
 .text.HAL_I2C_MemTxCpltCallback
                0x0000000008006fa8        0x2 platforms/recovid_revB/HAL/CMakeFiles/hal.dir/Drivers/STM32F3xx_HAL_Driver/Src/stm32f3xx_hal_i2c.c.obj
                0x0000000008006fa8                HAL_I2C_MemTxCpltCallback
 .text.HAL_I2C_MemRxCpltCallback
                0x0000000008006faa        0x2 platforms/recovid_revB/HAL/CMakeFiles/hal.dir/Drivers/STM32F3xx_HAL_Driver/Src/stm32f3xx_hal_i2c.c.obj
                0x0000000008006faa                HAL_I2C_MemRxCpltCallback
 .text.HAL_I2C_ErrorCallback
                0x0000000008006fac        0x2 platforms/recovid_revB/HAL/CMakeFiles/hal.dir/Drivers/STM32F3xx_HAL_Driver/Src/stm32f3xx_hal_i2c.c.obj
                0x0000000008006fac                HAL_I2C_ErrorCallback
 .text.I2C_WaitOnSTOPFlagUntilTimeout
                0x0000000008006fae       0x4a platforms/recovid_revB/HAL/CMakeFiles/hal.dir/Drivers/STM32F3xx_HAL_Driver/Src/stm32f3xx_hal_i2c.c.obj
 .text.I2C_WaitOnFlagUntilTimeout
                0x0000000008006ff8       0x54 platforms/recovid_revB/HAL/CMakeFiles/hal.dir/Drivers/STM32F3xx_HAL_Driver/Src/stm32f3xx_hal_i2c.c.obj
 .text.I2C_WaitOnTXISFlagUntilTimeout
                0x000000000800704c       0x4e platforms/recovid_revB/HAL/CMakeFiles/hal.dir/Drivers/STM32F3xx_HAL_Driver/Src/stm32f3xx_hal_i2c.c.obj
 .text.I2C_Slave_ISR_DMA
                0x000000000800709a       0xec platforms/recovid_revB/HAL/CMakeFiles/hal.dir/Drivers/STM32F3xx_HAL_Driver/Src/stm32f3xx_hal_i2c.c.obj
 *fill*         0x0000000008007186        0x2 
 .text.HAL_I2C_Init
                0x0000000008007188      0x100 platforms/recovid_revB/HAL/CMakeFiles/hal.dir/Drivers/STM32F3xx_HAL_Driver/Src/stm32f3xx_hal_i2c.c.obj
                0x0000000008007188                HAL_I2C_Init
 .text.HAL_I2C_Master_Transmit
                0x0000000008007288      0x124 platforms/recovid_revB/HAL/CMakeFiles/hal.dir/Drivers/STM32F3xx_HAL_Driver/Src/stm32f3xx_hal_i2c.c.obj
                0x0000000008007288                HAL_I2C_Master_Transmit
 .text.HAL_I2C_Master_Receive
                0x00000000080073ac      0x124 platforms/recovid_revB/HAL/CMakeFiles/hal.dir/Drivers/STM32F3xx_HAL_Driver/Src/stm32f3xx_hal_i2c.c.obj
                0x00000000080073ac                HAL_I2C_Master_Receive
 .text.HAL_I2C_Master_Transmit_IT
                0x00000000080074d0       0x88 platforms/recovid_revB/HAL/CMakeFiles/hal.dir/Drivers/STM32F3xx_HAL_Driver/Src/stm32f3xx_hal_i2c.c.obj
                0x00000000080074d0                HAL_I2C_Master_Transmit_IT
 .text.HAL_I2C_Master_Receive_DMA
                0x0000000008007558      0x128 platforms/recovid_revB/HAL/CMakeFiles/hal.dir/Drivers/STM32F3xx_HAL_Driver/Src/stm32f3xx_hal_i2c.c.obj
                0x0000000008007558                HAL_I2C_Master_Receive_DMA
 .text.HAL_I2C_IsDeviceReady
                0x0000000008007680      0x116 platforms/recovid_revB/HAL/CMakeFiles/hal.dir/Drivers/STM32F3xx_HAL_Driver/Src/stm32f3xx_hal_i2c.c.obj
                0x0000000008007680                HAL_I2C_IsDeviceReady
 .text.HAL_I2C_EV_IRQHandler
                0x0000000008007796        0xe platforms/recovid_revB/HAL/CMakeFiles/hal.dir/Drivers/STM32F3xx_HAL_Driver/Src/stm32f3xx_hal_i2c.c.obj
                0x0000000008007796                HAL_I2C_EV_IRQHandler
 .text.HAL_I2C_ER_IRQHandler
                0x00000000080077a4       0x60 platforms/recovid_revB/HAL/CMakeFiles/hal.dir/Drivers/STM32F3xx_HAL_Driver/Src/stm32f3xx_hal_i2c.c.obj
                0x00000000080077a4                HAL_I2C_ER_IRQHandler
 .text.HAL_I2C_GetError
                0x0000000008007804        0x4 platforms/recovid_revB/HAL/CMakeFiles/hal.dir/Drivers/STM32F3xx_HAL_Driver/Src/stm32f3xx_hal_i2c.c.obj
                0x0000000008007804                HAL_I2C_GetError
 .text.HAL_RCCEx_PeriphCLKConfig
                0x0000000008007808      0x288 platforms/recovid_revB/HAL/CMakeFiles/hal.dir/Drivers/STM32F3xx_HAL_Driver/Src/stm32f3xx_hal_rcc_ex.c.obj
                0x0000000008007808                HAL_RCCEx_PeriphCLKConfig
 .text.HAL_RCC_OscConfig
                0x0000000008007a90      0x538 platforms/recovid_revB/HAL/CMakeFiles/hal.dir/Drivers/STM32F3xx_HAL_Driver/Src/stm32f3xx_hal_rcc.c.obj
                0x0000000008007a90                HAL_RCC_OscConfig
 .text.HAL_RCC_GetSysClockFreq
                0x0000000008007fc8       0x58 platforms/recovid_revB/HAL/CMakeFiles/hal.dir/Drivers/STM32F3xx_HAL_Driver/Src/stm32f3xx_hal_rcc.c.obj
                0x0000000008007fc8                HAL_RCC_GetSysClockFreq
 .text.HAL_RCC_ClockConfig
                0x0000000008008020      0x158 platforms/recovid_revB/HAL/CMakeFiles/hal.dir/Drivers/STM32F3xx_HAL_Driver/Src/stm32f3xx_hal_rcc.c.obj
                0x0000000008008020                HAL_RCC_ClockConfig
 .text.HAL_RCC_GetPCLK1Freq
                0x0000000008008178       0x30 platforms/recovid_revB/HAL/CMakeFiles/hal.dir/Drivers/STM32F3xx_HAL_Driver/Src/stm32f3xx_hal_rcc.c.obj
                0x0000000008008178                HAL_RCC_GetPCLK1Freq
 .text.HAL_RCC_GetPCLK2Freq
                0x00000000080081a8       0x30 platforms/recovid_revB/HAL/CMakeFiles/hal.dir/Drivers/STM32F3xx_HAL_Driver/Src/stm32f3xx_hal_rcc.c.obj
                0x00000000080081a8                HAL_RCC_GetPCLK2Freq
 .text.HAL_RCC_GetClockConfig
                0x00000000080081d8       0x3c platforms/recovid_revB/HAL/CMakeFiles/hal.dir/Drivers/STM32F3xx_HAL_Driver/Src/stm32f3xx_hal_rcc.c.obj
                0x00000000080081d8                HAL_RCC_GetClockConfig
 .text.TIMEx_DMACommutationCplt
                0x0000000008008214        0xe platforms/recovid_revB/HAL/CMakeFiles/hal.dir/Drivers/STM32F3xx_HAL_Driver/Src/stm32f3xx_hal_tim_ex.c.obj
                0x0000000008008214                TIMEx_DMACommutationCplt
 .text.TIMEx_DMACommutationHalfCplt
                0x0000000008008222        0xe platforms/recovid_revB/HAL/CMakeFiles/hal.dir/Drivers/STM32F3xx_HAL_Driver/Src/stm32f3xx_hal_tim_ex.c.obj
                0x0000000008008222                TIMEx_DMACommutationHalfCplt
 .text.HAL_TIMEx_MasterConfigSynchronization
                0x0000000008008230       0x98 platforms/recovid_revB/HAL/CMakeFiles/hal.dir/Drivers/STM32F3xx_HAL_Driver/Src/stm32f3xx_hal_tim_ex.c.obj
                0x0000000008008230                HAL_TIMEx_MasterConfigSynchronization
 .text.HAL_TIMEx_CommutCallback
                0x00000000080082c8        0x2 platforms/recovid_revB/HAL/CMakeFiles/hal.dir/Drivers/STM32F3xx_HAL_Driver/Src/stm32f3xx_hal_tim_ex.c.obj
                0x00000000080082c8                HAL_TIMEx_CommutCallback
 .text.HAL_TIMEx_CommutHalfCpltCallback
                0x00000000080082ca        0x2 platforms/recovid_revB/HAL/CMakeFiles/hal.dir/Drivers/STM32F3xx_HAL_Driver/Src/stm32f3xx_hal_tim_ex.c.obj
                0x00000000080082ca                HAL_TIMEx_CommutHalfCpltCallback
 .text.HAL_TIMEx_BreakCallback
                0x00000000080082cc        0x2 platforms/recovid_revB/HAL/CMakeFiles/hal.dir/Drivers/STM32F3xx_HAL_Driver/Src/stm32f3xx_hal_tim_ex.c.obj
                0x00000000080082cc                HAL_TIMEx_BreakCallback
 .text.HAL_TIMEx_Break2Callback
                0x00000000080082ce        0x2 platforms/recovid_revB/HAL/CMakeFiles/hal.dir/Drivers/STM32F3xx_HAL_Driver/Src/stm32f3xx_hal_tim_ex.c.obj
                0x00000000080082ce                HAL_TIMEx_Break2Callback
 .text.TIM_DMAError
                0x00000000080082d0        0xe platforms/recovid_revB/HAL/CMakeFiles/hal.dir/Drivers/STM32F3xx_HAL_Driver/Src/stm32f3xx_hal_tim.c.obj
                0x00000000080082d0                TIM_DMAError
 .text.TIM_DMADelayPulseCplt
                0x00000000080082de       0x3e platforms/recovid_revB/HAL/CMakeFiles/hal.dir/Drivers/STM32F3xx_HAL_Driver/Src/stm32f3xx_hal_tim.c.obj
                0x00000000080082de                TIM_DMADelayPulseCplt
 .text.TIM_DMADelayPulseHalfCplt
                0x000000000800831c       0x3e platforms/recovid_revB/HAL/CMakeFiles/hal.dir/Drivers/STM32F3xx_HAL_Driver/Src/stm32f3xx_hal_tim.c.obj
                0x000000000800831c                TIM_DMADelayPulseHalfCplt
 .text.TIM_DMAPeriodElapsedCplt
                0x000000000800835a        0xc platforms/recovid_revB/HAL/CMakeFiles/hal.dir/Drivers/STM32F3xx_HAL_Driver/Src/stm32f3xx_hal_tim.c.obj
 .text.TIM_DMAPeriodElapsedHalfCplt
                0x0000000008008366        0xc platforms/recovid_revB/HAL/CMakeFiles/hal.dir/Drivers/STM32F3xx_HAL_Driver/Src/stm32f3xx_hal_tim.c.obj
 .text.TIM_DMATriggerCplt
                0x0000000008008372        0xe platforms/recovid_revB/HAL/CMakeFiles/hal.dir/Drivers/STM32F3xx_HAL_Driver/Src/stm32f3xx_hal_tim.c.obj
 .text.TIM_DMATriggerHalfCplt
                0x0000000008008380        0xe platforms/recovid_revB/HAL/CMakeFiles/hal.dir/Drivers/STM32F3xx_HAL_Driver/Src/stm32f3xx_hal_tim.c.obj
 *fill*         0x000000000800838e        0x2 
 .text.TIM_OC1_SetConfig
                0x0000000008008390       0xa8 platforms/recovid_revB/HAL/CMakeFiles/hal.dir/Drivers/STM32F3xx_HAL_Driver/Src/stm32f3xx_hal_tim.c.obj
 .text.TIM_OC3_SetConfig
                0x0000000008008438       0x98 platforms/recovid_revB/HAL/CMakeFiles/hal.dir/Drivers/STM32F3xx_HAL_Driver/Src/stm32f3xx_hal_tim.c.obj
 .text.TIM_OC4_SetConfig
                0x00000000080084d0       0x70 platforms/recovid_revB/HAL/CMakeFiles/hal.dir/Drivers/STM32F3xx_HAL_Driver/Src/stm32f3xx_hal_tim.c.obj
 .text.TIM_OC5_SetConfig
                0x0000000008008540       0x70 platforms/recovid_revB/HAL/CMakeFiles/hal.dir/Drivers/STM32F3xx_HAL_Driver/Src/stm32f3xx_hal_tim.c.obj
 .text.TIM_OC6_SetConfig
                0x00000000080085b0       0x70 platforms/recovid_revB/HAL/CMakeFiles/hal.dir/Drivers/STM32F3xx_HAL_Driver/Src/stm32f3xx_hal_tim.c.obj
 .text.HAL_TIM_PWM_MspInit
                0x0000000008008620        0x2 platforms/recovid_revB/HAL/CMakeFiles/hal.dir/Drivers/STM32F3xx_HAL_Driver/Src/stm32f3xx_hal_tim.c.obj
                0x0000000008008620                HAL_TIM_PWM_MspInit
 .text.HAL_TIM_PeriodElapsedCallback
                0x0000000008008622        0x2 platforms/recovid_revB/HAL/CMakeFiles/hal.dir/Drivers/STM32F3xx_HAL_Driver/Src/stm32f3xx_hal_tim.c.obj
                0x0000000008008622                HAL_TIM_PeriodElapsedCallback
 .text.HAL_TIM_PeriodElapsedHalfCpltCallback
                0x0000000008008624        0x2 platforms/recovid_revB/HAL/CMakeFiles/hal.dir/Drivers/STM32F3xx_HAL_Driver/Src/stm32f3xx_hal_tim.c.obj
                0x0000000008008624                HAL_TIM_PeriodElapsedHalfCpltCallback
 .text.HAL_TIM_OC_DelayElapsedCallback
                0x0000000008008626        0x2 platforms/recovid_revB/HAL/CMakeFiles/hal.dir/Drivers/STM32F3xx_HAL_Driver/Src/stm32f3xx_hal_tim.c.obj
                0x0000000008008626                HAL_TIM_OC_DelayElapsedCallback
 .text.HAL_TIM_IC_CaptureCallback
                0x0000000008008628        0x2 platforms/recovid_revB/HAL/CMakeFiles/hal.dir/Drivers/STM32F3xx_HAL_Driver/Src/stm32f3xx_hal_tim.c.obj
                0x0000000008008628                HAL_TIM_IC_CaptureCallback
 .text.HAL_TIM_IC_CaptureHalfCpltCallback
                0x000000000800862a        0x2 platforms/recovid_revB/HAL/CMakeFiles/hal.dir/Drivers/STM32F3xx_HAL_Driver/Src/stm32f3xx_hal_tim.c.obj
                0x000000000800862a                HAL_TIM_IC_CaptureHalfCpltCallback
 .text.HAL_TIM_PWM_PulseFinishedCallback
                0x000000000800862c        0x2 platforms/recovid_revB/HAL/CMakeFiles/hal.dir/Drivers/STM32F3xx_HAL_Driver/Src/stm32f3xx_hal_tim.c.obj
                0x000000000800862c                HAL_TIM_PWM_PulseFinishedCallback
 .text.HAL_TIM_PWM_PulseFinishedHalfCpltCallback
                0x000000000800862e        0x2 platforms/recovid_revB/HAL/CMakeFiles/hal.dir/Drivers/STM32F3xx_HAL_Driver/Src/stm32f3xx_hal_tim.c.obj
                0x000000000800862e                HAL_TIM_PWM_PulseFinishedHalfCpltCallback
 .text.HAL_TIM_TriggerCallback
                0x0000000008008630        0x2 platforms/recovid_revB/HAL/CMakeFiles/hal.dir/Drivers/STM32F3xx_HAL_Driver/Src/stm32f3xx_hal_tim.c.obj
                0x0000000008008630                HAL_TIM_TriggerCallback
 .text.HAL_TIM_TriggerHalfCpltCallback
                0x0000000008008632        0x2 platforms/recovid_revB/HAL/CMakeFiles/hal.dir/Drivers/STM32F3xx_HAL_Driver/Src/stm32f3xx_hal_tim.c.obj
                0x0000000008008632                HAL_TIM_TriggerHalfCpltCallback
 .text.HAL_TIM_ErrorCallback
                0x0000000008008634        0x2 platforms/recovid_revB/HAL/CMakeFiles/hal.dir/Drivers/STM32F3xx_HAL_Driver/Src/stm32f3xx_hal_tim.c.obj
                0x0000000008008634                HAL_TIM_ErrorCallback
 *fill*         0x0000000008008636        0x2 
 .text.HAL_TIM_Base_Start
                0x0000000008008638       0x30 platforms/recovid_revB/HAL/CMakeFiles/hal.dir/Drivers/STM32F3xx_HAL_Driver/Src/stm32f3xx_hal_tim.c.obj
                0x0000000008008638                HAL_TIM_Base_Start
 .text.HAL_TIM_Base_Stop
                0x0000000008008668       0x2e platforms/recovid_revB/HAL/CMakeFiles/hal.dir/Drivers/STM32F3xx_HAL_Driver/Src/stm32f3xx_hal_tim.c.obj
                0x0000000008008668                HAL_TIM_Base_Stop
 *fill*         0x0000000008008696        0x2 
 .text.HAL_TIM_Base_Start_IT
                0x0000000008008698       0x2c platforms/recovid_revB/HAL/CMakeFiles/hal.dir/Drivers/STM32F3xx_HAL_Driver/Src/stm32f3xx_hal_tim.c.obj
                0x0000000008008698                HAL_TIM_Base_Start_IT
 .text.HAL_TIM_IRQHandler
                0x00000000080086c4      0x178 platforms/recovid_revB/HAL/CMakeFiles/hal.dir/Drivers/STM32F3xx_HAL_Driver/Src/stm32f3xx_hal_tim.c.obj
                0x00000000080086c4                HAL_TIM_IRQHandler
 .text.HAL_TIM_DMABurst_MultiWriteStart
                0x000000000800883c       0xd8 platforms/recovid_revB/HAL/CMakeFiles/hal.dir/Drivers/STM32F3xx_HAL_Driver/Src/stm32f3xx_hal_tim.c.obj
                0x000000000800883c                HAL_TIM_DMABurst_MultiWriteStart
 .text.HAL_TIM_DMABurst_WriteStop
                0x0000000008008914       0x60 platforms/recovid_revB/HAL/CMakeFiles/hal.dir/Drivers/STM32F3xx_HAL_Driver/Src/stm32f3xx_hal_tim.c.obj
                0x0000000008008914                HAL_TIM_DMABurst_WriteStop
 .text.HAL_TIM_RegisterCallback
                0x0000000008008974       0xfa platforms/recovid_revB/HAL/CMakeFiles/hal.dir/Drivers/STM32F3xx_HAL_Driver/Src/stm32f3xx_hal_tim.c.obj
                0x0000000008008974                HAL_TIM_RegisterCallback
 *fill*         0x0000000008008a6e        0x2 
 .text.TIM_Base_SetConfig
                0x0000000008008a70       0xd4 platforms/recovid_revB/HAL/CMakeFiles/hal.dir/Drivers/STM32F3xx_HAL_Driver/Src/stm32f3xx_hal_tim.c.obj
                0x0000000008008a70                TIM_Base_SetConfig
 .text.TIM_OC2_SetConfig
                0x0000000008008b44       0x9c platforms/recovid_revB/HAL/CMakeFiles/hal.dir/Drivers/STM32F3xx_HAL_Driver/Src/stm32f3xx_hal_tim.c.obj
                0x0000000008008b44                TIM_OC2_SetConfig
 .text.HAL_TIM_PWM_ConfigChannel
                0x0000000008008be0      0x10c platforms/recovid_revB/HAL/CMakeFiles/hal.dir/Drivers/STM32F3xx_HAL_Driver/Src/stm32f3xx_hal_tim.c.obj
                0x0000000008008be0                HAL_TIM_PWM_ConfigChannel
 .text.TIM_ETR_SetConfig
                0x0000000008008cec       0x14 platforms/recovid_revB/HAL/CMakeFiles/hal.dir/Drivers/STM32F3xx_HAL_Driver/Src/stm32f3xx_hal_tim.c.obj
                0x0000000008008cec                TIM_ETR_SetConfig
 .text.HAL_TIM_ConfigClockSource
                0x0000000008008d00      0x128 platforms/recovid_revB/HAL/CMakeFiles/hal.dir/Drivers/STM32F3xx_HAL_Driver/Src/stm32f3xx_hal_tim.c.obj
                0x0000000008008d00                HAL_TIM_ConfigClockSource
 .text.TIM_CCxChannelCmd
                0x0000000008008e28       0x1c platforms/recovid_revB/HAL/CMakeFiles/hal.dir/Drivers/STM32F3xx_HAL_Driver/Src/stm32f3xx_hal_tim.c.obj
                0x0000000008008e28                TIM_CCxChannelCmd
 .text.HAL_TIM_OC_Start
                0x0000000008008e44       0x68 platforms/recovid_revB/HAL/CMakeFiles/hal.dir/Drivers/STM32F3xx_HAL_Driver/Src/stm32f3xx_hal_tim.c.obj
                0x0000000008008e44                HAL_TIM_OC_Start
 .text.HAL_TIM_PWM_Start
                0x0000000008008eac        0x4 platforms/recovid_revB/HAL/CMakeFiles/hal.dir/Drivers/STM32F3xx_HAL_Driver/Src/stm32f3xx_hal_tim.c.obj
                0x0000000008008eac                HAL_TIM_PWM_Start
 .text.HAL_TIM_OC_Start_IT
                0x0000000008008eb0       0xa0 platforms/recovid_revB/HAL/CMakeFiles/hal.dir/Drivers/STM32F3xx_HAL_Driver/Src/stm32f3xx_hal_tim.c.obj
                0x0000000008008eb0                HAL_TIM_OC_Start_IT
 .text.HAL_TIM_PWM_Start_IT
                0x0000000008008f50        0x4 platforms/recovid_revB/HAL/CMakeFiles/hal.dir/Drivers/STM32F3xx_HAL_Driver/Src/stm32f3xx_hal_tim.c.obj
                0x0000000008008f50                HAL_TIM_PWM_Start_IT
 .text.HAL_TIM_OC_Stop_IT
                0x0000000008008f54       0xb4 platforms/recovid_revB/HAL/CMakeFiles/hal.dir/Drivers/STM32F3xx_HAL_Driver/Src/stm32f3xx_hal_tim.c.obj
                0x0000000008008f54                HAL_TIM_OC_Stop_IT
 .text.HAL_TIM_PWM_Stop_IT
                0x0000000008009008        0x4 platforms/recovid_revB/HAL/CMakeFiles/hal.dir/Drivers/STM32F3xx_HAL_Driver/Src/stm32f3xx_hal_tim.c.obj
                0x0000000008009008                HAL_TIM_PWM_Stop_IT
 .text.TIM_ResetCallback
                0x000000000800900c       0x8c platforms/recovid_revB/HAL/CMakeFiles/hal.dir/Drivers/STM32F3xx_HAL_Driver/Src/stm32f3xx_hal_tim.c.obj
                0x000000000800900c                TIM_ResetCallback
 .text.HAL_TIM_Base_Init
                0x0000000008009098       0x48 platforms/recovid_revB/HAL/CMakeFiles/hal.dir/Drivers/STM32F3xx_HAL_Driver/Src/stm32f3xx_hal_tim.c.obj
                0x0000000008009098                HAL_TIM_Base_Init
 .text.HAL_TIM_PWM_Init
                0x00000000080090e0       0x48 platforms/recovid_revB/HAL/CMakeFiles/hal.dir/Drivers/STM32F3xx_HAL_Driver/Src/stm32f3xx_hal_tim.c.obj
                0x00000000080090e0                HAL_TIM_PWM_Init
 .text.HAL_UARTEx_WakeupCallback
                0x0000000008009128        0x2 platforms/recovid_revB/HAL/CMakeFiles/hal.dir/Drivers/STM32F3xx_HAL_Driver/Src/stm32f3xx_hal_uart_ex.c.obj
                0x0000000008009128                HAL_UARTEx_WakeupCallback
 .text.UART_EndRxTransfer
                0x000000000800912a       0x1c platforms/recovid_revB/HAL/CMakeFiles/hal.dir/Drivers/STM32F3xx_HAL_Driver/Src/stm32f3xx_hal_uart.c.obj
 .text.UART_DMATransmitCplt
                0x0000000008009146       0x2a platforms/recovid_revB/HAL/CMakeFiles/hal.dir/Drivers/STM32F3xx_HAL_Driver/Src/stm32f3xx_hal_uart.c.obj
 .text.UART_DMATxHalfCplt
                0x0000000008009170        0x8 platforms/recovid_revB/HAL/CMakeFiles/hal.dir/Drivers/STM32F3xx_HAL_Driver/Src/stm32f3xx_hal_uart.c.obj
 .text.UART_DMAReceiveCplt
                0x0000000008009178       0x34 platforms/recovid_revB/HAL/CMakeFiles/hal.dir/Drivers/STM32F3xx_HAL_Driver/Src/stm32f3xx_hal_uart.c.obj
 .text.UART_DMARxHalfCplt
                0x00000000080091ac        0x8 platforms/recovid_revB/HAL/CMakeFiles/hal.dir/Drivers/STM32F3xx_HAL_Driver/Src/stm32f3xx_hal_uart.c.obj
 .text.UART_DMAAbortOnError
                0x00000000080091b4       0x12 platforms/recovid_revB/HAL/CMakeFiles/hal.dir/Drivers/STM32F3xx_HAL_Driver/Src/stm32f3xx_hal_uart.c.obj